2026-03-09 14:35:23,869 - INFO - [daylyops.py:18] - 🚀 启动任务 1: 同步当日市场全貌...
2026-03-09 14:35:23,908 - INFO - [cloudakpd.py:36] - ============================================================
2026-03-09 14:35:23,908 - INFO - [cloudakpd.py:37] - 📊 [DataCenter] 数据内核启动审计...
2026-03-09 14:35:23,909 - INFO - [cloudakpd.py:38] -    ▫️ 存储模式 : ☁️  云端 (PostgreSQL)
2026-03-09 14:35:23,909 - INFO - [cloudakpd.py:39] -    ▫️ 连接节点 : ep-noisy-dust-a1zv7w56-pooler.ap-southeast-1.aws.neon.tech/neondb
2026-03-09 14:35:27,596 - INFO - [cloudakpd.py:85] - 📂 字段审计完成，当前支持: amount, latest_price, updated_at, volume, high, open, name, low, is_closed, trade_date, symbol, turnover_rate
2026-03-09 14:35:27,615 - INFO - [cloudakpd.py:42] - ============================================================
2026-03-09 14:35:28,557 - INFO - [cloudakpd.py:136] - ⏳ 数据保鲜期内 (上次同步: 14:27)，跳过同步。
2026-03-09 14:35:30,765 - INFO - [cloudakpd.py:204] - ---------------------------------------------
2026-03-09 14:35:30,765 - INFO - [cloudakpd.py:205] - 🔍 [审计] 读取成功: 2026-03-09
2026-03-09 14:35:30,766 - INFO - [cloudakpd.py:206] -    ▫️ 标的总数 : 5488 条
2026-03-09 14:35:30,766 - INFO - [cloudakpd.py:207] -    ▫️ 资金状态 : 盘中实时
2026-03-09 14:35:30,767 - INFO - [cloudakpd.py:208] -    ▫️ 存入时间 : 2026-03-09 14:27:24.990293
2026-03-09 14:35:30,771 - INFO - [cloudakpd.py:210] - 
symbol name  open  latest_price  high   low    volume      amount trade_date
920000 安徽凤凰 17.87         17.68 18.05 17.32  573289.0  10071377.0 2026-03-09
920001 纬达光电 18.38         19.62 19.99 18.31 6951678.0 132862568.0 2026-03-09
920002 万达轴承 91.66         90.55 91.66 89.55  581957.0  52641375.0 2026-03-09
2026-03-09 14:35:30,771 - INFO - [cloudakpd.py:211] - ---------------------------------------------
2026-03-09 14:37:03,927 - INFO - [daylyops.py:18] - 🚀 启动任务 1: 同步当日市场全貌...
2026-03-09 14:37:03,961 - INFO - [cloudakpd.py:36] - ============================================================
2026-03-09 14:37:03,961 - INFO - [cloudakpd.py:37] - 📊 [DataCenter] 数据内核启动审计...
2026-03-09 14:37:03,962 - INFO - [cloudakpd.py:38] -    ▫️ 存储模式 : ☁️  云端 (PostgreSQL)
2026-03-09 14:37:03,962 - INFO - [cloudakpd.py:39] -    ▫️ 连接节点 : ep-noisy-dust-a1zv7w56-pooler.ap-southeast-1.aws.neon.tech/neondb
2026-03-09 14:37:06,781 - INFO - [cloudakpd.py:85] - 📂 字段审计完成，当前支持: trade_date, name, volume, symbol, is_closed, open, updated_at, amount, latest_price, turnover_rate, low, high
2026-03-09 14:37:06,782 - INFO - [cloudakpd.py:42] - ============================================================
2026-03-09 14:37:07,670 - INFO - [cloudakpd.py:136] - ⏳ 数据保鲜期内 (上次同步: 14:27)，跳过同步。
2026-03-09 14:37:10,981 - INFO - [cloudakpd.py:204] - ---------------------------------------------
2026-03-09 14:37:10,981 - INFO - [cloudakpd.py:205] - 🔍 [审计] 读取成功: 2026-03-09
2026-03-09 14:37:10,982 - INFO - [cloudakpd.py:206] -    ▫️ 标的总数 : 5488 条
2026-03-09 14:37:10,982 - INFO - [cloudakpd.py:207] -    ▫️ 资金状态 : 盘中实时
2026-03-09 14:37:10,982 - INFO - [cloudakpd.py:208] -    ▫️ 存入时间 : 2026-03-09 14:27:24.990293
2026-03-09 14:37:10,986 - INFO - [cloudakpd.py:210] - 
symbol name  open  latest_price  high   low    volume      amount trade_date
920000 安徽凤凰 17.87         17.68 18.05 17.32  573289.0  10071377.0 2026-03-09
920001 纬达光电 18.38         19.62 19.99 18.31 6951678.0 132862568.0 2026-03-09
920002 万达轴承 91.66         90.55 91.66 89.55  581957.0  52641375.0 2026-03-09
2026-03-09 14:37:10,986 - INFO - [cloudakpd.py:211] - ---------------------------------------------
2026-03-09 14:37:11,079 - INFO - [daylyops.py:45] - ✅ 全市场快照已存盘: D:\git\LongTrading\utils\data\ops_test\market_snapshot.json
2026-03-09 14:43:42,921 - INFO - [daylyops.py:18] - 🚀 启动任务 1: 同步当日市场全貌...
2026-03-09 14:43:42,962 - INFO - [cloudakpd.py:36] - ============================================================
2026-03-09 14:43:42,962 - INFO - [cloudakpd.py:37] - 📊 [DataCenter] 数据内核启动审计...
2026-03-09 14:43:42,962 - INFO - [cloudakpd.py:38] -    ▫️ 存储模式 : ☁️  云端 (PostgreSQL)
2026-03-09 14:43:42,963 - INFO - [cloudakpd.py:39] -    ▫️ 连接节点 : ep-noisy-dust-a1zv7w56-pooler.ap-southeast-1.aws.neon.tech/neondb
2026-03-09 14:43:46,326 - INFO - [cloudakpd.py:85] - 📂 字段审计完成，当前支持: trade_date, turnover_rate, updated_at, symbol, amount, is_closed, volume, latest_price, high, low, open, name
2026-03-09 14:43:46,327 - INFO - [cloudakpd.py:42] - ============================================================
2026-03-09 14:43:47,326 - INFO - [cloudakpd.py:136] - ⏳ 数据保鲜期内 (上次同步: 14:27)，跳过同步。
2026-03-09 14:43:50,307 - INFO - [cloudakpd.py:204] - ---------------------------------------------
2026-03-09 14:43:50,308 - INFO - [cloudakpd.py:205] - 🔍 [审计] 读取成功: 2026-03-09
2026-03-09 14:43:50,308 - INFO - [cloudakpd.py:206] -    ▫️ 标的总数 : 5488 条
2026-03-09 14:43:50,308 - INFO - [cloudakpd.py:207] -    ▫️ 资金状态 : 盘中实时
2026-03-09 14:43:50,309 - INFO - [cloudakpd.py:208] -    ▫️ 存入时间 : 2026-03-09 14:27:24.990293
2026-03-09 14:43:50,314 - INFO - [cloudakpd.py:210] - 
symbol name  open  latest_price  high   low    volume      amount trade_date
920000 安徽凤凰 17.87         17.68 18.05 17.32  573289.0  10071377.0 2026-03-09
920001 纬达光电 18.38         19.62 19.99 18.31 6951678.0 132862568.0 2026-03-09
920002 万达轴承 91.66         90.55 91.66 89.55  581957.0  52641375.0 2026-03-09
2026-03-09 14:43:50,314 - INFO - [cloudakpd.py:211] - ---------------------------------------------
2026-03-09 14:43:50,419 - INFO - [daylyops.py:45] - ✅ 全市场快照已存盘: D:\git\LongTrading\utils\data\ops_test\market_snapshot.json
2026-03-09 14:43:50,422 - INFO - [daylyops.py:57] - 🚀 启动任务 2: 抓取核心标的 ['300502', '300308', '000988', '002261', '601899'] 的 500 日 K 线...
2026-03-09 14:43:51,645 - DEBUG - [akshare_pd.py:78] - 👉 数据列名检查: ['date', 'open', 'high', 'low', 'close', 'volume', 'amount', 'outstanding_share', 'turnover']
2026-03-09 14:43:51,649 - INFO - [daylyops.py:82] - 📊 [标的审计] 300502 最近 20 日走势预览:
2026-03-09 14:43:52,556 - DEBUG - [akshare_pd.py:78] - 👉 数据列名检查: ['date', 'open', 'high', 'low', 'close', 'volume', 'amount', 'outstanding_share', 'turnover']
2026-03-09 14:43:52,560 - INFO - [daylyops.py:82] - 📊 [标的审计] 300308 最近 20 日走势预览:
2026-03-09 14:43:53,591 - DEBUG - [akshare_pd.py:78] - 👉 数据列名检查: ['date', 'open', 'high', 'low', 'close', 'volume', 'amount', 'outstanding_share', 'turnover']
2026-03-09 14:43:54,531 - DEBUG - [akshare_pd.py:78] - 👉 数据列名检查: ['date', 'open', 'high', 'low', 'close', 'volume', 'amount', 'outstanding_share', 'turnover']
2026-03-09 14:43:55,465 - DEBUG - [akshare_pd.py:78] - 👉 数据列名检查: ['date', 'open', 'high', 'low', 'close', 'volume', 'amount', 'outstanding_share', 'turnover']
2026-03-09 14:45:23,311 - INFO - [daylyops.py:18] - 🚀 启动任务 1: 同步当日市场全貌...
2026-03-09 14:45:23,350 - INFO - [cloudakpd.py:36] - ============================================================
2026-03-09 14:45:23,350 - INFO - [cloudakpd.py:37] - 📊 [DataCenter] 数据内核启动审计...
2026-03-09 14:45:23,350 - INFO - [cloudakpd.py:38] -    ▫️ 存储模式 : ☁️  云端 (PostgreSQL)
2026-03-09 14:45:23,351 - INFO - [cloudakpd.py:39] -    ▫️ 连接节点 : ep-noisy-dust-a1zv7w56-pooler.ap-southeast-1.aws.neon.tech/neondb
2026-03-09 14:45:26,038 - INFO - [cloudakpd.py:85] - 📂 字段审计完成，当前支持: low, symbol, latest_price, high, is_closed, trade_date, updated_at, amount, open, volume, name, turnover_rate
2026-03-09 14:45:26,038 - INFO - [cloudakpd.py:42] - ============================================================
2026-03-09 14:45:26,744 - INFO - [cloudakpd.py:136] - ⏳ 数据保鲜期内 (上次同步: 14:27)，跳过同步。
2026-03-09 14:45:28,005 - INFO - [cloudakpd.py:204] - ---------------------------------------------
2026-03-09 14:45:28,007 - INFO - [cloudakpd.py:205] - 🔍 [审计] 读取成功: 2026-03-09
2026-03-09 14:45:28,007 - INFO - [cloudakpd.py:206] -    ▫️ 标的总数 : 5488 条
2026-03-09 14:45:28,007 - INFO - [cloudakpd.py:207] -    ▫️ 资金状态 : 盘中实时
2026-03-09 14:45:28,007 - INFO - [cloudakpd.py:208] -    ▫️ 存入时间 : 2026-03-09 14:27:24.990293
2026-03-09 14:45:28,011 - INFO - [cloudakpd.py:210] - 
symbol name  open  latest_price  high   low    volume      amount trade_date
920000 安徽凤凰 17.87         17.68 18.05 17.32  573289.0  10071377.0 2026-03-09
920001 纬达光电 18.38         19.62 19.99 18.31 6951678.0 132862568.0 2026-03-09
920002 万达轴承 91.66         90.55 91.66 89.55  581957.0  52641375.0 2026-03-09
2026-03-09 14:45:28,012 - INFO - [cloudakpd.py:211] - ---------------------------------------------
2026-03-09 14:45:28,104 - INFO - [daylyops.py:45] - ✅ 全市场快照已存盘: D:\git\LongTrading\utils\data\ops_test\market_snapshot.json
2026-03-09 14:45:28,107 - INFO - [daylyops.py:57] - 🚀 启动任务 2: 抓取核心标的 ['300502', '300308', '000988', '002261', '601899'] 的 500 日 K 线...
2026-03-09 14:45:29,007 - DEBUG - [akshare_pd.py:78] - 👉 数据列名检查: ['date', 'open', 'high', 'low', 'close', 'volume', 'amount', 'outstanding_share', 'turnover']
2026-03-09 14:45:29,010 - INFO - [daylyops.py:82] - 📊 [标的审计] 300502 最近 20 日走势预览:
2026-03-09 14:45:29,958 - DEBUG - [akshare_pd.py:78] - 👉 数据列名检查: ['date', 'open', 'high', 'low', 'close', 'volume', 'amount', 'outstanding_share', 'turnover']
2026-03-09 14:45:29,961 - INFO - [daylyops.py:82] - 📊 [标的审计] 300308 最近 20 日走势预览:
2026-03-09 14:45:31,093 - DEBUG - [akshare_pd.py:78] - 👉 数据列名检查: ['date', 'open', 'high', 'low', 'close', 'volume', 'amount', 'outstanding_share', 'turnover']
2026-03-09 14:45:32,161 - DEBUG - [akshare_pd.py:78] - 👉 数据列名检查: ['date', 'open', 'high', 'low', 'close', 'volume', 'amount', 'outstanding_share', 'turnover']
2026-03-09 14:45:33,586 - DEBUG - [akshare_pd.py:78] - 👉 数据列名检查: ['date', 'open', 'high', 'low', 'close', 'volume', 'amount', 'outstanding_share', 'turnover']
2026-03-09 14:47:29,229 - INFO - [daylyops.py:18] - 🚀 启动任务 1: 同步当日市场全貌...
2026-03-09 14:47:29,270 - INFO - [cloudakpd.py:36] - ============================================================
2026-03-09 14:47:29,270 - INFO - [cloudakpd.py:37] - 📊 [DataCenter] 数据内核启动审计...
2026-03-09 14:47:29,270 - INFO - [cloudakpd.py:38] -    ▫️ 存储模式 : ☁️  云端 (PostgreSQL)
2026-03-09 14:47:29,270 - INFO - [cloudakpd.py:39] -    ▫️ 连接节点 : ep-noisy-dust-a1zv7w56-pooler.ap-southeast-1.aws.neon.tech/neondb
2026-03-09 14:47:32,257 - INFO - [cloudakpd.py:85] - 📂 字段审计完成，当前支持: is_closed, name, volume, high, low, symbol, latest_price, updated_at, turnover_rate, amount, open, trade_date
2026-03-09 14:47:32,257 - INFO - [cloudakpd.py:42] - ============================================================
2026-03-09 14:47:32,946 - INFO - [cloudakpd.py:136] - ⏳ 数据保鲜期内 (上次同步: 14:27)，跳过同步。
2026-03-09 14:47:34,366 - INFO - [cloudakpd.py:204] - ---------------------------------------------
2026-03-09 14:47:34,367 - INFO - [cloudakpd.py:205] - 🔍 [审计] 读取成功: 2026-03-09
2026-03-09 14:47:34,367 - INFO - [cloudakpd.py:206] -    ▫️ 标的总数 : 5488 条
2026-03-09 14:47:34,367 - INFO - [cloudakpd.py:207] -    ▫️ 资金状态 : 盘中实时
2026-03-09 14:47:34,368 - INFO - [cloudakpd.py:208] -    ▫️ 存入时间 : 2026-03-09 14:27:24.990293
2026-03-09 14:47:34,372 - INFO - [cloudakpd.py:210] - 
symbol name  open  latest_price  high   low    volume      amount trade_date
920000 安徽凤凰 17.87         17.68 18.05 17.32  573289.0  10071377.0 2026-03-09
920001 纬达光电 18.38         19.62 19.99 18.31 6951678.0 132862568.0 2026-03-09
920002 万达轴承 91.66         90.55 91.66 89.55  581957.0  52641375.0 2026-03-09
2026-03-09 14:47:34,372 - INFO - [cloudakpd.py:211] - ---------------------------------------------
2026-03-09 14:47:34,465 - INFO - [daylyops.py:45] - ✅ 全市场快照已存盘: D:\git\LongTrading\utils\data\ops_test\market_snapshot.json
2026-03-09 14:47:34,468 - INFO - [daylyops.py:57] - 🚀 启动任务 2: 抓取核心标的 ['300502', '300308', '000988', '002261', '601899'] 的 500 日 K 线...
2026-03-09 14:47:35,408 - DEBUG - [akshare_pd.py:78] - 👉 数据列名检查: ['date', 'open', 'high', 'low', 'close', 'volume', 'amount', 'outstanding_share', 'turnover']
2026-03-09 14:47:35,410 - INFO - [daylyops.py:82] - 📊 [标的审计] 300502 最近 20 日走势预览:
2026-03-09 14:47:36,278 - DEBUG - [akshare_pd.py:78] - 👉 数据列名检查: ['date', 'open', 'high', 'low', 'close', 'volume', 'amount', 'outstanding_share', 'turnover']
2026-03-09 14:47:36,282 - INFO - [daylyops.py:82] - 📊 [标的审计] 300308 最近 20 日走势预览:
2026-03-09 14:47:37,273 - DEBUG - [akshare_pd.py:78] - 👉 数据列名检查: ['date', 'open', 'high', 'low', 'close', 'volume', 'amount', 'outstanding_share', 'turnover']
2026-03-09 14:47:38,222 - DEBUG - [akshare_pd.py:78] - 👉 数据列名检查: ['date', 'open', 'high', 'low', 'close', 'volume', 'amount', 'outstanding_share', 'turnover']
2026-03-09 14:47:39,386 - DEBUG - [akshare_pd.py:78] - 👉 数据列名检查: ['date', 'open', 'high', 'low', 'close', 'volume', 'amount', 'outstanding_share', 'turnover']
2026-03-09 14:58:20,526 - INFO - [daylyops.py:18] - 🚀 启动任务 1: 同步当日市场全貌...
2026-03-09 14:58:20,567 - INFO - [cloudakpd.py:36] - ============================================================
2026-03-09 14:58:20,568 - INFO - [cloudakpd.py:37] - 📊 [DataCenter] 数据内核启动审计...
2026-03-09 14:58:20,568 - INFO - [cloudakpd.py:38] -    ▫️ 存储模式 : ☁️  云端 (PostgreSQL)
2026-03-09 14:58:20,568 - INFO - [cloudakpd.py:39] -    ▫️ 连接节点 : ep-noisy-dust-a1zv7w56-pooler.ap-southeast-1.aws.neon.tech/neondb
2026-03-09 14:58:23,142 - INFO - [cloudakpd.py:85] - 📂 字段审计完成，当前支持: symbol, amount, is_closed, high, latest_price, updated_at, trade_date, name, low, turnover_rate, volume, open
2026-03-09 14:58:23,142 - INFO - [cloudakpd.py:42] - ============================================================
2026-03-09 14:58:23,850 - INFO - [cloudakpd.py:136] - ⏳ 数据保鲜期内 (上次同步: 14:27)，跳过同步。
2026-03-09 14:58:25,585 - INFO - [cloudakpd.py:204] - ---------------------------------------------
2026-03-09 14:58:25,587 - INFO - [cloudakpd.py:205] - 🔍 [审计] 读取成功: 2026-03-09
2026-03-09 14:58:25,587 - INFO - [cloudakpd.py:206] -    ▫️ 标的总数 : 5488 条
2026-03-09 14:58:25,587 - INFO - [cloudakpd.py:207] -    ▫️ 资金状态 : 盘中实时
2026-03-09 14:58:25,588 - INFO - [cloudakpd.py:208] -    ▫️ 存入时间 : 2026-03-09 14:27:24.990293
2026-03-09 14:58:25,592 - INFO - [cloudakpd.py:210] - 
symbol name  open  latest_price  high   low    volume      amount trade_date
920000 安徽凤凰 17.87         17.68 18.05 17.32  573289.0  10071377.0 2026-03-09
920001 纬达光电 18.38         19.62 19.99 18.31 6951678.0 132862568.0 2026-03-09
920002 万达轴承 91.66         90.55 91.66 89.55  581957.0  52641375.0 2026-03-09
2026-03-09 14:58:25,593 - INFO - [cloudakpd.py:211] - ---------------------------------------------
2026-03-09 14:58:25,692 - INFO - [daylyops.py:45] - ✅ 全市场快照已存盘: D:\git\LongTrading\utils\data\ops_test\market_snapshot.json
2026-03-09 14:58:25,696 - INFO - [daylyops.py:57] - 🚀 启动任务 2: 抓取核心标的 ['300502', '300308', '000988', '002261', '601899'] 的 500 日 K 线...
2026-03-09 14:58:26,749 - DEBUG - [akshare_pd.py:78] - 👉 数据列名检查: ['date', 'open', 'high', 'low', 'close', 'volume', 'amount', 'outstanding_share', 'turnover']
2026-03-09 14:58:26,752 - INFO - [daylyops.py:83] - 📊 [审计] 300502 最近 20 日成交细节:
2026-03-09 14:58:27,576 - DEBUG - [akshare_pd.py:78] - 👉 数据列名检查: ['date', 'open', 'high', 'low', 'close', 'volume', 'amount', 'outstanding_share', 'turnover']
2026-03-09 14:58:27,578 - INFO - [daylyops.py:83] - 📊 [审计] 300308 最近 20 日成交细节:
2026-03-09 14:58:28,480 - DEBUG - [akshare_pd.py:78] - 👉 数据列名检查: ['date', 'open', 'high', 'low', 'close', 'volume', 'amount', 'outstanding_share', 'turnover']
2026-03-09 14:58:29,478 - DEBUG - [akshare_pd.py:78] - 👉 数据列名检查: ['date', 'open', 'high', 'low', 'close', 'volume', 'amount', 'outstanding_share', 'turnover']
2026-03-09 14:58:30,554 - DEBUG - [akshare_pd.py:78] - 👉 数据列名检查: ['date', 'open', 'high', 'low', 'close', 'volume', 'amount', 'outstanding_share', 'turnover']
2026-03-09 14:58:30,581 - INFO - [daylyops.py:92] - ✅ 任务 2 完成，K 线存盘成功: D:\git\LongTrading\utils\data\ops_test\top5_klines.json
2026-03-09 15:00:43,001 - INFO - [daylyops.py:18] - 🚀 启动任务 1: 同步当日市场全貌...
2026-03-09 15:00:43,035 - INFO - [cloudakpd.py:36] - ============================================================
2026-03-09 15:00:43,035 - INFO - [cloudakpd.py:37] - 📊 [DataCenter] 数据内核启动审计...
2026-03-09 15:00:43,036 - INFO - [cloudakpd.py:38] -    ▫️ 存储模式 : ☁️  云端 (PostgreSQL)
2026-03-09 15:00:43,036 - INFO - [cloudakpd.py:39] -    ▫️ 连接节点 : ep-noisy-dust-a1zv7w56-pooler.ap-southeast-1.aws.neon.tech/neondb
2026-03-09 15:00:46,150 - INFO - [cloudakpd.py:85] - 📂 字段审计完成，当前支持: amount, low, symbol, name, is_closed, latest_price, volume, updated_at, trade_date, turnover_rate, high, open
2026-03-09 15:00:46,150 - INFO - [cloudakpd.py:42] - ============================================================
2026-03-09 15:00:47,410 - INFO - [cloudakpd.py:136] - ⏳ 数据保鲜期内 (上次同步: 14:27)，跳过同步。
2026-03-09 15:00:48,865 - INFO - [cloudakpd.py:204] - ---------------------------------------------
2026-03-09 15:00:48,865 - INFO - [cloudakpd.py:205] - 🔍 [审计] 读取成功: 2026-03-09
2026-03-09 15:00:48,865 - INFO - [cloudakpd.py:206] -    ▫️ 标的总数 : 5488 条
2026-03-09 15:00:48,865 - INFO - [cloudakpd.py:207] -    ▫️ 资金状态 : 盘中实时
2026-03-09 15:00:48,865 - INFO - [cloudakpd.py:208] -    ▫️ 存入时间 : 2026-03-09 14:27:24.990293
2026-03-09 15:00:48,870 - INFO - [cloudakpd.py:210] - 
symbol name  open  latest_price  high   low    volume      amount trade_date
920000 安徽凤凰 17.87         17.68 18.05 17.32  573289.0  10071377.0 2026-03-09
920001 纬达光电 18.38         19.62 19.99 18.31 6951678.0 132862568.0 2026-03-09
920002 万达轴承 91.66         90.55 91.66 89.55  581957.0  52641375.0 2026-03-09
2026-03-09 15:00:48,870 - INFO - [cloudakpd.py:211] - ---------------------------------------------
2026-03-09 15:00:48,992 - INFO - [daylyops.py:45] - ✅ 全市场快照已存盘: D:\git\LongTrading\utils\data\ops_test\market_snapshot.json
2026-03-09 15:00:48,995 - INFO - [daylyops.py:57] - 🚀 启动任务 2: 抓取核心标的 ['300502', '300308', '000988', '002261', '601899'] 的 500 日 K 线...
2026-03-09 15:00:49,985 - DEBUG - [akshare_pd.py:78] - 👉 数据列名检查: ['date', 'open', 'high', 'low', 'close', 'volume', 'amount', 'outstanding_share', 'turnover']
2026-03-09 15:00:49,988 - INFO - [daylyops.py:83] - 📊 [审计] 300502 最近 20 日成交细节:
2026-03-09 15:00:51,008 - DEBUG - [akshare_pd.py:78] - 👉 数据列名检查: ['date', 'open', 'high', 'low', 'close', 'volume', 'amount', 'outstanding_share', 'turnover']
2026-03-09 15:00:51,011 - INFO - [daylyops.py:83] - 📊 [审计] 300308 最近 20 日成交细节:
2026-03-09 15:00:52,156 - DEBUG - [akshare_pd.py:78] - 👉 数据列名检查: ['date', 'open', 'high', 'low', 'close', 'volume', 'amount', 'outstanding_share', 'turnover']
2026-03-09 15:00:53,075 - DEBUG - [akshare_pd.py:78] - 👉 数据列名检查: ['date', 'open', 'high', 'low', 'close', 'volume', 'amount', 'outstanding_share', 'turnover']
2026-03-09 15:00:54,508 - DEBUG - [akshare_pd.py:78] - 👉 数据列名检查: ['date', 'open', 'high', 'low', 'close', 'volume', 'amount', 'outstanding_share', 'turnover']
2026-03-09 15:00:54,545 - INFO - [daylyops.py:92] - ✅ 任务 2 完成，K 线存盘成功: D:\git\LongTrading\utils\data\ops_test\top5_klines.json
2026-03-09 15:04:16,127 - INFO - [daylyops.py:18] - 🚀 启动任务 1: 同步当日市场全貌...
2026-03-09 15:04:16,165 - INFO - [cloudakpd.py:36] - ============================================================
2026-03-09 15:04:16,166 - INFO - [cloudakpd.py:37] - 📊 [DataCenter] 数据内核启动审计...
2026-03-09 15:04:16,166 - INFO - [cloudakpd.py:38] -    ▫️ 存储模式 : ☁️  云端 (PostgreSQL)
2026-03-09 15:04:16,166 - INFO - [cloudakpd.py:39] -    ▫️ 连接节点 : ep-noisy-dust-a1zv7w56-pooler.ap-southeast-1.aws.neon.tech/neondb
2026-03-09 15:04:19,585 - INFO - [cloudakpd.py:85] - 📂 字段审计完成，当前支持: name, is_closed, high, updated_at, volume, amount, symbol, open, turnover_rate, trade_date, low, latest_price
2026-03-09 15:04:19,586 - INFO - [cloudakpd.py:42] - ============================================================
2026-03-09 15:04:20,255 - INFO - [cloudakpd.py:136] - ⏳ 数据保鲜期内 (上次同步: 14:27)，跳过同步。
2026-03-09 15:04:21,877 - INFO - [cloudakpd.py:204] - ---------------------------------------------
2026-03-09 15:04:21,877 - INFO - [cloudakpd.py:205] - 🔍 [审计] 读取成功: 2026-03-09
2026-03-09 15:04:21,877 - INFO - [cloudakpd.py:206] -    ▫️ 标的总数 : 5488 条
2026-03-09 15:04:21,877 - INFO - [cloudakpd.py:207] -    ▫️ 资金状态 : 盘中实时
2026-03-09 15:04:21,878 - INFO - [cloudakpd.py:208] -    ▫️ 存入时间 : 2026-03-09 14:27:24.990293
2026-03-09 15:04:21,881 - INFO - [cloudakpd.py:210] - 
symbol name  open  latest_price  high   low    volume      amount trade_date
920000 安徽凤凰 17.87         17.68 18.05 17.32  573289.0  10071377.0 2026-03-09
920001 纬达光电 18.38         19.62 19.99 18.31 6951678.0 132862568.0 2026-03-09
920002 万达轴承 91.66         90.55 91.66 89.55  581957.0  52641375.0 2026-03-09
2026-03-09 15:04:21,881 - INFO - [cloudakpd.py:211] - ---------------------------------------------
2026-03-09 15:04:21,996 - INFO - [daylyops.py:45] - ✅ 全市场快照已存盘: D:\git\LongTrading\utils\data\ops_test\market_snapshot.json
2026-03-09 15:04:21,999 - INFO - [daylyops.py:57] - 🚀 启动任务 2: 抓取核心标的 ['300502', '300308', '000988', '002261', '601899'] 的 500 日 K 线...
2026-03-09 15:04:22,891 - DEBUG - [akshare_pd.py:78] - 👉 数据列名检查: ['date', 'open', 'high', 'low', 'close', 'volume', 'amount', 'outstanding_share', 'turnover']
2026-03-09 15:04:22,896 - INFO - [daylyops.py:83] - 📊 [审计] 300502 最近 20 日成交细节:
2026-03-09 15:04:23,816 - DEBUG - [akshare_pd.py:78] - 👉 数据列名检查: ['date', 'open', 'high', 'low', 'close', 'volume', 'amount', 'outstanding_share', 'turnover']
2026-03-09 15:04:23,820 - INFO - [daylyops.py:83] - 📊 [审计] 300308 最近 20 日成交细节:
2026-03-09 15:04:25,010 - DEBUG - [akshare_pd.py:78] - 👉 数据列名检查: ['date', 'open', 'high', 'low', 'close', 'volume', 'amount', 'outstanding_share', 'turnover']
2026-03-09 15:04:26,040 - DEBUG - [akshare_pd.py:78] - 👉 数据列名检查: ['date', 'open', 'high', 'low', 'close', 'volume', 'amount', 'outstanding_share', 'turnover']
2026-03-09 15:04:27,079 - DEBUG - [akshare_pd.py:78] - 👉 数据列名检查: ['date', 'open', 'high', 'low', 'close', 'volume', 'amount', 'outstanding_share', 'turnover']
2026-03-09 15:04:27,114 - INFO - [daylyops.py:92] - ✅ 任务 2 完成，K 线存盘成功: D:\git\LongTrading\utils\data\ops_test\top5_klines.json
2026-03-09 15:05:30,694 - INFO - [daylyops.py:18] - 🚀 启动任务 1: 同步当日市场全貌...
2026-03-09 15:05:30,731 - INFO - [cloudakpd.py:36] - ============================================================
2026-03-09 15:05:30,731 - INFO - [cloudakpd.py:37] - 📊 [DataCenter] 数据内核启动审计...
2026-03-09 15:05:30,731 - INFO - [cloudakpd.py:38] -    ▫️ 存储模式 : ☁️  云端 (PostgreSQL)
2026-03-09 15:05:30,732 - INFO - [cloudakpd.py:39] -    ▫️ 连接节点 : ep-noisy-dust-a1zv7w56-pooler.ap-southeast-1.aws.neon.tech/neondb
2026-03-09 15:05:33,427 - INFO - [cloudakpd.py:85] - 📂 字段审计完成，当前支持: volume, low, updated_at, symbol, open, is_closed, turnover_rate, trade_date, name, high, latest_price, amount
2026-03-09 15:05:33,427 - INFO - [cloudakpd.py:42] - ============================================================
2026-03-09 15:05:34,478 - INFO - [cloudakpd.py:136] - ⏳ 数据保鲜期内 (上次同步: 14:27)，跳过同步。
2026-03-09 15:05:37,654 - INFO - [cloudakpd.py:204] - ---------------------------------------------
2026-03-09 15:05:37,654 - INFO - [cloudakpd.py:205] - 🔍 [审计] 读取成功: 2026-03-09
2026-03-09 15:05:37,655 - INFO - [cloudakpd.py:206] -    ▫️ 标的总数 : 5488 条
2026-03-09 15:05:37,655 - INFO - [cloudakpd.py:207] -    ▫️ 资金状态 : 盘中实时
2026-03-09 15:05:37,655 - INFO - [cloudakpd.py:208] -    ▫️ 存入时间 : 2026-03-09 14:27:24.990293
2026-03-09 15:05:37,659 - INFO - [cloudakpd.py:210] - 
symbol name  open  latest_price  high   low    volume      amount trade_date
920000 安徽凤凰 17.87         17.68 18.05 17.32  573289.0  10071377.0 2026-03-09
920001 纬达光电 18.38         19.62 19.99 18.31 6951678.0 132862568.0 2026-03-09
920002 万达轴承 91.66         90.55 91.66 89.55  581957.0  52641375.0 2026-03-09
2026-03-09 15:05:37,659 - INFO - [cloudakpd.py:211] - ---------------------------------------------
2026-03-09 15:05:37,750 - INFO - [daylyops.py:45] - ✅ 全市场快照已存盘: D:\git\LongTrading\utils\data\ops_test\market_snapshot.json
2026-03-09 15:05:37,753 - INFO - [daylyops.py:57] - 🚀 启动任务 2: 抓取核心标的 ['300502', '300308', '000988', '002261', '601899'] 的 500 日 K 线...
2026-03-09 15:05:38,689 - DEBUG - [akshare_pd.py:78] - 👉 数据列名检查: ['date', 'open', 'high', 'low', 'close', 'volume', 'amount', 'outstanding_share', 'turnover']
2026-03-09 15:05:38,692 - INFO - [daylyops.py:83] - 📊 [审计] 300502 最近 20 日成交细节:
2026-03-09 15:05:39,585 - DEBUG - [akshare_pd.py:78] - 👉 数据列名检查: ['date', 'open', 'high', 'low', 'close', 'volume', 'amount', 'outstanding_share', 'turnover']
2026-03-09 15:05:39,589 - INFO - [daylyops.py:83] - 📊 [审计] 300308 最近 20 日成交细节:
2026-03-09 15:05:40,562 - DEBUG - [akshare_pd.py:78] - 👉 数据列名检查: ['date', 'open', 'high', 'low', 'close', 'volume', 'amount', 'outstanding_share', 'turnover']
2026-03-09 15:05:41,590 - DEBUG - [akshare_pd.py:78] - 👉 数据列名检查: ['date', 'open', 'high', 'low', 'close', 'volume', 'amount', 'outstanding_share', 'turnover']
2026-03-09 15:05:42,552 - DEBUG - [akshare_pd.py:78] - 👉 数据列名检查: ['date', 'open', 'high', 'low', 'close', 'volume', 'amount', 'outstanding_share', 'turnover']
2026-03-09 15:05:42,587 - INFO - [daylyops.py:93] - ✅ 任务 2 完成，K 线存盘成功: D:\git\LongTrading\utils\data\ops_test\top5_klines.json
2026-03-09 15:11:12,871 - INFO - [daylyops.py:18] - 🚀 启动任务 1: 同步当日市场全貌...
2026-03-09 15:11:12,904 - INFO - [cloudakpd.py:36] - ============================================================
2026-03-09 15:11:12,904 - INFO - [cloudakpd.py:37] - 📊 [DataCenter] 数据内核启动审计...
2026-03-09 15:11:12,906 - INFO - [cloudakpd.py:38] -    ▫️ 存储模式 : ☁️  云端 (PostgreSQL)
2026-03-09 15:11:12,906 - INFO - [cloudakpd.py:39] -    ▫️ 连接节点 : ep-noisy-dust-a1zv7w56-pooler.ap-southeast-1.aws.neon.tech/neondb
2026-03-09 15:11:15,989 - INFO - [cloudakpd.py:85] - 📂 字段审计完成，当前支持: turnover_rate, symbol, is_closed, high, name, latest_price, trade_date, amount, volume, updated_at, low, open
2026-03-09 15:11:15,989 - INFO - [cloudakpd.py:42] - ============================================================
2026-03-09 15:11:16,689 - INFO - [cloudakpd.py:136] - ⏳ 数据保鲜期内 (上次同步: 14:27)，跳过同步。
2026-03-09 15:11:18,350 - INFO - [cloudakpd.py:204] - ---------------------------------------------
2026-03-09 15:11:18,350 - INFO - [cloudakpd.py:205] - 🔍 [审计] 读取成功: 2026-03-09
2026-03-09 15:11:18,350 - INFO - [cloudakpd.py:206] -    ▫️ 标的总数 : 5488 条
2026-03-09 15:11:18,350 - INFO - [cloudakpd.py:207] -    ▫️ 资金状态 : 盘中实时
2026-03-09 15:11:18,351 - INFO - [cloudakpd.py:208] -    ▫️ 存入时间 : 2026-03-09 14:27:24.990293
2026-03-09 15:11:18,355 - INFO - [cloudakpd.py:210] - 
symbol name  open  latest_price  high   low    volume      amount trade_date
920000 安徽凤凰 17.87         17.68 18.05 17.32  573289.0  10071377.0 2026-03-09
920001 纬达光电 18.38         19.62 19.99 18.31 6951678.0 132862568.0 2026-03-09
920002 万达轴承 91.66         90.55 91.66 89.55  581957.0  52641375.0 2026-03-09
2026-03-09 15:11:18,355 - INFO - [cloudakpd.py:211] - ---------------------------------------------
2026-03-09 15:11:18,460 - INFO - [daylyops.py:45] - ✅ 全市场快照已存盘: D:\git\LongTrading\utils\data\ops_test\market_snapshot.json
2026-03-09 15:11:19,802 - DEBUG - [akshare_pd.py:78] - 👉 数据列名检查: ['date', 'open', 'high', 'low', 'close', 'volume', 'amount', 'outstanding_share', 'turnover']
2026-03-09 15:11:19,810 - INFO - [daylyops.py:81] - 📂 标的 300502 已独立存盘，近 3 日价格: [369.37, 401.24, 402.0]
2026-03-09 15:11:21,306 - DEBUG - [akshare_pd.py:78] - 👉 数据列名检查: ['date', 'open', 'high', 'low', 'close', 'volume', 'amount', 'outstanding_share', 'turnover']
2026-03-09 15:11:21,319 - INFO - [daylyops.py:81] - 📂 标的 300308 已独立存盘，近 3 日价格: [539.0, 557.0, 545.48]
2026-03-09 15:11:22,676 - DEBUG - [akshare_pd.py:78] - 👉 数据列名检查: ['date', 'open', 'high', 'low', 'close', 'volume', 'amount', 'outstanding_share', 'turnover']
2026-03-09 15:11:23,772 - DEBUG - [akshare_pd.py:78] - 👉 数据列名检查: ['date', 'open', 'high', 'low', 'close', 'volume', 'amount', 'outstanding_share', 'turnover']
2026-03-09 15:11:24,764 - DEBUG - [akshare_pd.py:78] - 👉 数据列名检查: ['date', 'open', 'high', 'low', 'close', 'volume', 'amount', 'outstanding_share', 'turnover']
2026-03-09 15:11:24,774 - INFO - [daylyops.py:83] - ✅ 任务 2 优化完成，K 线文件已分散存储至: D:\git\LongTrading\utils\data\ops_test\klines
2026-03-09 15:19:59,778 - INFO - [daylyops.py:18] - 🚀 启动任务 1: 同步当日市场全貌...
2026-03-09 15:19:59,820 - INFO - [cloudakpd.py:36] - ============================================================
2026-03-09 15:19:59,820 - INFO - [cloudakpd.py:37] - 📊 [DataCenter] 数据内核启动审计...
2026-03-09 15:19:59,820 - INFO - [cloudakpd.py:38] -    ▫️ 存储模式 : ☁️  云端 (PostgreSQL)
2026-03-09 15:19:59,820 - INFO - [cloudakpd.py:39] -    ▫️ 连接节点 : ep-noisy-dust-a1zv7w56-pooler.ap-southeast-1.aws.neon.tech/neondb
2026-03-09 15:20:03,524 - INFO - [cloudakpd.py:85] - 📂 字段审计完成，当前支持: latest_price, high, amount, is_closed, turnover_rate, symbol, trade_date, open, updated_at, volume, low, name
2026-03-09 15:20:03,524 - INFO - [cloudakpd.py:42] - ============================================================
2026-03-09 15:20:04,208 - INFO - [cloudakpd.py:136] - ⏳ 数据保鲜期内 (上次同步: 14:27)，跳过同步。
2026-03-09 15:20:05,539 - INFO - [cloudakpd.py:204] - ---------------------------------------------
2026-03-09 15:20:05,539 - INFO - [cloudakpd.py:205] - 🔍 [审计] 读取成功: 2026-03-09
2026-03-09 15:20:05,540 - INFO - [cloudakpd.py:206] -    ▫️ 标的总数 : 5488 条
2026-03-09 15:20:05,540 - INFO - [cloudakpd.py:207] -    ▫️ 资金状态 : 盘中实时
2026-03-09 15:20:05,540 - INFO - [cloudakpd.py:208] -    ▫️ 存入时间 : 2026-03-09 14:27:24.990293
2026-03-09 15:20:05,544 - INFO - [cloudakpd.py:210] - 
symbol name  open  latest_price  high   low    volume      amount trade_date
920000 安徽凤凰 17.87         17.68 18.05 17.32  573289.0  10071377.0 2026-03-09
920001 纬达光电 18.38         19.62 19.99 18.31 6951678.0 132862568.0 2026-03-09
920002 万达轴承 91.66         90.55 91.66 89.55  581957.0  52641375.0 2026-03-09
2026-03-09 15:20:05,544 - INFO - [cloudakpd.py:211] - ---------------------------------------------
2026-03-09 15:20:05,651 - INFO - [daylyops.py:47] - ✅ 任务 1 完成，提取核心标的: {'300502': '新易盛', '300308': '中际旭创', '000988': '华工科技', '002261': '拓维信息', '601899': '紫金矿业'}
2026-03-09 15:20:05,651 - INFO - [daylyops.py:57] - 🚀 启动任务 2: 执行 5 支票的结构化存盘...
2026-03-09 15:20:06,819 - DEBUG - [akshare_pd.py:78] - 👉 数据列名检查: ['date', 'open', 'high', 'low', 'close', 'volume', 'amount', 'outstanding_share', 'turnover']
2026-03-09 15:20:06,824 - INFO - [daylyops.py:99] - 📊 [审计] 300502(新易盛) 结构化存盘完成
2026-03-09 15:20:06,825 - INFO - [daylyops.py:100] -    ▫️ 更新时间: 2026-03-06 00:00:00
2026-03-09 15:20:06,825 - INFO - [daylyops.py:101] -    ▫️ 数据长度: 500 日
2026-03-09 15:20:07,751 - DEBUG - [akshare_pd.py:78] - 👉 数据列名检查: ['date', 'open', 'high', 'low', 'close', 'volume', 'amount', 'outstanding_share', 'turnover']
2026-03-09 15:20:07,756 - INFO - [daylyops.py:99] - 📊 [审计] 300308(中际旭创) 结构化存盘完成
2026-03-09 15:20:07,756 - INFO - [daylyops.py:100] -    ▫️ 更新时间: 2026-03-06 00:00:00
2026-03-09 15:20:07,757 - INFO - [daylyops.py:101] -    ▫️ 数据长度: 500 日
2026-03-09 15:20:08,946 - DEBUG - [akshare_pd.py:78] - 👉 数据列名检查: ['date', 'open', 'high', 'low', 'close', 'volume', 'amount', 'outstanding_share', 'turnover']
2026-03-09 15:20:09,921 - DEBUG - [akshare_pd.py:78] - 👉 数据列名检查: ['date', 'open', 'high', 'low', 'close', 'volume', 'amount', 'outstanding_share', 'turnover']
2026-03-09 15:20:10,938 - DEBUG - [akshare_pd.py:78] - 👉 数据列名检查: ['date', 'open', 'high', 'low', 'close', 'volume', 'amount', 'outstanding_share', 'turnover']
2026-03-09 15:20:10,945 - INFO - [daylyops.py:105] - ✅ 任务 2 成功：所有核心标的已按“元数据+序列数组”结构存入 D:\git\LongTrading\utils\data\ops_test
2026-03-09 15:23:36,001 - INFO - [daylyops.py:18] - 🚀 启动任务 1: 同步当日市场全貌...
2026-03-09 15:23:36,035 - INFO - [cloudakpd.py:36] - ============================================================
2026-03-09 15:23:36,036 - INFO - [cloudakpd.py:37] - 📊 [DataCenter] 数据内核启动审计...
2026-03-09 15:23:36,036 - INFO - [cloudakpd.py:38] -    ▫️ 存储模式 : ☁️  云端 (PostgreSQL)
2026-03-09 15:23:36,036 - INFO - [cloudakpd.py:39] -    ▫️ 连接节点 : ep-noisy-dust-a1zv7w56-pooler.ap-southeast-1.aws.neon.tech/neondb
2026-03-09 15:23:38,773 - INFO - [cloudakpd.py:85] - 📂 字段审计完成，当前支持: amount, updated_at, high, volume, name, trade_date, low, open, is_closed, symbol, latest_price, turnover_rate
2026-03-09 15:23:38,774 - INFO - [cloudakpd.py:42] - ============================================================
2026-03-09 15:23:39,499 - INFO - [cloudakpd.py:136] - ⏳ 数据保鲜期内 (上次同步: 14:27)，跳过同步。
2026-03-09 15:23:42,021 - INFO - [cloudakpd.py:204] - ---------------------------------------------
2026-03-09 15:23:42,022 - INFO - [cloudakpd.py:205] - 🔍 [审计] 读取成功: 2026-03-09
2026-03-09 15:23:42,022 - INFO - [cloudakpd.py:206] -    ▫️ 标的总数 : 5488 条
2026-03-09 15:23:42,022 - INFO - [cloudakpd.py:207] -    ▫️ 资金状态 : 盘中实时
2026-03-09 15:23:42,023 - INFO - [cloudakpd.py:208] -    ▫️ 存入时间 : 2026-03-09 14:27:24.990293
2026-03-09 15:23:42,027 - INFO - [cloudakpd.py:210] - 
symbol name  open  latest_price  high   low    volume      amount trade_date
920000 安徽凤凰 17.87         17.68 18.05 17.32  573289.0  10071377.0 2026-03-09
920001 纬达光电 18.38         19.62 19.99 18.31 6951678.0 132862568.0 2026-03-09
920002 万达轴承 91.66         90.55 91.66 89.55  581957.0  52641375.0 2026-03-09
2026-03-09 15:23:42,027 - INFO - [cloudakpd.py:211] - ---------------------------------------------
2026-03-09 15:23:42,123 - INFO - [daylyops.py:47] - ✅ 任务 1 完成，提取核心标的: {'300502': '新易盛', '300308': '中际旭创', '000988': '华工科技', '002261': '拓维信息', '601899': '紫金矿业'}
2026-03-09 15:23:42,123 - INFO - [daylyops.py:57] - 🚀 启动任务 2: 执行 5 支票的结构化存盘...
2026-03-09 15:23:43,103 - DEBUG - [akshare_pd.py:78] - 👉 数据列名检查: ['date', 'open', 'high', 'low', 'close', 'volume', 'amount', 'outstanding_share', 'turnover']
2026-03-09 15:25:04,857 - INFO - [daylyops.py:18] - 🚀 启动任务 1: 同步当日市场全貌...
2026-03-09 15:25:04,898 - INFO - [cloudakpd.py:36] - ============================================================
2026-03-09 15:25:04,898 - INFO - [cloudakpd.py:37] - 📊 [DataCenter] 数据内核启动审计...
2026-03-09 15:25:04,899 - INFO - [cloudakpd.py:38] -    ▫️ 存储模式 : ☁️  云端 (PostgreSQL)
2026-03-09 15:25:04,899 - INFO - [cloudakpd.py:39] -    ▫️ 连接节点 : ep-noisy-dust-a1zv7w56-pooler.ap-southeast-1.aws.neon.tech/neondb
2026-03-09 15:25:08,212 - INFO - [cloudakpd.py:85] - 📂 字段审计完成，当前支持: updated_at, low, trade_date, symbol, high, volume, amount, is_closed, name, open, latest_price, turnover_rate
2026-03-09 15:25:08,212 - INFO - [cloudakpd.py:42] - ============================================================
2026-03-09 15:25:08,880 - INFO - [cloudakpd.py:136] - ⏳ 数据保鲜期内 (上次同步: 14:27)，跳过同步。
2026-03-09 15:25:10,280 - INFO - [cloudakpd.py:204] - ---------------------------------------------
2026-03-09 15:25:10,281 - INFO - [cloudakpd.py:205] - 🔍 [审计] 读取成功: 2026-03-09
2026-03-09 15:25:10,281 - INFO - [cloudakpd.py:206] -    ▫️ 标的总数 : 5488 条
2026-03-09 15:25:10,281 - INFO - [cloudakpd.py:207] -    ▫️ 资金状态 : 盘中实时
2026-03-09 15:25:10,282 - INFO - [cloudakpd.py:208] -    ▫️ 存入时间 : 2026-03-09 14:27:24.990293
2026-03-09 15:25:10,285 - INFO - [cloudakpd.py:210] - 
symbol name  open  latest_price  high   low    volume      amount trade_date
920000 安徽凤凰 17.87         17.68 18.05 17.32  573289.0  10071377.0 2026-03-09
920001 纬达光电 18.38         19.62 19.99 18.31 6951678.0 132862568.0 2026-03-09
920002 万达轴承 91.66         90.55 91.66 89.55  581957.0  52641375.0 2026-03-09
2026-03-09 15:25:10,285 - INFO - [cloudakpd.py:211] - ---------------------------------------------
2026-03-09 15:25:10,381 - INFO - [daylyops.py:47] - ✅ 任务 1 完成，提取核心标的: {'300502': '新易盛', '300308': '中际旭创', '000988': '华工科技', '002261': '拓维信息', '601899': '紫金矿业'}
2026-03-09 15:25:10,382 - INFO - [daylyops.py:57] - 🚀 启动任务 2: 执行 5 支票的结构化存盘...
2026-03-09 15:25:11,452 - DEBUG - [akshare_pd.py:78] - 👉 数据列名检查: ['date', 'open', 'high', 'low', 'close', 'volume', 'amount', 'outstanding_share', 'turnover']
2026-03-09 15:27:10,647 - INFO - [daylyops.py:18] - 🚀 启动任务 1: 同步当日市场全貌...
2026-03-09 15:27:10,684 - INFO - [cloudakpd.py:36] - ============================================================
2026-03-09 15:27:10,684 - INFO - [cloudakpd.py:37] - 📊 [DataCenter] 数据内核启动审计...
2026-03-09 15:27:10,684 - INFO - [cloudakpd.py:38] -    ▫️ 存储模式 : ☁️  云端 (PostgreSQL)
2026-03-09 15:27:10,685 - INFO - [cloudakpd.py:39] -    ▫️ 连接节点 : ep-noisy-dust-a1zv7w56-pooler.ap-southeast-1.aws.neon.tech/neondb
2026-03-09 15:27:14,259 - INFO - [cloudakpd.py:85] - 📂 字段审计完成，当前支持: name, trade_date, updated_at, symbol, open, amount, low, high, turnover_rate, latest_price, is_closed, volume
2026-03-09 15:27:14,260 - INFO - [cloudakpd.py:42] - ============================================================
2026-03-09 15:27:14,928 - INFO - [cloudakpd.py:136] - ⏳ 数据保鲜期内 (上次同步: 14:27)，跳过同步。
2026-03-09 15:27:16,441 - INFO - [cloudakpd.py:204] - ---------------------------------------------
2026-03-09 15:27:16,442 - INFO - [cloudakpd.py:205] - 🔍 [审计] 读取成功: 2026-03-09
2026-03-09 15:27:16,442 - INFO - [cloudakpd.py:206] -    ▫️ 标的总数 : 5488 条
2026-03-09 15:27:16,442 - INFO - [cloudakpd.py:207] -    ▫️ 资金状态 : 盘中实时
2026-03-09 15:27:16,442 - INFO - [cloudakpd.py:208] -    ▫️ 存入时间 : 2026-03-09 14:27:24.990293
2026-03-09 15:27:16,447 - INFO - [cloudakpd.py:210] - 
symbol name  open  latest_price  high   low    volume      amount trade_date
920000 安徽凤凰 17.87         17.68 18.05 17.32  573289.0  10071377.0 2026-03-09
920001 纬达光电 18.38         19.62 19.99 18.31 6951678.0 132862568.0 2026-03-09
920002 万达轴承 91.66         90.55 91.66 89.55  581957.0  52641375.0 2026-03-09
2026-03-09 15:27:16,447 - INFO - [cloudakpd.py:211] - ---------------------------------------------
2026-03-09 15:27:16,528 - INFO - [daylyops.py:47] - ✅ 任务 1 完成，提取核心标的: {'300502': '新易盛', '300308': '中际旭创', '000988': '华工科技', '002261': '拓维信息', '601899': '紫金矿业'}
2026-03-09 15:27:16,529 - INFO - [daylyops.py:57] - 🚀 启动任务 2: 执行 5 支票的结构化存盘...
2026-03-09 15:27:17,461 - DEBUG - [akshare_pd.py:78] - 👉 数据列名检查: ['date', 'open', 'high', 'low', 'close', 'volume', 'amount', 'outstanding_share', 'turnover']
2026-03-09 15:38:29,995 - INFO - [daylyops.py:24] - 🚀 启动任务 1: 同步当日市场全貌...
2026-03-09 15:38:30,052 - INFO - [cloudakpd.py:36] - ============================================================
2026-03-09 15:38:30,052 - INFO - [cloudakpd.py:37] - 📊 [DataCenter] 数据内核启动审计...
2026-03-09 15:38:30,052 - INFO - [cloudakpd.py:38] -    ▫️ 存储模式 : ☁️  云端 (PostgreSQL)
2026-03-09 15:38:30,053 - INFO - [cloudakpd.py:39] -    ▫️ 连接节点 : ep-noisy-dust-a1zv7w56-pooler.ap-southeast-1.aws.neon.tech/neondb
2026-03-09 15:38:33,261 - INFO - [cloudakpd.py:85] - 📂 字段审计完成，当前支持: name, amount, is_closed, trade_date, turnover_rate, latest_price, updated_at, open, low, high, volume, symbol
2026-03-09 15:38:33,261 - INFO - [cloudakpd.py:42] - ============================================================
2026-03-09 15:39:12,880 - INFO - [cloudakpd.py:204] - ---------------------------------------------
2026-03-09 15:39:12,882 - INFO - [cloudakpd.py:205] - 🔍 [审计] 同步完成: 2026-03-09
2026-03-09 15:39:12,882 - INFO - [cloudakpd.py:206] -    ▫️ 标的总数 : 5488 条
2026-03-09 15:39:12,882 - INFO - [cloudakpd.py:207] -    ▫️ 资金状态 : 已收盘定格
2026-03-09 15:39:12,882 - INFO - [cloudakpd.py:208] -    ▫️ 存入时间 : 2026-03-09 15:39:11.082223
2026-03-09 15:39:12,888 - INFO - [cloudakpd.py:210] - 
symbol name  open  latest_price  high   low    volume      amount trade_date
920000 安徽凤凰 17.87         17.69 18.05 17.32  668568.0  11753054.0 2026-03-09
920001 纬达光电 18.38         19.90 19.99 18.31 8253589.0 158526777.0 2026-03-09
920002 万达轴承 91.66         90.50 91.66 89.55  633481.0  57306050.0 2026-03-09
2026-03-09 15:39:12,888 - INFO - [cloudakpd.py:211] - ---------------------------------------------
2026-03-09 15:39:14,744 - INFO - [cloudakpd.py:204] - ---------------------------------------------
2026-03-09 15:39:14,745 - INFO - [cloudakpd.py:205] - 🔍 [审计] 读取成功: 2026-03-09
2026-03-09 15:39:14,745 - INFO - [cloudakpd.py:206] -    ▫️ 标的总数 : 5488 条
2026-03-09 15:39:14,746 - INFO - [cloudakpd.py:207] -    ▫️ 资金状态 : 已收盘定格
2026-03-09 15:39:14,747 - INFO - [cloudakpd.py:208] -    ▫️ 存入时间 : 2026-03-09 15:39:11.082223
2026-03-09 15:39:14,749 - INFO - [cloudakpd.py:210] - 
symbol name  open  latest_price  high   low    volume      amount trade_date
920000 安徽凤凰 17.87         17.69 18.05 17.32  668568.0  11753054.0 2026-03-09
920001 纬达光电 18.38         19.90 19.99 18.31 8253589.0 158526777.0 2026-03-09
920002 万达轴承 91.66         90.50 91.66 89.55  633481.0  57306050.0 2026-03-09
2026-03-09 15:39:14,750 - INFO - [cloudakpd.py:211] - ---------------------------------------------
2026-03-09 15:39:14,876 - INFO - [daylyops.py:54] - ✅ 任务 1 完成，提取核心标单: {'300502': '新易盛', '300308': '中际旭创', '000988': '华工科技', '601899': '紫金矿业', '002261': '拓维信息'}
2026-03-09 15:39:14,877 - INFO - [daylyops.py:62] - 🚀 启动任务 2: 执行 5 支票的结构化存盘...
2026-03-09 15:39:16,136 - DEBUG - [akshare_pd.py:78] - 👉 数据列名检查: ['date', 'open', 'high', 'low', 'close', 'volume', 'amount', 'outstanding_share', 'turnover']
2026-03-09 15:39:16,145 - INFO - [daylyops.py:115] - 📊 [审计] 300502(新易盛) 存盘完成
2026-03-09 15:39:16,145 - INFO - [daylyops.py:116] -    ▫️ 最后更新: 2026-03-09 15:39:16
2026-03-09 15:39:16,146 - INFO - [daylyops.py:117] -    ▫️ 数据长度: 500 日
2026-03-09 15:39:17,367 - DEBUG - [akshare_pd.py:78] - 👉 数据列名检查: ['date', 'open', 'high', 'low', 'close', 'volume', 'amount', 'outstanding_share', 'turnover']
2026-03-09 15:39:17,373 - INFO - [daylyops.py:115] - 📊 [审计] 300308(中际旭创) 存盘完成
2026-03-09 15:39:17,374 - INFO - [daylyops.py:116] -    ▫️ 最后更新: 2026-03-09 15:39:17
2026-03-09 15:39:17,374 - INFO - [daylyops.py:117] -    ▫️ 数据长度: 500 日
2026-03-09 15:39:18,818 - DEBUG - [akshare_pd.py:78] - 👉 数据列名检查: ['date', 'open', 'high', 'low', 'close', 'volume', 'amount', 'outstanding_share', 'turnover']
2026-03-09 15:39:20,442 - DEBUG - [akshare_pd.py:78] - 👉 数据列名检查: ['date', 'open', 'high', 'low', 'close', 'volume', 'amount', 'outstanding_share', 'turnover']
2026-03-09 15:39:21,675 - DEBUG - [akshare_pd.py:78] - 👉 数据列名检查: ['date', 'open', 'high', 'low', 'close', 'volume', 'amount', 'outstanding_share', 'turnover']
2026-03-09 15:39:21,683 - INFO - [daylyops.py:121] - ✅ 任务 2 成功：K线文件已独立存入 D:\git\LongTrading\utils\data\ops_test\klines
