2026-03-06 12:19:21,402 - INFO - [cron_scheduler.py:37] - 🚀 MT_ALPHA 自动化值班系统已上岗。
2026-03-06 12:19:21,403 - INFO - [cron_scheduler.py:38] - ⏰ 预定巡检时间: 10:30 | 13:30 | 15:45
2026-03-06 13:30:00,008 - INFO - [cron_scheduler.py:18] - 🔔 定时任务启动：开始执行全市场快照审计...
2026-03-06 13:30:00,131 - INFO - [cloudakpd.py:40] - ============================================================
2026-03-06 13:30:00,132 - INFO - [cloudakpd.py:41] - 📊 [DataCenter] 数据内核启动审计...
2026-03-06 13:30:00,133 - INFO - [cloudakpd.py:42] -    ▫️ 存储模式 : ☁️  云端 (PostgreSQL)
2026-03-06 13:30:00,133 - INFO - [cloudakpd.py:43] -    ▫️ 连接节点 : ep-noisy-dust-a1zv7w56-pooler.ap-southeast-1.aws.neon.tech/neondb
2026-03-06 13:30:05,045 - INFO - [cloudakpd.py:82] - 📂 字段审计完成，当前库结构正常。
2026-03-06 13:30:05,046 - INFO - [cloudakpd.py:46] - ============================================================
2026-03-06 13:30:06,216 - INFO - [cloudakpd.py:137] - ⚡ 数据已过期 (90 分钟前)，启动盘中刷新...
2026-03-06 13:30:26,675 - INFO - [cloudakpd.py:198] - ---------------------------------------------
2026-03-06 13:30:26,676 - INFO - [cloudakpd.py:199] - 🔍 [审计] 同步完成: 2026-03-06
2026-03-06 13:30:26,677 - INFO - [cloudakpd.py:200] -    ▫️ 标的总数 : 5487 条
2026-03-06 13:30:26,678 - INFO - [cloudakpd.py:201] -    ▫️ 资金状态 : 盘中实时
2026-03-06 13:30:26,681 - INFO - [cloudakpd.py:202] -    ▫️ 存入时间 : 2026-03-06 13:30:24.421662
2026-03-06 13:30:26,688 - INFO - [cloudakpd.py:204] -    ▫️ 样本 : symbol name  latest_price
920000 安徽凤凰         18.07
920001 纬达光电         19.73
920002 万达轴承         92.56
2026-03-06 13:30:26,689 - INFO - [cloudakpd.py:205] - ---------------------------------------------
2026-03-06 13:30:26,690 - INFO - [cron_scheduler.py:22] - 🎉 数据存盘操作已确认，云端状态同步完成。
2026-03-06 15:45:00,013 - INFO - [cron_scheduler.py:18] - 🔔 定时任务启动：开始执行全市场快照审计...
2026-03-06 15:45:00,042 - INFO - [cloudakpd.py:40] - ============================================================
2026-03-06 15:45:00,043 - INFO - [cloudakpd.py:41] - 📊 [DataCenter] 数据内核启动审计...
2026-03-06 15:45:00,044 - INFO - [cloudakpd.py:42] -    ▫️ 存储模式 : ☁️  云端 (PostgreSQL)
2026-03-06 15:45:00,044 - INFO - [cloudakpd.py:43] -    ▫️ 连接节点 : ep-noisy-dust-a1zv7w56-pooler.ap-southeast-1.aws.neon.tech/neondb
2026-03-06 15:45:03,271 - INFO - [cloudakpd.py:82] - 📂 字段审计完成，当前库结构正常。
2026-03-06 15:45:03,272 - INFO - [cloudakpd.py:46] - ============================================================
2026-03-06 15:45:04,079 - INFO - [cloudakpd.py:127] - 🔄 检测到收盘，正在升级 [2026-03-06] 为定格数据...
2026-03-06 15:45:25,834 - INFO - [cloudakpd.py:198] - ---------------------------------------------
2026-03-06 15:45:25,835 - INFO - [cloudakpd.py:199] - 🔍 [审计] 同步完成: 2026-03-06
2026-03-06 15:45:25,836 - INFO - [cloudakpd.py:200] -    ▫️ 标的总数 : 5487 条
2026-03-06 15:45:25,836 - INFO - [cloudakpd.py:201] -    ▫️ 资金状态 : 已收盘定格
2026-03-06 15:45:25,837 - INFO - [cloudakpd.py:202] -    ▫️ 存入时间 : 2026-03-06 15:45:23.387873
2026-03-06 15:45:25,840 - INFO - [cloudakpd.py:204] -    ▫️ 样本 : symbol name  latest_price
920000 安徽凤凰         18.08
920001 纬达光电         19.76
920002 万达轴承         92.23
2026-03-06 15:45:25,840 - INFO - [cloudakpd.py:205] - ---------------------------------------------
2026-03-06 15:45:25,842 - INFO - [cron_scheduler.py:22] - 🎉 数据存盘操作已确认，云端状态同步完成。
2026-03-06 16:10:07,219 - INFO - [cron_scheduler.py:37] - 🚀 MT_ALPHA 自动化值班系统已上岗。
2026-03-06 16:10:07,221 - INFO - [cron_scheduler.py:38] - ⏰ 预定巡检时间: 10:30 | 13:30 | 15:45
2026-03-09 13:30:00,119 - INFO - [cron_scheduler.py:43] - 👋 值班系统已安全下岗。
