2026-03-09 16:43:36,112 - INFO - [cron_scheduler.py:37] - 🚀 MT_ALPHA 自动化值班系统已上岗。
2026-03-09 16:43:36,114 - INFO - [cron_scheduler.py:38] - ⏰ 预定巡检时间: 10:30 | 13:30 | 15:45
2026-03-10 10:30:00,716 - INFO - [cron_scheduler.py:18] - 🔔 定时任务启动：开始执行全市场快照审计...
2026-03-10 10:30:00,943 - INFO - [cloudakpd.py:36] - ============================================================
2026-03-10 10:30:00,944 - INFO - [cloudakpd.py:37] - 📊 [DataCenter] 数据内核启动审计...
2026-03-10 10:30:00,945 - INFO - [cloudakpd.py:38] -    ▫️ 存储模式 : ☁️  云端 (PostgreSQL)
2026-03-10 10:30:00,945 - INFO - [cloudakpd.py:39] -    ▫️ 连接节点 : ep-noisy-dust-a1zv7w56-pooler.ap-southeast-1.aws.neon.tech/neondb
2026-03-10 10:30:04,856 - INFO - [cloudakpd.py:85] - 📂 字段审计完成，当前支持: open, latest_price, high, updated_at, trade_date, name, turnover_rate, amount, volume, low, symbol, is_closed
2026-03-10 10:30:04,857 - INFO - [cloudakpd.py:42] - ============================================================
2026-03-10 10:30:42,526 - INFO - [cloudakpd.py:204] - ---------------------------------------------
2026-03-10 10:30:42,528 - INFO - [cloudakpd.py:205] - 🔍 [审计] 同步完成: 2026-03-10
2026-03-10 10:30:42,528 - INFO - [cloudakpd.py:206] -    ▫️ 标的总数 : 5488 条
2026-03-10 10:30:42,529 - INFO - [cloudakpd.py:207] -    ▫️ 资金状态 : 盘中实时
2026-03-10 10:30:42,550 - INFO - [cloudakpd.py:208] -    ▫️ 存入时间 : 2026-03-10 10:30:40.303759
2026-03-10 10:30:42,560 - INFO - [cloudakpd.py:210] - 
symbol name  open  latest_price  high   low    volume     amount trade_date
920000 安徽凤凰 17.82         17.93 18.04 17.74  175344.0  3142234.0 2026-03-10
920001 纬达光电 19.45         19.99 20.38 19.20 3856888.0 76059286.0 2026-03-10
920002 万达轴承 91.00         91.21 91.48 90.56  290976.0 26460664.0 2026-03-10
2026-03-10 10:30:42,560 - INFO - [cloudakpd.py:211] - ---------------------------------------------
2026-03-10 10:30:42,561 - INFO - [cron_scheduler.py:22] - 🎉 数据存盘操作已确认，云端状态同步完成。
