2026-03-09 17:30:08,358 - WARNING - [config.py:28] - 未找到调参日志，将使用备用默认参数！
2026-03-09 17:30:08,404 - INFO - [cloudakpd.py:36] - ============================================================
2026-03-09 17:30:08,404 - INFO - [cloudakpd.py:37] - 📊 [DataCenter] 数据内核启动审计...
2026-03-09 17:30:08,404 - INFO - [cloudakpd.py:38] -    ▫️ 存储模式 : ☁️  云端 (PostgreSQL)
2026-03-09 17:30:08,405 - INFO - [cloudakpd.py:39] -    ▫️ 连接节点 : ep-noisy-dust-a1zv7w56-pooler.ap-southeast-1.aws.neon.tech/neondb
2026-03-09 17:30:11,428 - INFO - [cloudakpd.py:85] - 📂 字段审计完成，当前支持: volume, name, updated_at, high, is_closed, turnover_rate, trade_date, low, open, amount, symbol, latest_price
2026-03-09 17:30:11,448 - INFO - [cloudakpd.py:42] - ============================================================
2026-03-09 17:30:13,629 - INFO - [cloudakpd.py:204] - ---------------------------------------------
2026-03-09 17:30:13,629 - INFO - [cloudakpd.py:205] - 🔍 [审计] 读取成功: 2026-03-09
2026-03-09 17:30:13,631 - INFO - [cloudakpd.py:206] -    ▫️ 标的总数 : 5488 条
2026-03-09 17:30:13,632 - INFO - [cloudakpd.py:207] -    ▫️ 资金状态 : 已收盘定格
2026-03-09 17:30:13,652 - INFO - [cloudakpd.py:208] -    ▫️ 存入时间 : 2026-03-09 15:39:11.082223
2026-03-09 17:30:13,660 - INFO - [cloudakpd.py:210] - 
symbol name  open  latest_price  high   low    volume      amount trade_date
920000 安徽凤凰 17.87         17.69 18.05 17.32  668568.0  11753054.0 2026-03-09
920001 纬达光电 18.38         19.90 19.99 18.31 8253589.0 158526777.0 2026-03-09
920002 万达轴承 91.66         90.50 91.66 89.55  633481.0  57306050.0 2026-03-09
2026-03-09 17:30:13,660 - INFO - [cloudakpd.py:211] - ---------------------------------------------
2026-03-09 17:30:13,661 - INFO - [universe.py:40] - ✅ [UniverseManager] 云端全量快照加载成功，当前监控 5488 只标的。
2026-03-09 17:30:13,661 - INFO - [engine.py:23] - ================================================================================
2026-03-09 17:30:13,662 - INFO - [engine.py:24] -  🚀 启动量化交易实盘中心 (2026-03-09 17:30)
2026-03-09 17:30:13,662 - INFO - [engine.py:25] -    - 📒 人工比对账本 : D:\git\LongTrading\data\live_broker_account.json
2026-03-09 17:30:13,662 - INFO - [engine.py:26] -    - 💸 审计交易流水 : D:\git\LongTrading\data\live_trade_ledger.csv
2026-03-09 17:30:13,662 - INFO - [engine.py:27] - ================================================================================
2026-03-09 17:30:13,666 - INFO - [engine.py:35] - 📡 正在全盘扫描历史数据与近期快照，构建动态监控池...
2026-03-09 17:30:13,667 - INFO - [universe.py:82] - 📊 正在通过云端 SQL 审计近 20 个交易日的热点标的...
2026-03-09 17:30:14,039 - INFO - [universe.py:129] - ✅ [UniverseManager] 动态股票池已对齐云端，当前池规模: 20
2026-03-09 17:30:14,039 - INFO - [engine.py:37] - 🏦 会计部接管完毕: 可用现金 【10,000,000.00 元】，真实持仓 【9 只】，雷达标的 【20 只】。
2026-03-09 17:30:14,039 - INFO - [engine.py:38] - 🎯 监控池构建完毕: 汇聚近 20 日霸榜标的，实盘监控总数: 【20 只】。
2026-03-09 17:30:14,042 - INFO - [engine.py:66] - --------------------------------------------------------------------------------
2026-03-09 17:30:14,043 - INFO - [engine.py:67] - 【盘前资产风控评估 (Pre-Trade NAV Dashboard)】
2026-03-09 17:30:14,043 - INFO - [engine.py:68] -    - 可用现金 (Available Cash) : 10,000,000.00
2026-03-09 17:30:14,043 - INFO - [engine.py:69] -    - 持仓成本 (Total Cost)     : 37,800.23
2026-03-09 17:30:14,043 - INFO - [engine.py:70] -    - 持仓市值 (Market Value)   : 35,666.11
2026-03-09 17:30:14,043 - INFO - [engine.py:71] -    - 净 资 产 (Total Equity)   : 10,035,666.11
2026-03-09 17:30:14,043 - INFO - [engine.py:72] -    - 账面浮盈 (Floating PnL)   : -2,134.12 (-5.65%)
2026-03-09 17:30:14,044 - INFO - [engine.py:73] - --------------------------------------------------------------------------------
2026-03-09 17:32:36,953 - WARNING - [config.py:28] - 未找到调参日志，将使用备用默认参数！
2026-03-09 17:32:36,990 - INFO - [cloudakpd.py:36] - ============================================================
2026-03-09 17:32:36,991 - INFO - [cloudakpd.py:37] - 📊 [DataCenter] 数据内核启动审计...
2026-03-09 17:32:36,991 - INFO - [cloudakpd.py:38] -    ▫️ 存储模式 : ☁️  云端 (PostgreSQL)
2026-03-09 17:32:36,991 - INFO - [cloudakpd.py:39] -    ▫️ 连接节点 : ep-noisy-dust-a1zv7w56-pooler.ap-southeast-1.aws.neon.tech/neondb
2026-03-09 17:32:39,744 - INFO - [cloudakpd.py:85] - 📂 字段审计完成，当前支持: symbol, volume, latest_price, updated_at, turnover_rate, amount, open, name, is_closed, low, high, trade_date
2026-03-09 17:32:39,744 - INFO - [cloudakpd.py:42] - ============================================================
2026-03-09 17:32:41,066 - INFO - [cloudakpd.py:204] - ---------------------------------------------
2026-03-09 17:32:41,066 - INFO - [cloudakpd.py:205] - 🔍 [审计] 读取成功: 2026-03-09
2026-03-09 17:32:41,066 - INFO - [cloudakpd.py:206] -    ▫️ 标的总数 : 5488 条
2026-03-09 17:32:41,066 - INFO - [cloudakpd.py:207] -    ▫️ 资金状态 : 已收盘定格
2026-03-09 17:32:41,067 - INFO - [cloudakpd.py:208] -    ▫️ 存入时间 : 2026-03-09 15:39:11.082223
2026-03-09 17:32:41,070 - INFO - [cloudakpd.py:210] - 
symbol name  open  latest_price  high   low    volume      amount trade_date
920000 安徽凤凰 17.87         17.69 18.05 17.32  668568.0  11753054.0 2026-03-09
920001 纬达光电 18.38         19.90 19.99 18.31 8253589.0 158526777.0 2026-03-09
920002 万达轴承 91.66         90.50 91.66 89.55  633481.0  57306050.0 2026-03-09
2026-03-09 17:32:41,070 - INFO - [cloudakpd.py:211] - ---------------------------------------------
2026-03-09 17:32:41,071 - INFO - [universe.py:40] - ✅ [UniverseManager] 云端全量快照加载成功，当前监控 5488 只标的。
2026-03-09 17:32:41,071 - INFO - [engine.py:24] - ================================================================================
2026-03-09 17:32:41,071 - INFO - [engine.py:25] -  🚀 启动量化交易实盘中心 (2026-03-09 17:32)
2026-03-09 17:32:41,071 - INFO - [engine.py:26] -    - 📒 人工比对账本 : D:\git\LongTrading\data\live_broker_account.json
2026-03-09 17:32:41,072 - INFO - [engine.py:27] -    - 💸 审计交易流水 : D:\git\LongTrading\data\live_trade_ledger.csv
2026-03-09 17:32:41,072 - INFO - [engine.py:28] - ================================================================================
2026-03-09 17:32:41,074 - INFO - [engine.py:36] - 📡 正在全盘扫描历史数据与近期快照，构建动态监控池...
2026-03-09 17:32:41,075 - INFO - [universe.py:82] - 📊 正在通过云端 SQL 审计近 20 个交易日的热点标的...
2026-03-09 17:32:41,449 - INFO - [universe.py:129] - ✅ [UniverseManager] 动态股票池已对齐云端，当前池规模: 20
2026-03-09 17:32:41,449 - INFO - [engine.py:38] - 🏦 会计部接管完毕: 可用现金 【10,000,000.00 元】，真实持仓 【9 只】，雷达标的 【20 只】。
2026-03-09 17:32:41,449 - INFO - [engine.py:39] - 🎯 监控池构建完毕: 汇聚近 20 日霸榜标的，实盘监控总数: 【20 只】。
2026-03-09 17:32:41,450 - INFO - [engine.py:67] - --------------------------------------------------------------------------------
2026-03-09 17:32:41,450 - INFO - [engine.py:68] - 【盘前资产风控评估 (Pre-Trade NAV Dashboard)】
2026-03-09 17:32:41,451 - INFO - [engine.py:69] -    - 可用现金 (Available Cash) : 10,000,000.00
2026-03-09 17:32:41,451 - INFO - [engine.py:70] -    - 持仓成本 (Total Cost)     : 37,800.23
2026-03-09 17:32:41,451 - INFO - [engine.py:71] -    - 持仓市值 (Market Value)   : 35,666.11
2026-03-09 17:32:41,451 - INFO - [engine.py:72] -    - 净 资 产 (Total Equity)   : 10,035,666.11
2026-03-09 17:32:41,451 - INFO - [engine.py:73] -    - 账面浮盈 (Floating PnL)   : -2,134.12 (-5.65%)
2026-03-09 17:32:41,451 - INFO - [engine.py:74] - --------------------------------------------------------------------------------
2026-03-09 17:32:42,603 - DEBUG - [akshare_pd.py:78] - 👉 数据列名检查: ['date', 'open', 'high', 'low', 'close', 'volume', 'amount', 'outstanding_share', 'turnover']
2026-03-09 17:32:42,607 - DEBUG - [engine.py:104] - 
📊 [002131 利欧股份] 最新 3 行切片检查:
            open  high   low  close       volume        amount  turnover                 updated_at
date                                                                                               
2026-03-05  8.53  8.71  8.35   8.57  657218676.0  5.620199e+09  0.112350 2026-03-09 17:32:42.603823
2026-03-06  8.48  8.75  8.40   8.67  525540341.0  4.533554e+09  0.089840 2026-03-09 17:32:42.603823
2026-03-09  8.50  8.68  8.27   8.61  537371492.0  4.539095e+09  0.091863 2026-03-09 17:32:42.603823

2026-03-09 17:32:43,610 - DEBUG - [akshare_pd.py:78] - 👉 数据列名检查: ['date', 'open', 'high', 'low', 'close', 'volume', 'amount', 'outstanding_share', 'turnover']
2026-03-09 17:32:43,614 - DEBUG - [engine.py:104] - 
📊 [600410 华胜天成] 最新 3 行切片检查:
             open   high    low  close       volume        amount  turnover                 updated_at
date                                                                                                  
2026-03-05  29.76  29.94  27.95  28.35  325887415.0  9.329687e+09  0.297208 2026-03-09 17:32:43.610551
2026-03-06  28.30  30.05  27.31  29.73  333600749.0  9.496524e+09  0.304243 2026-03-09 17:32:43.610551
2026-03-09  28.50  32.60  27.85  30.51  387235359.0  1.152136e+10  0.353158 2026-03-09 17:32:43.610551

2026-03-09 17:32:44,664 - DEBUG - [akshare_pd.py:78] - 👉 数据列名检查: ['date', 'open', 'high', 'low', 'close', 'volume', 'amount', 'outstanding_share', 'turnover']
2026-03-09 17:32:44,667 - DEBUG - [engine.py:104] - 
📊 [600111 北方稀土] 最新 3 行切片检查:
             open   high    low  close       volume        amount  turnover                 updated_at
date                                                                                                  
2026-03-05  56.69  56.88  54.60  55.38   99340440.0  5.523244e+09  0.027480 2026-03-09 17:32:44.664355
2026-03-06  54.60  55.58  53.80  54.30   89120597.0  4.852758e+09  0.024653 2026-03-09 17:32:44.664355
2026-03-09  53.10  54.32  51.67  53.88  102485185.0  5.439987e+09  0.028349 2026-03-09 17:32:44.664355

2026-03-09 17:32:45,599 - DEBUG - [akshare_pd.py:78] - 👉 数据列名检查: ['date', 'open', 'high', 'low', 'close', 'volume', 'amount', 'outstanding_share', 'turnover']
2026-03-09 17:32:45,601 - DEBUG - [engine.py:104] - 
📊 [600938 中国海油] 最新 3 行切片检查:
             open   high    low  close       volume        amount  turnover                 updated_at
date                                                                                                  
2026-03-05  42.00  42.85  40.56  41.60  168716941.0  7.047614e+09  0.056427 2026-03-09 17:32:45.599215
2026-03-06  40.67  42.38  39.66  40.49  122718533.0  4.978030e+09  0.041043 2026-03-09 17:32:45.599215
2026-03-09  44.54  44.54  43.00  43.36  213415357.0  9.411870e+09  0.071376 2026-03-09 17:32:45.599215

2026-03-09 17:32:46,882 - DEBUG - [akshare_pd.py:78] - 👉 数据列名检查: ['date', 'open', 'high', 'low', 'close', 'volume', 'amount', 'outstanding_share', 'turnover']
2026-03-09 17:32:46,885 - DEBUG - [engine.py:104] - 
📊 [601899 紫金矿业] 最新 3 行切片检查:
             open   high    low  close       volume        amount  turnover                 updated_at
date                                                                                                  
2026-03-05  38.46  38.48  37.20  37.67  260659922.0  9.848036e+09  0.012653 2026-03-09 17:32:46.882283
2026-03-06  37.01  37.48  36.24  37.10  253947012.0  9.355468e+09  0.012327 2026-03-09 17:32:46.882283
2026-03-09  35.93  36.67  34.86  36.40  390629022.0  1.390525e+10  0.018962 2026-03-09 17:32:46.882283

2026-03-09 17:32:48,123 - DEBUG - [akshare_pd.py:78] - 👉 数据列名检查: ['date', 'open', 'high', 'low', 'close', 'volume', 'amount', 'outstanding_share', 'turnover']
2026-03-09 17:32:48,126 - DEBUG - [engine.py:104] - 
📊 [002490 山东墨龙] 最新 3 行切片检查:
             open   high    low  close       volume        amount  turnover                 updated_at
date                                                                                                  
2026-03-05  11.89  12.89  11.89  12.70  111622977.0  1.409147e+09  0.206052 2026-03-09 17:32:48.123988
2026-03-06  12.81  13.65  12.45  13.20  207642733.0  2.726712e+09  0.383301 2026-03-09 17:32:48.123988
2026-03-09  14.52  14.52  13.13  13.24  196160005.0  2.720520e+09  0.362105 2026-03-09 17:32:48.123988

2026-03-09 17:32:49,179 - DEBUG - [akshare_pd.py:78] - 👉 数据列名检查: ['date', 'open', 'high', 'low', 'close', 'volume', 'amount', 'outstanding_share', 'turnover']
2026-03-09 17:32:49,182 - DEBUG - [engine.py:104] - 
📊 [600522 中天科技] 最新 3 行切片检查:
             open   high    low  close       volume        amount  turnover                 updated_at
date                                                                                                  
2026-03-05  29.31  29.59  27.88  28.82  175497163.0  5.050076e+09  0.051421 2026-03-09 17:32:49.180963
2026-03-06  28.45  28.88  27.22  27.38  163425189.0  4.508742e+09  0.047884 2026-03-09 17:32:49.180963
2026-03-09  26.37  27.31  25.38  27.20  155402012.0  4.065327e+09  0.045533 2026-03-09 17:32:49.180963

2026-03-09 17:32:50,116 - DEBUG - [akshare_pd.py:78] - 👉 数据列名检查: ['date', 'open', 'high', 'low', 'close', 'volume', 'amount', 'outstanding_share', 'turnover']
2026-03-09 17:32:50,118 - DEBUG - [engine.py:104] - 
📊 [601939 建设银行] 最新 3 行切片检查:
            open  high   low  close       volume        amount  turnover                 updated_at
date                                                                                               
2026-03-05  8.84  8.97  8.81   8.94   97708509.0  8.722787e+08  0.010185 2026-03-09 17:32:50.116810
2026-03-06  8.94  9.02  8.93   8.97   84773065.0  7.604956e+08  0.008836 2026-03-09 17:32:50.116810
2026-03-09  8.96  9.14  8.93   9.06  152815331.0  1.381533e+09  0.015929 2026-03-09 17:32:50.116810

2026-03-09 17:32:50,978 - DEBUG - [akshare_pd.py:78] - 👉 数据列名检查: ['date', 'open', 'high', 'low', 'close', 'volume', 'amount', 'outstanding_share', 'turnover']
2026-03-09 17:32:50,982 - DEBUG - [engine.py:104] - 
📊 [300528 幸福蓝海] 最新 3 行切片检查:
             open   high    low  close      volume       amount  turnover                 updated_at
date                                                                                                
2026-03-05  17.69  17.80  17.17  17.28  12135700.0  211560158.0  0.032570 2026-03-09 17:32:50.979258
2026-03-06  17.20  17.39  17.11  17.33   9233432.0  159767213.0  0.024781 2026-03-09 17:32:50.979258
2026-03-09  17.02  17.30  16.68  17.28  12306835.0  208566151.0  0.033029 2026-03-09 17:32:50.979258

2026-03-09 17:32:51,870 - DEBUG - [akshare_pd.py:78] - 👉 数据列名检查: ['date', 'open', 'high', 'low', 'close', 'volume', 'amount', 'outstanding_share', 'turnover']
2026-03-09 17:32:51,874 - DEBUG - [engine.py:104] - 
📊 [601179 中国西电] 最新 3 行切片检查:
            open   high    low  close       volume        amount  turnover                 updated_at
date                                                                                                 
2026-03-05  16.9  18.11  16.68  18.11  324703953.0  5.718917e+09  0.063346 2026-03-09 17:32:51.871613
2026-03-06  18.6  19.58  18.32  19.30  551658894.0  1.047151e+10  0.107622 2026-03-09 17:32:51.871613
2026-03-09  18.9  20.61  18.89  20.17  534452198.0  1.061643e+10  0.104265 2026-03-09 17:32:51.871613

2026-03-09 17:32:52,752 - DEBUG - [akshare_pd.py:78] - 👉 数据列名检查: ['date', 'open', 'high', 'low', 'close', 'volume', 'amount', 'outstanding_share', 'turnover']
2026-03-09 17:32:52,756 - DEBUG - [engine.py:104] - 
📊 [600759 洲际油气] 最新 3 行切片检查:
            open  high   low  close        volume        amount  turnover                 updated_at
date                                                                                                
2026-03-05  8.24  9.09  7.78   8.70  1.472264e+09  1.252600e+10  0.355303 2026-03-09 17:32:52.752272
2026-03-06  7.88  8.55  7.88   8.24  9.769286e+08  7.968083e+09  0.235763 2026-03-09 17:32:52.752272
2026-03-09  9.06  9.06  8.30   8.32  1.252567e+09  1.101528e+10  0.302283 2026-03-09 17:32:52.752272

2026-03-09 17:32:53,778 - DEBUG - [akshare_pd.py:78] - 👉 数据列名检查: ['date', 'open', 'high', 'low', 'close', 'volume', 'amount', 'outstanding_share', 'turnover']
2026-03-09 17:32:53,780 - DEBUG - [engine.py:104] - 
📊 [002261 拓维信息] 最新 3 行切片检查:
             open   high    low  close       volume        amount  turnover                 updated_at
date                                                                                                  
2026-03-05  37.88  37.88  35.05  35.50  182000790.0  6.557212e+09  0.158862 2026-03-09 17:32:53.778534
2026-03-06  34.88  39.05  34.59  39.05  204167442.0  7.488579e+09  0.178211 2026-03-09 17:32:53.778534
2026-03-09  39.49  42.96  37.91  42.96  340835678.0  1.379804e+10  0.297504 2026-03-09 17:32:53.778534

2026-03-09 17:32:54,763 - DEBUG - [akshare_pd.py:78] - 👉 数据列名检查: ['date', 'open', 'high', 'low', 'close', 'volume', 'amount', 'outstanding_share', 'turnover']
2026-03-09 17:32:54,766 - DEBUG - [engine.py:104] - 
📊 [300308 中际旭创] 最新 3 行切片检查:
             open    high     low   close      volume        amount  turnover                 updated_at
date                                                                                                    
2026-03-05  556.0  585.00  552.60  557.00  37900360.0  2.144466e+10  0.034283 2026-03-09 17:32:54.763460
2026-03-06  553.0  559.98  537.06  545.48  21966767.0  1.202819e+10  0.019870 2026-03-09 17:32:54.763460
2026-03-09  520.1  528.30  506.00  525.99  31474315.0  1.623065e+10  0.028471 2026-03-09 17:32:54.763460

2026-03-09 17:32:55,773 - DEBUG - [akshare_pd.py:78] - 👉 数据列名检查: ['date', 'open', 'high', 'low', 'close', 'volume', 'amount', 'outstanding_share', 'turnover']
2026-03-09 17:32:55,777 - DEBUG - [engine.py:104] - 
📊 [000547 航天发展] 最新 3 行切片检查:
             open   high   low  close       volume        amount  turnover                 updated_at
date                                                                                                 
2026-03-05  29.99  32.29  29.0  31.61  311613070.0  9.517460e+09  0.196091 2026-03-09 17:32:55.774549
2026-03-06  31.20  33.99  31.2  32.66  413923343.0  1.358453e+10  0.260473 2026-03-09 17:32:55.774549
2026-03-09  31.30  33.32  31.3  32.10  311748689.0  1.016066e+10  0.196177 2026-03-09 17:32:55.774549

2026-03-09 17:32:56,627 - DEBUG - [akshare_pd.py:78] - 👉 数据列名检查: ['date', 'open', 'high', 'low', 'close', 'volume', 'amount', 'outstanding_share', 'turnover']
2026-03-09 17:32:56,629 - DEBUG - [engine.py:104] - 
📊 [300502 新易盛] 最新 3 行切片检查:
              open    high     low   close      volume        amount  turnover                 updated_at
date                                                                                                     
2026-03-05  384.94  422.60  383.26  401.24  69677874.0  2.800411e+10  0.078695 2026-03-09 17:32:56.627789
2026-03-06  393.22  412.00  387.09  402.00  40431543.0  1.616447e+10  0.045664 2026-03-09 17:32:56.627789
2026-03-09  380.00  387.32  369.32  384.00  44166394.0  1.662925e+10  0.049882 2026-03-09 17:32:56.627789

2026-03-09 17:32:57,563 - DEBUG - [akshare_pd.py:78] - 👉 数据列名检查: ['date', 'open', 'high', 'low', 'close', 'volume', 'amount', 'outstanding_share', 'turnover']
2026-03-09 17:32:57,566 - DEBUG - [engine.py:104] - 
📊 [000988 华工科技] 最新 3 行切片检查:
              open    high     low   close       volume        amount  turnover                 updated_at
date                                                                                                      
2026-03-05  105.00  111.71   99.55  106.61  155232206.0  1.650897e+10  0.154462 2026-03-09 17:32:57.563126
2026-03-06  106.75  116.09  106.00  114.78  129693070.0  1.435247e+10  0.129050 2026-03-09 17:32:57.563126
2026-03-09  112.00  119.78  108.50  118.60  135658907.0  1.541769e+10  0.134986 2026-03-09 17:32:57.563126

2026-03-09 17:32:58,450 - DEBUG - [akshare_pd.py:78] - 👉 数据列名检查: ['date', 'open', 'high', 'low', 'close', 'volume', 'amount', 'outstanding_share', 'turnover']
2026-03-09 17:32:58,453 - DEBUG - [engine.py:104] - 
📊 [300750 宁德时代] 最新 3 行切片检查:
              open    high     low   close      volume        amount  turnover                 updated_at
date                                                                                                     
2026-03-05  344.58  353.85  342.66  350.25  31006068.0  1.081950e+10  0.007284 2026-03-09 17:32:58.450589
2026-03-06  349.00  357.02  344.66  354.77  20963113.0  7.388869e+09  0.004925 2026-03-09 17:32:58.450589
2026-03-09  348.84  359.85  345.06  357.50  31797613.0  1.121800e+10  0.007470 2026-03-09 17:32:58.450589

2026-03-09 17:32:59,514 - DEBUG - [akshare_pd.py:78] - 👉 数据列名检查: ['date', 'open', 'high', 'low', 'close', 'volume', 'amount', 'outstanding_share', 'turnover']
2026-03-09 17:32:59,518 - DEBUG - [engine.py:104] - 
📊 [600089 特变电工] 最新 3 行切片检查:
             open   high    low  close       volume        amount  turnover                 updated_at
date                                                                                                  
2026-03-05  31.40  33.28  31.40  32.78  552995662.0  1.793999e+10  0.109444 2026-03-09 17:32:59.515177
2026-03-06  32.40  33.26  32.18  32.23  417543833.0  1.361711e+10  0.082636 2026-03-09 17:32:59.515177
2026-03-09  31.81  33.15  31.80  32.76  421073209.0  1.372328e+10  0.083335 2026-03-09 17:32:59.515177

2026-03-09 17:33:01,125 - DEBUG - [akshare_pd.py:78] - 👉 数据列名检查: ['date', 'open', 'high', 'low', 'close', 'volume', 'amount', 'outstanding_share', 'turnover']
2026-03-09 17:33:01,129 - DEBUG - [engine.py:104] - 
📊 [300394 天孚通信] 最新 3 行切片检查:
              open    high     low   close      volume        amount  turnover                 updated_at
date                                                                                                     
2026-03-05  342.00  345.97  325.08  334.80  32785993.0  1.098989e+10  0.042258 2026-03-09 17:33:01.125932
2026-03-06  334.57  336.30  318.00  322.88  33215376.0  1.074690e+10  0.042811 2026-03-09 17:33:01.125932
2026-03-09  306.75  310.48  292.00  306.96  37896546.0  1.136586e+10  0.048845 2026-03-09 17:33:01.125932

2026-03-09 17:33:02,239 - DEBUG - [akshare_pd.py:78] - 👉 数据列名检查: ['date', 'open', 'high', 'low', 'close', 'volume', 'amount', 'outstanding_share', 'turnover']
2026-03-09 17:33:02,242 - DEBUG - [engine.py:104] - 
📊 [002594 比亚迪] 最新 3 行切片检查:
             open   high    low  close       volume        amount  turnover                 updated_at
date                                                                                                  
2026-03-05  96.80  96.82  93.89  94.47   55243997.0  5.235746e+09  0.015842 2026-03-09 17:33:02.239909
2026-03-06  96.00  96.00  93.25  93.62   50354037.0  4.743655e+09  0.014440 2026-03-09 17:33:02.239909
2026-03-09  93.62  98.00  93.00  97.52  109340899.0  1.056249e+10  0.031355 2026-03-09 17:33:02.239909

2026-03-09 17:33:02,361 - INFO - [engine.py:161] - ================================================================================
2026-03-09 17:33:02,362 - INFO - [engine.py:162] - 【操作审批纪要 (Execution Summary)】
2026-03-09 17:33:02,362 - INFO - [engine.py:163] - 🔴 600111 (北方稀土) 建议卖出 100 股 | 预估价: 53.88 | 状态: 待老板确认 | 逻辑: 触及 10% 硬止损
2026-03-09 17:33:02,362 - INFO - [engine.py:163] - 🔴 300528 (幸福蓝海) 建议卖出 400 股 | 预估价: 17.28 | 状态: 待老板确认 | 逻辑: 触发最终移动止盈，全仓撤退
2026-03-09 17:33:02,362 - INFO - [engine.py:168] - 
【持仓状态确认 (Positions Audit)】
2026-03-09 17:33:02,363 - INFO - [engine.py:170] - 🛡️ 002131 (利欧股份) | 持仓 700 股 | 现价: 8.61 | 浮盈: -5.38%
   └─ 买入日期: 历史遗留 | 开仓逻辑: 未知建仓逻辑
2026-03-09 17:33:02,363 - INFO - [engine.py:170] - 🛡️ 600410 (华胜天成) | 持仓 1 股 | 现价: 30.51 | 浮盈: 8.47%
   └─ 买入日期: 历史遗留 | 开仓逻辑: 未知建仓逻辑
2026-03-09 17:33:02,363 - INFO - [engine.py:170] - 🛡️ 600938 (中国海油) | 持仓 1 股 | 现价: 43.36 | 浮盈: 18.79%
   └─ 买入日期: 历史遗留 | 开仓逻辑: 未知建仓逻辑
2026-03-09 17:33:02,363 - INFO - [engine.py:170] - 🛡️ 601899 (紫金矿业) | 持仓 200 股 | 现价: 36.40 | 浮盈: -7.50%
   └─ 买入日期: 历史遗留 | 开仓逻辑: 未知建仓逻辑
2026-03-09 17:33:02,364 - INFO - [engine.py:170] - 🛡️ 002490 (山东墨龙) | 持仓 1 股 | 现价: 13.24 | 浮盈: 40.85%
   └─ 买入日期: 历史遗留 | 开仓逻辑: 未知建仓逻辑
2026-03-09 17:33:02,364 - INFO - [engine.py:170] - 🛡️ 600522 (中天科技) | 持仓 300 股 | 现价: 27.20 | 浮盈: -7.59%
   └─ 买入日期: 历史遗留 | 开仓逻辑: 未知建仓逻辑
2026-03-09 17:33:02,364 - INFO - [engine.py:170] - 🛡️ 601939 (建设银行) | 持仓 200 股 | 现价: 9.06 | 浮盈: 5.10%
   └─ 买入日期: 历史遗留 | 开仓逻辑: 未知建仓逻辑
2026-03-09 17:33:02,364 - INFO - [engine.py:174] - ================================================================================
2026-03-09 17:33:02,364 - INFO - [engine.py:175] - 👀 【交易额最大动态监控池 (优胜劣汰拒绝名单)】
2026-03-09 17:33:02,365 - INFO - [engine.py:186] -    - 🚫 观望 601179 (中国西电): 乖离率偏高 (1.22)
2026-03-09 17:33:02,365 - INFO - [engine.py:186] -    - 🚫 观望 600759 (洲际油气): 乖离率偏高 (1.22)
2026-03-09 17:33:02,366 - INFO - [engine.py:186] -    - 🚫 观望 002261 (拓维信息): 乖离率偏高 (1.20)
2026-03-09 17:33:02,366 - INFO - [engine.py:186] -    - 🚫 观望 300308 (中际旭创): 未形成多头排列
2026-03-09 17:33:02,366 - INFO - [engine.py:186] -    - 🚫 观望 000547 (航天发展): 未形成多头排列
2026-03-09 17:33:02,367 - INFO - [engine.py:186] -    - 🚫 观望 300502 (新易盛): 未形成多头排列
2026-03-09 17:33:02,367 - INFO - [engine.py:186] -    - 🚫 观望 000988 (华工科技): 乖离率偏高 (1.26)
2026-03-09 17:33:02,367 - INFO - [engine.py:186] -    - 🚫 观望 300750 (宁德时代): 未形成多头排列
2026-03-09 17:33:02,368 - INFO - [engine.py:186] -    - 🚫 观望 600089 (特变电工): 乖离率偏高 (1.07)
2026-03-09 17:33:02,368 - INFO - [engine.py:186] -    - 🚫 观望 300394 (天孚通信): 未满足缩量回踩或放量突破
2026-03-09 17:33:02,369 - INFO - [engine.py:186] -    - 🚫 观望 002594 (比亚迪): 未形成多头排列
