2026-03-06 15:11:44,457 - WARNING - [config.py:28] - 未找到调参日志，将使用备用默认参数！
2026-03-06 15:11:44,492 - INFO - [cloudakpd.py:40] - ============================================================
2026-03-06 15:11:44,492 - INFO - [cloudakpd.py:41] - 📊 [DataCenter] 数据内核启动审计...
2026-03-06 15:11:44,492 - INFO - [cloudakpd.py:42] -    ▫️ 存储模式 : ☁️  云端 (PostgreSQL)
2026-03-06 15:11:44,492 - INFO - [cloudakpd.py:43] -    ▫️ 连接节点 : ep-noisy-dust-a1zv7w56-pooler.ap-southeast-1.aws.neon.tech/neondb
2026-03-06 15:13:44,439 - INFO - [config.py:47] - --------------------------------------------------------------------------------
2026-03-06 15:13:44,440 - INFO - [config.py:48] - ⚙️ 【策略参数装载与核对】 -> 依据: optuna_log_20260306_150856.csv
2026-03-06 15:13:44,440 - INFO - [config.py:50] -    - 注入动态寻优参数 : bias_entry_limit: 1.25, ma_long: 120, ma_mid: 27, ma_short: 4, profit_tier1: 0.15, stop_loss_pct: 0.06, trailing_stop_pct: 0.12, trailing_tier1: 0.1, unit_size: 0.33
2026-03-06 15:13:44,440 - INFO - [config.py:51] - --------------------------------------------------------------------------------
2026-03-06 15:13:44,476 - INFO - [cloudakpd.py:40] - ============================================================
2026-03-06 15:13:44,476 - INFO - [cloudakpd.py:41] - 📊 [DataCenter] 数据内核启动审计...
2026-03-06 15:13:44,477 - INFO - [cloudakpd.py:42] -    ▫️ 存储模式 : ☁️  云端 (PostgreSQL)
2026-03-06 15:13:44,478 - INFO - [cloudakpd.py:43] -    ▫️ 连接节点 : ep-noisy-dust-a1zv7w56-pooler.ap-southeast-1.aws.neon.tech/neondb
2026-03-06 15:13:48,695 - INFO - [cloudakpd.py:82] - 📂 字段审计完成，当前库结构正常。
2026-03-06 15:13:48,696 - INFO - [cloudakpd.py:46] - ============================================================
2026-03-06 15:13:50,015 - INFO - [cloudakpd.py:234] - ---------------------------------------------
2026-03-06 15:13:50,016 - INFO - [cloudakpd.py:235] - 🔍 [审计] 读取成功: 2026-03-06
2026-03-06 15:13:50,016 - INFO - [cloudakpd.py:236] -    ▫️ 标的总数 : 5487 条
2026-03-06 15:13:50,016 - INFO - [cloudakpd.py:237] -    ▫️ 资金状态 : 盘中实时
2026-03-06 15:13:50,018 - INFO - [cloudakpd.py:238] -    ▫️ 存入时间 : 2026-03-06 13:30:24.421662
2026-03-06 15:13:50,020 - INFO - [cloudakpd.py:240] -    ▫️ 样本 : symbol name  latest_price
920000 安徽凤凰         18.07
920001 纬达光电         19.73
920002 万达轴承         92.56
2026-03-06 15:13:50,021 - INFO - [cloudakpd.py:241] - ---------------------------------------------
2026-03-06 15:13:50,021 - INFO - [universe.py:34] - ✅ UniverseManager: 已加载云端最新快照，共 5487 只标的。
2026-03-06 15:13:50,022 - INFO - [engine.py:25] - ================================================================================
2026-03-06 15:13:50,022 - INFO - [engine.py:26] -  🚀 启动量化交易实盘中心 (2026-03-06 15:13)
2026-03-06 15:13:50,022 - INFO - [engine.py:27] -    - 📒 人工比对账本 : D:\git\LongTrading\data\live_broker_account.json
2026-03-06 15:13:50,022 - INFO - [engine.py:28] -    - 💸 审计交易流水 : D:\git\LongTrading\data\live_trade_ledger.csv
2026-03-06 15:13:50,022 - INFO - [engine.py:29] - ================================================================================
2026-03-06 15:13:50,023 - INFO - [engine.py:37] - 📡 正在全盘扫描历史数据与近期快照，构建动态监控池...
2026-03-06 15:13:50,023 - INFO - [universe.py:66] - 📊 正在从云端计算近 20 日标的热度分布...
2026-03-06 15:13:50,405 - INFO - [universe.py:111] - ✅ 动态股票池已更新，锁定 20 只优质标的。
2026-03-06 15:13:50,405 - INFO - [engine.py:39] - 🏦 会计部接管完毕: 可用现金 【10,000,000.00 元】，真实持仓 【8 只】，雷达标的 【20 只】。
2026-03-06 15:13:50,405 - INFO - [engine.py:40] - 🎯 监控池构建完毕: 汇聚近 20 日霸榜标的，实盘监控总数: 【20 只】。
2026-03-06 15:13:50,407 - INFO - [engine.py:68] - --------------------------------------------------------------------------------
2026-03-06 15:13:50,408 - INFO - [engine.py:69] - 【盘前资产风控评估 (Pre-Trade NAV Dashboard)】
2026-03-06 15:13:50,408 - INFO - [engine.py:70] -    - 可用现金 (Available Cash) : 10,000,000.00
2026-03-06 15:13:50,408 - INFO - [engine.py:71] -    - 持仓成本 (Total Cost)     : 21,274.03
2026-03-06 15:13:50,408 - INFO - [engine.py:72] -    - 持仓市值 (Market Value)   : 19,825.21
2026-03-06 15:13:50,408 - INFO - [engine.py:73] -    - 净 资 产 (Total Equity)   : 10,019,825.21
2026-03-06 15:13:50,408 - INFO - [engine.py:74] -    - 账面浮盈 (Floating PnL)   : -1,448.82 (-6.81%)
2026-03-06 15:13:50,408 - INFO - [engine.py:75] - --------------------------------------------------------------------------------
2026-03-06 15:13:51,299 - DEBUG - [akshare_pd.py:78] - 👉 数据列名检查: ['date', 'open', 'high', 'low', 'close', 'volume', 'amount', 'outstanding_share', 'turnover']
2026-03-06 15:13:51,302 - ERROR - [engine.py:102] - [002131 利欧股份] 盘中注入失败: 'UniverseManager' object has no attribute 'open_col'
2026-03-06 15:13:51,323 - DEBUG - [engine.py:105] - 
📊 [002131 利欧股份] 最新 3 行切片检查:
            open  high   low  close       volume  turnover
date                                                      
2026-03-03  9.05  9.12  8.20   8.21  943165296.0  0.161232
2026-03-04  7.91  8.43  7.91   8.32  508738564.0  0.086968
2026-03-05  8.53  8.71  8.35   8.57  657218676.0  0.112350

2026-03-06 15:13:52,192 - DEBUG - [akshare_pd.py:78] - 👉 数据列名检查: ['date', 'open', 'high', 'low', 'close', 'volume', 'amount', 'outstanding_share', 'turnover']
2026-03-06 15:13:52,194 - ERROR - [engine.py:102] - [600410 华胜天成] 盘中注入失败: 'UniverseManager' object has no attribute 'open_col'
2026-03-06 15:13:52,195 - DEBUG - [engine.py:105] - 
📊 [600410 华胜天成] 最新 3 行切片检查:
             open   high    low  close       volume  turnover
date                                                         
2026-03-03  29.40  29.95  26.98  27.85  392951190.0  0.358370
2026-03-04  27.00  30.50  27.00  29.06  386607719.0  0.352585
2026-03-05  29.76  29.94  27.95  28.35  325887415.0  0.297208

2026-03-06 15:13:53,313 - DEBUG - [akshare_pd.py:78] - 👉 数据列名检查: ['date', 'open', 'high', 'low', 'close', 'volume', 'amount', 'outstanding_share', 'turnover']
2026-03-06 15:13:53,315 - ERROR - [engine.py:102] - [600111 北方稀土] 盘中注入失败: 'UniverseManager' object has no attribute 'open_col'
2026-03-06 15:13:53,316 - DEBUG - [engine.py:105] - 
📊 [600111 北方稀土] 最新 3 行切片检查:
             open   high    low  close       volume  turnover
date                                                         
2026-03-03  61.38  61.50  55.57  55.62  220131218.0  0.060893
2026-03-04  53.79  57.93  53.66  56.00  142253018.0  0.039350
2026-03-05  56.69  56.88  54.60  55.38   99340440.0  0.027480

2026-03-06 15:13:54,233 - DEBUG - [akshare_pd.py:78] - 👉 数据列名检查: ['date', 'open', 'high', 'low', 'close', 'volume', 'amount', 'outstanding_share', 'turnover']
2026-03-06 15:13:54,234 - ERROR - [engine.py:102] - [600938 中国海油] 盘中注入失败: 'UniverseManager' object has no attribute 'open_col'
2026-03-06 15:13:54,236 - DEBUG - [engine.py:105] - 
📊 [600938 中国海油] 最新 3 行切片检查:
             open   high    low  close       volume  turnover
date                                                         
2026-03-03  41.79  43.41  41.00  43.41  253280221.0  0.084709
2026-03-04  44.50  44.50  39.07  42.85  262523548.0  0.087801
2026-03-05  42.00  42.85  40.56  41.60  168716941.0  0.056427

2026-03-06 15:13:55,165 - DEBUG - [akshare_pd.py:78] - 👉 数据列名检查: ['date', 'open', 'high', 'low', 'close', 'volume', 'amount', 'outstanding_share', 'turnover']
2026-03-06 15:13:55,167 - ERROR - [engine.py:102] - [601899 紫金矿业] 盘中注入失败: 'UniverseManager' object has no attribute 'open_col'
2026-03-06 15:13:55,168 - DEBUG - [engine.py:105] - 
📊 [601899 紫金矿业] 最新 3 行切片检查:
             open   high    low  close       volume  turnover
date                                                         
2026-03-03  40.35  40.35  38.66  38.86  414093799.0  0.020101
2026-03-04  37.70  38.89  37.48  37.96  312570216.0  0.015173
2026-03-05  38.46  38.48  37.20  37.67  260659922.0  0.012653

2026-03-06 15:13:56,146 - DEBUG - [akshare_pd.py:78] - 👉 数据列名检查: ['date', 'open', 'high', 'low', 'close', 'volume', 'amount', 'outstanding_share', 'turnover']
2026-03-06 15:13:56,147 - ERROR - [engine.py:102] - [002490 山东墨龙] 盘中注入失败: 'UniverseManager' object has no attribute 'open_col'
2026-03-06 15:13:56,149 - DEBUG - [engine.py:105] - 
📊 [002490 山东墨龙] 最新 3 行切片检查:
             open   high    low  close       volume  turnover
date                                                         
2026-03-03  10.65  10.65  10.65  10.65    4213100.0  0.007777
2026-03-04  11.72  11.72  11.26  11.72   94199236.0  0.173889
2026-03-05  11.89  12.89  11.89  12.70  111622977.0  0.206052

2026-03-06 15:13:57,067 - DEBUG - [akshare_pd.py:78] - 👉 数据列名检查: ['date', 'open', 'high', 'low', 'close', 'volume', 'amount', 'outstanding_share', 'turnover']
2026-03-06 15:13:57,070 - ERROR - [engine.py:102] - [600522 中天科技] 盘中注入失败: 'UniverseManager' object has no attribute 'open_col'
2026-03-06 15:13:57,071 - DEBUG - [engine.py:105] - 
📊 [600522 中天科技] 最新 3 行切片检查:
             open   high    low  close       volume  turnover
date                                                         
2026-03-03  30.59  30.98  28.73  28.79  175479102.0  0.051416
2026-03-04  28.05  29.50  28.05  28.83  146493128.0  0.042923
2026-03-05  29.31  29.59  27.88  28.82  175497163.0  0.051421

2026-03-06 15:35:10,849 - INFO - [config.py:47] - --------------------------------------------------------------------------------
2026-03-06 15:35:10,850 - INFO - [config.py:48] - ⚙️ 【策略参数装载与核对】 -> 依据: optuna_log_20260306_150856.csv
2026-03-06 15:35:10,850 - INFO - [config.py:50] -    - 注入动态寻优参数 : bias_entry_limit: 1.25, ma_long: 120, ma_mid: 27, ma_short: 4, profit_tier1: 0.15, stop_loss_pct: 0.06, trailing_stop_pct: 0.12, trailing_tier1: 0.1, unit_size: 0.33
2026-03-06 15:35:10,850 - INFO - [config.py:51] - --------------------------------------------------------------------------------
2026-03-06 15:35:10,890 - INFO - [cloudakpd.py:36] - ============================================================
2026-03-06 15:35:10,891 - INFO - [cloudakpd.py:37] - 📊 [DataCenter] 数据内核启动审计...
2026-03-06 15:35:10,891 - INFO - [cloudakpd.py:38] -    ▫️ 存储模式 : ☁️  云端 (PostgreSQL)
2026-03-06 15:35:10,891 - INFO - [cloudakpd.py:39] -    ▫️ 连接节点 : ep-noisy-dust-a1zv7w56-pooler.ap-southeast-1.aws.neon.tech/neondb
2026-03-06 15:35:13,481 - INFO - [cloudakpd.py:85] - 📂 字段审计完成，当前支持: name, open, latest_price, volume, updated_at, symbol, trade_date, high, turnover_rate, amount, is_closed, low
2026-03-06 15:35:13,481 - INFO - [cloudakpd.py:42] - ============================================================
2026-03-06 15:35:14,759 - INFO - [cloudakpd.py:203] - ---------------------------------------------
2026-03-06 15:35:14,759 - INFO - [cloudakpd.py:204] - 🔍 [审计] 读取成功: 2026-03-06
2026-03-06 15:35:14,759 - INFO - [cloudakpd.py:205] -    ▫️ 标的总数 : 5487 条
2026-03-06 15:35:14,760 - INFO - [cloudakpd.py:206] -    ▫️ 资金状态 : 盘中实时
2026-03-06 15:35:14,760 - INFO - [cloudakpd.py:207] -    ▫️ 存入时间 : 2026-03-06 15:26:38.211545
2026-03-06 15:35:14,764 - INFO - [cloudakpd.py:209] - 
symbol name  open  latest_price  high   low     volume      amount trade_date
920000 安徽凤凰 18.11         18.08 18.15 17.83   314741.0   5675182.0 2026-03-06
920001 纬达光电 19.30         19.76 20.66 18.85 12871109.0 252320814.0 2026-03-06
920002 万达轴承 92.00         92.23 93.49 92.00   402181.0  37245127.0 2026-03-06
2026-03-06 15:35:14,764 - INFO - [cloudakpd.py:210] - ---------------------------------------------
2026-03-06 15:35:14,765 - INFO - [universe.py:41] - ✅ [UniverseManager] 云端全量快照加载成功，当前监控 5487 只标的。
2026-03-06 15:35:14,765 - INFO - [engine.py:25] - ================================================================================
2026-03-06 15:35:14,765 - INFO - [engine.py:26] -  🚀 启动量化交易实盘中心 (2026-03-06 15:35)
2026-03-06 15:35:14,765 - INFO - [engine.py:27] -    - 📒 人工比对账本 : D:\git\LongTrading\data\live_broker_account.json
2026-03-06 15:35:14,765 - INFO - [engine.py:28] -    - 💸 审计交易流水 : D:\git\LongTrading\data\live_trade_ledger.csv
2026-03-06 15:35:14,765 - INFO - [engine.py:29] - ================================================================================
2026-03-06 15:35:14,766 - INFO - [engine.py:37] - 📡 正在全盘扫描历史数据与近期快照，构建动态监控池...
2026-03-06 15:35:14,766 - INFO - [universe.py:83] - 📊 正在通过云端 SQL 审计近 20 个交易日的热点标的...
2026-03-06 15:35:15,140 - INFO - [universe.py:130] - ✅ [UniverseManager] 动态股票池已对齐云端，当前池规模: 20
2026-03-06 15:35:15,140 - INFO - [engine.py:39] - 🏦 会计部接管完毕: 可用现金 【10,000,000.00 元】，真实持仓 【8 只】，雷达标的 【20 只】。
2026-03-06 15:35:15,141 - INFO - [engine.py:40] - 🎯 监控池构建完毕: 汇聚近 20 日霸榜标的，实盘监控总数: 【20 只】。
2026-03-06 15:35:15,142 - INFO - [engine.py:68] - --------------------------------------------------------------------------------
2026-03-06 15:35:15,142 - INFO - [engine.py:69] - 【盘前资产风控评估 (Pre-Trade NAV Dashboard)】
2026-03-06 15:35:15,142 - INFO - [engine.py:70] -    - 可用现金 (Available Cash) : 10,000,000.00
2026-03-06 15:35:15,142 - INFO - [engine.py:71] -    - 持仓成本 (Total Cost)     : 21,274.03
2026-03-06 15:35:15,143 - INFO - [engine.py:72] -    - 持仓市值 (Market Value)   : 19,824.42
2026-03-06 15:35:15,143 - INFO - [engine.py:73] -    - 净 资 产 (Total Equity)   : 10,019,824.42
2026-03-06 15:35:15,143 - INFO - [engine.py:74] -    - 账面浮盈 (Floating PnL)   : -1,449.61 (-6.81%)
2026-03-06 15:35:15,143 - INFO - [engine.py:75] - --------------------------------------------------------------------------------
2026-03-06 15:35:16,077 - DEBUG - [akshare_pd.py:78] - 👉 数据列名检查: ['date', 'open', 'high', 'low', 'close', 'volume', 'amount', 'outstanding_share', 'turnover']
2026-03-06 15:35:16,079 - INFO - [engine.py:100] - ⚡ [002131 利欧股份] 盘中数据注入成功！(跳动现价: 8.67)
2026-03-06 15:35:16,081 - DEBUG - [engine.py:105] - 
📊 [002131 利欧股份] 最新 3 行切片检查:
            open  high   low  close       volume  turnover
date                                                      
2026-03-04  7.91  8.43  7.91   8.32  508738564.0  0.086968
2026-03-05  8.53  8.71  8.35   8.57  657218676.0  0.112350
2026-03-06  8.48  8.75  8.40   8.67  525540341.0  0.000000

2026-03-06 15:35:17,037 - DEBUG - [akshare_pd.py:78] - 👉 数据列名检查: ['date', 'open', 'high', 'low', 'close', 'volume', 'amount', 'outstanding_share', 'turnover']
2026-03-06 15:35:17,040 - INFO - [engine.py:100] - ⚡ [600410 华胜天成] 盘中数据注入成功！(跳动现价: 29.73)
2026-03-06 15:35:17,042 - DEBUG - [engine.py:105] - 
📊 [600410 华胜天成] 最新 3 行切片检查:
             open   high    low  close       volume  turnover
date                                                         
2026-03-04  27.00  30.50  27.00  29.06  386607719.0  0.352585
2026-03-05  29.76  29.94  27.95  28.35  325887415.0  0.297208
2026-03-06  28.30  30.05  27.31  29.73  333600749.0  0.000000

2026-03-06 15:35:18,019 - DEBUG - [akshare_pd.py:78] - 👉 数据列名检查: ['date', 'open', 'high', 'low', 'close', 'volume', 'amount', 'outstanding_share', 'turnover']
2026-03-06 15:35:18,021 - INFO - [engine.py:100] - ⚡ [600111 北方稀土] 盘中数据注入成功！(跳动现价: 54.3)
2026-03-06 15:35:18,022 - DEBUG - [engine.py:105] - 
📊 [600111 北方稀土] 最新 3 行切片检查:
             open   high    low  close       volume  turnover
date                                                         
2026-03-04  53.79  57.93  53.66  56.00  142253018.0   0.03935
2026-03-05  56.69  56.88  54.60  55.38   99340440.0   0.02748
2026-03-06  54.60  55.58  53.80  54.30   89120597.0   0.00000

2026-03-06 15:35:19,019 - DEBUG - [akshare_pd.py:78] - 👉 数据列名检查: ['date', 'open', 'high', 'low', 'close', 'volume', 'amount', 'outstanding_share', 'turnover']
2026-03-06 15:35:19,021 - INFO - [engine.py:100] - ⚡ [600938 中国海油] 盘中数据注入成功！(跳动现价: 40.49)
2026-03-06 15:35:19,023 - DEBUG - [engine.py:105] - 
📊 [600938 中国海油] 最新 3 行切片检查:
             open   high    low  close       volume  turnover
date                                                         
2026-03-04  44.50  44.50  39.07  42.85  262523548.0  0.087801
2026-03-05  42.00  42.85  40.56  41.60  168716941.0  0.056427
2026-03-06  40.67  42.38  39.66  40.49  122718533.0  0.000000

2026-03-06 15:35:20,423 - DEBUG - [akshare_pd.py:78] - 👉 数据列名检查: ['date', 'open', 'high', 'low', 'close', 'volume', 'amount', 'outstanding_share', 'turnover']
2026-03-06 15:35:20,428 - INFO - [engine.py:100] - ⚡ [601899 紫金矿业] 盘中数据注入成功！(跳动现价: 37.1)
2026-03-06 15:35:20,430 - DEBUG - [engine.py:105] - 
📊 [601899 紫金矿业] 最新 3 行切片检查:
             open   high    low  close       volume  turnover
date                                                         
2026-03-04  37.70  38.89  37.48  37.96  312570216.0  0.015173
2026-03-05  38.46  38.48  37.20  37.67  260659922.0  0.012653
2026-03-06  37.01  37.48  36.24  37.10  253947012.0  0.000000

2026-03-06 15:35:21,454 - DEBUG - [akshare_pd.py:78] - 👉 数据列名检查: ['date', 'open', 'high', 'low', 'close', 'volume', 'amount', 'outstanding_share', 'turnover']
2026-03-06 15:35:21,455 - INFO - [engine.py:100] - ⚡ [002490 山东墨龙] 盘中数据注入成功！(跳动现价: 13.2)
2026-03-06 15:35:21,458 - DEBUG - [engine.py:105] - 
📊 [002490 山东墨龙] 最新 3 行切片检查:
             open   high    low  close       volume  turnover
date                                                         
2026-03-04  11.72  11.72  11.26  11.72   94199236.0  0.173889
2026-03-05  11.89  12.89  11.89  12.70  111622977.0  0.206052
2026-03-06  12.81  13.65  12.45  13.20  207642733.0  0.000000

2026-03-06 15:35:22,558 - DEBUG - [akshare_pd.py:78] - 👉 数据列名检查: ['date', 'open', 'high', 'low', 'close', 'volume', 'amount', 'outstanding_share', 'turnover']
2026-03-06 15:35:22,561 - INFO - [engine.py:100] - ⚡ [600522 中天科技] 盘中数据注入成功！(跳动现价: 27.38)
2026-03-06 15:35:22,563 - DEBUG - [engine.py:105] - 
📊 [600522 中天科技] 最新 3 行切片检查:
             open   high    low  close       volume  turnover
date                                                         
2026-03-04  28.05  29.50  28.05  28.83  146493128.0  0.042923
2026-03-05  29.31  29.59  27.88  28.82  175497163.0  0.051421
2026-03-06  28.45  28.88  27.22  27.38  163425189.0  0.000000

2026-03-06 15:35:23,552 - DEBUG - [akshare_pd.py:78] - 👉 数据列名检查: ['date', 'open', 'high', 'low', 'close', 'volume', 'amount', 'outstanding_share', 'turnover']
2026-03-06 15:35:23,556 - INFO - [engine.py:100] - ⚡ [601939 建设银行] 盘中数据注入成功！(跳动现价: 8.97)
2026-03-06 15:35:23,558 - DEBUG - [engine.py:105] - 
📊 [601939 建设银行] 最新 3 行切片检查:
            open  high   low  close       volume  turnover
date                                                      
2026-03-04  8.88  8.91  8.73   8.90  154756093.0  0.016131
2026-03-05  8.84  8.97  8.81   8.94   97708509.0  0.010185
2026-03-06  8.94  9.02  8.93   8.97   84773065.0  0.000000

2026-03-06 15:35:24,561 - DEBUG - [akshare_pd.py:78] - 👉 数据列名检查: ['date', 'open', 'high', 'low', 'close', 'volume', 'amount', 'outstanding_share', 'turnover']
2026-03-06 15:35:24,564 - INFO - [engine.py:100] - ⚡ [601179 中国西电] 盘中数据注入成功！(跳动现价: 19.3)
2026-03-06 15:35:24,565 - DEBUG - [engine.py:105] - 
📊 [601179 中国西电] 最新 3 行切片检查:
             open   high    low  close       volume  turnover
date                                                         
2026-03-04  15.14  16.88  15.10  16.46  399706995.0  0.077978
2026-03-05  16.90  18.11  16.68  18.11  324703953.0  0.063346
2026-03-06  18.60  19.58  18.32  19.30  551658894.0  0.000000

2026-03-06 15:35:25,461 - DEBUG - [akshare_pd.py:78] - 👉 数据列名检查: ['date', 'open', 'high', 'low', 'close', 'volume', 'amount', 'outstanding_share', 'turnover']
2026-03-06 15:35:25,463 - INFO - [engine.py:100] - ⚡ [300502 新易盛] 盘中数据注入成功！(跳动现价: 402.0)
2026-03-06 15:35:25,466 - DEBUG - [engine.py:105] - 
📊 [300502 新易盛] 最新 3 行切片检查:
              open    high     low   close      volume  turnover
date                                                            
2026-03-04  377.60  383.88  366.65  369.37  32612232.0  0.036833
2026-03-05  384.94  422.60  383.26  401.24  69677874.0  0.078695
2026-03-06  393.22  412.00  387.09  402.00  40431543.0  0.000000

2026-03-06 15:35:26,428 - DEBUG - [akshare_pd.py:78] - 👉 数据列名检查: ['date', 'open', 'high', 'low', 'close', 'volume', 'amount', 'outstanding_share', 'turnover']
2026-03-06 15:35:26,431 - INFO - [engine.py:100] - ⚡ [600875 东方电气] 盘中数据注入成功！(跳动现价: 44.22)
2026-03-06 15:35:26,433 - DEBUG - [engine.py:105] - 
📊 [600875 东方电气] 最新 3 行切片检查:
             open   high    low  close       volume  turnover
date                                                         
2026-03-04  34.68  38.70  34.67  38.37  165184243.0  0.072982
2026-03-05  39.88  42.21  39.31  42.21   82095614.0  0.036271
2026-03-06  43.01  45.38  43.01  44.22  187461826.0  0.000000

2026-03-06 15:35:27,432 - DEBUG - [akshare_pd.py:78] - 👉 数据列名检查: ['date', 'open', 'high', 'low', 'close', 'volume', 'amount', 'outstanding_share', 'turnover']
2026-03-06 15:35:27,436 - INFO - [engine.py:100] - ⚡ [000547 航天发展] 盘中数据注入成功！(跳动现价: 32.66)
2026-03-06 15:35:27,439 - DEBUG - [engine.py:105] - 
📊 [000547 航天发展] 最新 3 行切片检查:
             open   high   low  close       volume  turnover
date                                                        
2026-03-04  28.51  30.10  27.9  29.35  162686147.0  0.102375
2026-03-05  29.99  32.29  29.0  31.61  311613070.0  0.196091
2026-03-06  31.20  33.99  31.2  32.66  413923343.0  0.000000

2026-03-06 15:35:28,384 - DEBUG - [akshare_pd.py:78] - 👉 数据列名检查: ['date', 'open', 'high', 'low', 'close', 'volume', 'amount', 'outstanding_share', 'turnover']
2026-03-06 15:35:28,387 - INFO - [engine.py:100] - ⚡ [300475 香农芯创] 盘中数据注入成功！(跳动现价: 155.04)
2026-03-06 15:35:28,389 - DEBUG - [engine.py:105] - 
📊 [300475 香农芯创] 最新 3 行切片检查:
              open    high     low   close      volume  turnover
date                                                            
2026-03-04  137.00  146.76  137.00  140.52  31478591.0  0.070678
2026-03-05  145.52  145.98  137.50  138.35  25389295.0  0.057006
2026-03-06  136.80  155.50  136.16  155.04  55438920.0  0.000000

2026-03-06 15:35:29,262 - DEBUG - [akshare_pd.py:78] - 👉 数据列名检查: ['date', 'open', 'high', 'low', 'close', 'volume', 'amount', 'outstanding_share', 'turnover']
2026-03-06 15:35:29,265 - INFO - [engine.py:100] - ⚡ [002202 金风科技] 盘中数据注入成功！(跳动现价: 28.47)
2026-03-06 15:35:29,266 - DEBUG - [engine.py:105] - 
📊 [002202 金风科技] 最新 3 行切片检查:
             open   high    low  close       volume  turnover
date                                                         
2026-03-04  25.87  27.98  25.87  27.01  211912526.0  0.063003
2026-03-05  27.60  28.15  27.11  28.00  241512672.0  0.071804
2026-03-06  27.88  28.98  27.72  28.47  246520317.0  0.000000

2026-03-06 15:35:30,213 - DEBUG - [akshare_pd.py:78] - 👉 数据列名检查: ['date', 'open', 'high', 'low', 'close', 'volume', 'amount', 'outstanding_share', 'turnover']
2026-03-06 15:35:30,215 - INFO - [engine.py:100] - ⚡ [002384 东山精密] 盘中数据注入成功！(跳动现价: 95.45)
2026-03-06 15:35:30,217 - DEBUG - [engine.py:105] - 
📊 [002384 东山精密] 最新 3 行切片检查:
             open   high    low  close      volume  turnover
date                                                        
2026-03-04  91.00  96.50  91.00  95.00  70385414.0  0.050771
2026-03-05  97.85  97.99  92.00  92.70  77927623.0  0.056212
2026-03-06  90.06  98.50  87.97  95.45  90112547.0  0.000000

2026-03-06 15:35:31,034 - DEBUG - [akshare_pd.py:78] - 👉 数据列名检查: ['date', 'open', 'high', 'low', 'close', 'volume', 'amount', 'outstanding_share', 'turnover']
2026-03-06 15:35:31,038 - INFO - [engine.py:100] - ⚡ [300476 胜宏科技] 盘中数据注入成功！(跳动现价: 278.39)
2026-03-06 15:35:31,039 - DEBUG - [engine.py:105] - 
📊 [300476 胜宏科技] 最新 3 行切片检查:
              open    high     low   close      volume  turnover
date                                                            
2026-03-04  280.11  295.55  278.00  286.62  31592393.0  0.036865
2026-03-05  293.10  299.02  280.62  284.95  43502394.0  0.050762
2026-03-06  282.00  285.29  274.91  278.39  29142549.0  0.000000

2026-03-06 15:35:32,299 - DEBUG - [akshare_pd.py:78] - 👉 数据列名检查: ['date', 'open', 'high', 'low', 'close', 'volume', 'amount', 'outstanding_share', 'turnover']
2026-03-06 15:35:32,301 - INFO - [engine.py:100] - ⚡ [300308 中际旭创] 盘中数据注入成功！(跳动现价: 545.48)
2026-03-06 15:35:32,303 - DEBUG - [engine.py:105] - 
📊 [300308 中际旭创] 最新 3 行切片检查:
              open    high     low   close      volume  turnover
date                                                            
2026-03-04  554.02  563.50  536.50  539.00  30742945.0  0.027809
2026-03-05  556.00  585.00  552.60  557.00  37900360.0  0.034283
2026-03-06  553.00  559.98  537.06  545.48  21966767.0  0.000000

2026-03-06 15:35:33,434 - DEBUG - [akshare_pd.py:78] - 👉 数据列名检查: ['date', 'open', 'high', 'low', 'close', 'volume', 'amount', 'outstanding_share', 'turnover']
2026-03-06 15:35:33,438 - INFO - [engine.py:100] - ⚡ [600498 烽火通信] 盘中数据注入成功！(跳动现价: 52.76)
2026-03-06 15:35:33,439 - DEBUG - [engine.py:105] - 
📊 [600498 烽火通信] 最新 3 行切片检查:
            open   high   low  close       volume  turnover
date                                                       
2026-03-04  54.0  58.93  54.0  58.44  159023044.0  0.125055
2026-03-05  59.0  59.61  55.0  56.77  140138675.0  0.110205
2026-03-06  55.5  56.13  52.4  52.76  137240804.0  0.000000

2026-03-06 15:35:34,305 - DEBUG - [akshare_pd.py:78] - 👉 数据列名检查: ['date', 'open', 'high', 'low', 'close', 'volume', 'amount', 'outstanding_share', 'turnover']
2026-03-06 15:35:34,309 - INFO - [engine.py:100] - ⚡ [000988 华工科技] 盘中数据注入成功！(跳动现价: 114.78)
2026-03-06 15:35:34,312 - DEBUG - [engine.py:105] - 
📊 [000988 华工科技] 最新 3 行切片检查:
              open    high     low   close       volume  turnover
date                                                             
2026-03-04   93.85  103.48   93.85  101.55  117365778.0  0.116784
2026-03-05  105.00  111.71   99.55  106.61  155232206.0  0.154462
2026-03-06  106.75  116.09  106.00  114.78  129693070.0  0.000000

2026-03-06 15:35:35,131 - DEBUG - [akshare_pd.py:78] - 👉 数据列名检查: ['date', 'open', 'high', 'low', 'close', 'volume', 'amount', 'outstanding_share', 'turnover']
2026-03-06 15:35:35,133 - INFO - [engine.py:100] - ⚡ [300394 天孚通信] 盘中数据注入成功！(跳动现价: 322.88)
2026-03-06 15:35:35,135 - DEBUG - [engine.py:105] - 
📊 [300394 天孚通信] 最新 3 行切片检查:
              open    high     low   close      volume  turnover
date                                                            
2026-03-04  328.30  343.08  324.00  335.56  28805559.0  0.037128
2026-03-05  342.00  345.97  325.08  334.80  32785993.0  0.042258
2026-03-06  334.57  336.30  318.00  322.88  33215376.0  0.000000

2026-03-06 15:35:35,259 - INFO - [engine.py:162] - ================================================================================
2026-03-06 15:35:35,259 - INFO - [engine.py:163] - 【操作审批纪要 (Execution Summary)】
2026-03-06 15:35:35,259 - INFO - [engine.py:164] - 🔴 002131 (利欧股份) 建议卖出 700 股 | 预估价: 8.67 | 状态: 待老板确认 | 逻辑: 触发最终移动止盈，全仓撤退
2026-03-06 15:35:35,260 - INFO - [engine.py:164] - 🔴 600111 (北方稀土) 建议卖出 100 股 | 预估价: 54.30 | 状态: 待老板确认 | 逻辑: 触发最终移动止盈，全仓撤退
2026-03-06 15:35:35,260 - INFO - [engine.py:164] - 🔴 601899 (紫金矿业) 建议卖出 100 股 | 预估价: 37.10 | 状态: 待老板确认 | 逻辑: 触发最终移动止盈，全仓撤退
2026-03-06 15:35:35,260 - INFO - [engine.py:164] - 🔴 600522 (中天科技) 建议卖出 100 股 | 预估价: 27.38 | 状态: 待老板确认 | 逻辑: 触发最终移动止盈，全仓撤退
2026-03-06 15:35:35,260 - INFO - [engine.py:165] - 🟢 002490 (山东墨龙) 建议买入 12400 股 | 预估价: 13.20 | 状态: 待老板确认 | 逻辑: 平台放量突破(空中加油)，执行第 2 次追击加仓
2026-03-06 15:35:35,260 - INFO - [engine.py:165] - 🟢 601179 (中国西电) 建议买入 8500 股 | 预估价: 19.30 | 状态: 待老板确认 | 逻辑: 顺势金叉确认，首次建仓
2026-03-06 15:35:35,260 - INFO - [engine.py:165] - 🟢 000547 (航天发展) 建议买入 5000 股 | 预估价: 32.66 | 状态: 待老板确认 | 逻辑: 顺势金叉确认，首次建仓
2026-03-06 15:35:35,261 - INFO - [engine.py:165] - 🟢 002202 (金风科技) 建议买入 5700 股 | 预估价: 28.47 | 状态: 待老板确认 | 逻辑: 顺势金叉确认，首次建仓
2026-03-06 15:35:35,261 - INFO - [engine.py:165] - 🟢 002384 (东山精密) 建议买入 1700 股 | 预估价: 95.45 | 状态: 待老板确认 | 逻辑: 顺势金叉确认，首次建仓
2026-03-06 15:35:35,261 - INFO - [engine.py:165] - 🟢 600498 (烽火通信) 建议买入 3100 股 | 预估价: 52.76 | 状态: 待老板确认 | 逻辑: 顺势金叉确认，首次建仓
2026-03-06 15:35:35,261 - INFO - [engine.py:169] - 
【持仓状态确认 (Positions Audit)】
2026-03-06 15:35:35,261 - INFO - [engine.py:171] - 🛡️ 600410 (华胜天成) | 持仓 1 股 | 现价: 29.73 | 浮盈: 5.70%
   └─ 买入日期: 历史遗留 | 开仓逻辑: 未知建仓逻辑
2026-03-06 15:35:35,261 - INFO - [engine.py:171] - 🛡️ 600938 (中国海油) | 持仓 1 股 | 现价: 40.49 | 浮盈: 10.93%
   └─ 买入日期: 历史遗留 | 开仓逻辑: 未知建仓逻辑
2026-03-06 15:35:35,261 - INFO - [engine.py:171] - 🛡️ 601939 (建设银行) | 持仓 200 股 | 现价: 8.97 | 浮盈: 4.06%
   └─ 买入日期: 历史遗留 | 开仓逻辑: 未知建仓逻辑
2026-03-06 15:35:35,261 - INFO - [engine.py:175] - ================================================================================
2026-03-06 15:35:35,262 - INFO - [engine.py:176] - 👀 【交易额最大动态监控池 (优胜劣汰拒绝名单)】
2026-03-06 15:35:35,262 - INFO - [engine.py:187] -    - 🚫 观望 300502 (新易盛): 未形成多头排列
2026-03-06 15:35:35,262 - INFO - [engine.py:187] -    - 🚫 观望 600875 (东方电气): 乖离率偏高 (1.43)
2026-03-06 15:35:35,264 - INFO - [engine.py:187] -    - 🚫 观望 300475 (香农芯创): 未满足缩量回踩或放量突破
2026-03-06 15:35:35,264 - INFO - [engine.py:187] -    - 🚫 观望 300476 (胜宏科技): 未形成多头排列
2026-03-06 15:35:35,264 - INFO - [engine.py:187] -    - 🚫 观望 300308 (中际旭创): 未满足缩量回踩或放量突破
2026-03-06 15:35:35,265 - INFO - [engine.py:187] -    - 🚫 观望 000988 (华工科技): 未形成多头排列
2026-03-06 15:35:35,265 - INFO - [engine.py:187] -    - 🚫 观望 300394 (天孚通信): 未满足缩量回踩或放量突破
2026-03-06 16:28:45,864 - INFO - [config.py:47] - --------------------------------------------------------------------------------
2026-03-06 16:28:45,864 - INFO - [config.py:48] - ⚙️ 【策略参数装载与核对】 -> 依据: optuna_log_20260306_161746.csv
2026-03-06 16:28:45,864 - INFO - [config.py:50] -    - 注入动态寻优参数 : bias_entry_limit: 1.07, ma_long: 80, ma_mid: 41, ma_short: 9, partial_exit_min_profit: 0.1, partial_exit_pct: 0.5, profit_tier1: 0.15, stop_loss_pct: 0.08, trailing_stop_pct: 0.25, unit_size: 0.2
2026-03-06 16:28:45,865 - INFO - [config.py:51] - --------------------------------------------------------------------------------
2026-03-06 16:28:45,908 - INFO - [cloudakpd.py:36] - ============================================================
2026-03-06 16:28:45,909 - INFO - [cloudakpd.py:37] - 📊 [DataCenter] 数据内核启动审计...
2026-03-06 16:28:45,909 - INFO - [cloudakpd.py:38] -    ▫️ 存储模式 : ☁️  云端 (PostgreSQL)
2026-03-06 16:28:45,909 - INFO - [cloudakpd.py:39] -    ▫️ 连接节点 : ep-noisy-dust-a1zv7w56-pooler.ap-southeast-1.aws.neon.tech/neondb
2026-03-06 16:28:48,890 - INFO - [cloudakpd.py:85] - 📂 字段审计完成，当前支持: latest_price, updated_at, volume, turnover_rate, high, low, symbol, amount, trade_date, name, is_closed, open
2026-03-06 16:28:48,890 - INFO - [cloudakpd.py:42] - ============================================================
2026-03-06 16:28:50,336 - INFO - [cloudakpd.py:204] - ---------------------------------------------
2026-03-06 16:28:50,337 - INFO - [cloudakpd.py:205] - 🔍 [审计] 读取成功: 2026-03-06
2026-03-06 16:28:50,338 - INFO - [cloudakpd.py:206] -    ▫️ 标的总数 : 5487 条
2026-03-06 16:28:50,338 - INFO - [cloudakpd.py:207] -    ▫️ 资金状态 : 已收盘定格
2026-03-06 16:28:50,339 - INFO - [cloudakpd.py:208] -    ▫️ 存入时间 : 2026-03-06 16:08:39.651739
2026-03-06 16:28:50,344 - INFO - [cloudakpd.py:210] - 
symbol name  open  latest_price  high   low     volume      amount trade_date
920000 安徽凤凰 18.11         18.08 18.15 17.83   314741.0   5675182.0 2026-03-06
920001 纬达光电 19.30         19.76 20.66 18.85 12871109.0 252320814.0 2026-03-06
920002 万达轴承 92.00         92.23 93.49 92.00   402181.0  37245127.0 2026-03-06
2026-03-06 16:28:50,345 - INFO - [cloudakpd.py:211] - ---------------------------------------------
2026-03-06 16:28:50,346 - INFO - [universe.py:41] - ✅ [UniverseManager] 云端全量快照加载成功，当前监控 5487 只标的。
2026-03-06 16:28:50,346 - INFO - [engine.py:25] - ================================================================================
2026-03-06 16:28:50,346 - INFO - [engine.py:26] -  🚀 启动量化交易实盘中心 (2026-03-06 16:28)
2026-03-06 16:28:50,347 - INFO - [engine.py:27] -    - 📒 人工比对账本 : D:\git\LongTrading\data\live_broker_account.json
2026-03-06 16:28:50,347 - INFO - [engine.py:28] -    - 💸 审计交易流水 : D:\git\LongTrading\data\live_trade_ledger.csv
2026-03-06 16:28:50,348 - INFO - [engine.py:29] - ================================================================================
2026-03-06 16:28:50,355 - WARNING - [ledger.py:63] - 🚨 【对账异常】 002131 系统应有 0 与 真实持有 700不一致。系统已强制以人工为准重新校准！
2026-03-06 16:28:50,356 - WARNING - [ledger.py:63] - 🚨 【对账异常】 600111 系统应有 0 与 真实持有 100不一致。系统已强制以人工为准重新校准！
2026-03-06 16:28:50,356 - WARNING - [ledger.py:63] - 🚨 【对账异常】 002490 系统应有 12401 与 真实持有 1不一致。系统已强制以人工为准重新校准！
2026-03-06 16:28:50,356 - WARNING - [ledger.py:63] - 🚨 【对账异常】 002384 系统应有 1700 与 真实持有 0不一致。系统已强制以人工为准重新校准！
2026-03-06 16:28:50,357 - WARNING - [ledger.py:63] - 🚨 【对账异常】 600522 系统应有 0 与 真实持有 100不一致。系统已强制以人工为准重新校准！
2026-03-06 16:28:50,357 - WARNING - [ledger.py:63] - 🚨 【对账异常】 601899 系统应有 0 与 真实持有 100不一致。系统已强制以人工为准重新校准！
2026-03-06 16:28:50,357 - WARNING - [ledger.py:63] - 🚨 【对账异常】 000547 系统应有 5000 与 真实持有 0不一致。系统已强制以人工为准重新校准！
2026-03-06 16:28:50,357 - WARNING - [ledger.py:63] - 🚨 【对账异常】 002202 系统应有 5700 与 真实持有 0不一致。系统已强制以人工为准重新校准！
2026-03-06 16:28:50,357 - WARNING - [ledger.py:63] - 🚨 【对账异常】 600498 系统应有 3100 与 真实持有 0不一致。系统已强制以人工为准重新校准！
2026-03-06 16:28:50,357 - WARNING - [ledger.py:63] - 🚨 【对账异常】 601179 系统应有 8500 与 真实持有 0不一致。系统已强制以人工为准重新校准！
2026-03-06 16:28:50,357 - INFO - [engine.py:37] - 📡 正在全盘扫描历史数据与近期快照，构建动态监控池...
2026-03-06 16:28:50,359 - INFO - [universe.py:83] - 📊 正在通过云端 SQL 审计近 20 个交易日的热点标的...
2026-03-06 16:28:50,747 - INFO - [universe.py:130] - ✅ [UniverseManager] 动态股票池已对齐云端，当前池规模: 20
2026-03-06 16:28:50,748 - INFO - [engine.py:39] - 🏦 会计部接管完毕: 可用现金 【10,000,000.00 元】，真实持仓 【8 只】，雷达标的 【20 只】。
2026-03-06 16:28:50,748 - INFO - [engine.py:40] - 🎯 监控池构建完毕: 汇聚近 20 日霸榜标的，实盘监控总数: 【20 只】。
2026-03-06 16:28:50,750 - INFO - [engine.py:68] - --------------------------------------------------------------------------------
2026-03-06 16:28:50,750 - INFO - [engine.py:69] - 【盘前资产风控评估 (Pre-Trade NAV Dashboard)】
2026-03-06 16:28:50,750 - INFO - [engine.py:70] -    - 可用现金 (Available Cash) : 10,000,000.00
2026-03-06 16:28:50,750 - INFO - [engine.py:71] -    - 持仓成本 (Total Cost)     : 21,274.03
2026-03-06 16:28:50,750 - INFO - [engine.py:72] -    - 持仓市值 (Market Value)   : 19,824.42
2026-03-06 16:28:50,751 - INFO - [engine.py:73] -    - 净 资 产 (Total Equity)   : 10,019,824.42
2026-03-06 16:28:50,751 - INFO - [engine.py:74] -    - 账面浮盈 (Floating PnL)   : -1,449.61 (-6.81%)
2026-03-06 16:28:50,751 - INFO - [engine.py:75] - --------------------------------------------------------------------------------
2026-03-06 16:28:51,892 - DEBUG - [akshare_pd.py:78] - 👉 数据列名检查: ['date', 'open', 'high', 'low', 'close', 'volume', 'amount', 'outstanding_share', 'turnover']
2026-03-06 16:28:51,896 - INFO - [engine.py:100] - ⚡ [002131 利欧股份] 盘中数据注入成功！(跳动现价: 8.67)
2026-03-06 16:28:51,898 - DEBUG - [engine.py:105] - 
📊 [002131 利欧股份] 最新 3 行切片检查:
            open  high   low  close       volume  turnover
date                                                      
2026-03-04  7.91  8.43  7.91   8.32  508738564.0  0.086968
2026-03-05  8.53  8.71  8.35   8.57  657218676.0  0.112350
2026-03-06  8.48  8.75  8.40   8.67  525540341.0  0.000000

2026-03-06 16:28:52,943 - DEBUG - [akshare_pd.py:78] - 👉 数据列名检查: ['date', 'open', 'high', 'low', 'close', 'volume', 'amount', 'outstanding_share', 'turnover']
2026-03-06 16:28:52,949 - INFO - [engine.py:100] - ⚡ [600410 华胜天成] 盘中数据注入成功！(跳动现价: 29.73)
2026-03-06 16:28:52,952 - DEBUG - [engine.py:105] - 
📊 [600410 华胜天成] 最新 3 行切片检查:
             open   high    low  close       volume  turnover
date                                                         
2026-03-04  27.00  30.50  27.00  29.06  386607719.0  0.352585
2026-03-05  29.76  29.94  27.95  28.35  325887415.0  0.297208
2026-03-06  28.30  30.05  27.31  29.73  333600749.0  0.000000

2026-03-06 16:28:54,045 - DEBUG - [akshare_pd.py:78] - 👉 数据列名检查: ['date', 'open', 'high', 'low', 'close', 'volume', 'amount', 'outstanding_share', 'turnover']
2026-03-06 16:28:54,049 - INFO - [engine.py:100] - ⚡ [600111 北方稀土] 盘中数据注入成功！(跳动现价: 54.3)
2026-03-06 16:28:54,051 - DEBUG - [engine.py:105] - 
📊 [600111 北方稀土] 最新 3 行切片检查:
             open   high    low  close       volume  turnover
date                                                         
2026-03-04  53.79  57.93  53.66  56.00  142253018.0   0.03935
2026-03-05  56.69  56.88  54.60  55.38   99340440.0   0.02748
2026-03-06  54.60  55.58  53.80  54.30   89120597.0   0.00000

2026-03-06 16:28:55,070 - DEBUG - [akshare_pd.py:78] - 👉 数据列名检查: ['date', 'open', 'high', 'low', 'close', 'volume', 'amount', 'outstanding_share', 'turnover']
2026-03-06 16:28:55,073 - INFO - [engine.py:100] - ⚡ [600938 中国海油] 盘中数据注入成功！(跳动现价: 40.49)
2026-03-06 16:28:55,074 - DEBUG - [engine.py:105] - 
📊 [600938 中国海油] 最新 3 行切片检查:
             open   high    low  close       volume  turnover
date                                                         
2026-03-04  44.50  44.50  39.07  42.85  262523548.0  0.087801
2026-03-05  42.00  42.85  40.56  41.60  168716941.0  0.056427
2026-03-06  40.67  42.38  39.66  40.49  122718533.0  0.000000

2026-03-06 16:28:56,453 - DEBUG - [akshare_pd.py:78] - 👉 数据列名检查: ['date', 'open', 'high', 'low', 'close', 'volume', 'amount', 'outstanding_share', 'turnover']
2026-03-06 16:28:56,455 - INFO - [engine.py:100] - ⚡ [601899 紫金矿业] 盘中数据注入成功！(跳动现价: 37.1)
2026-03-06 16:28:56,457 - DEBUG - [engine.py:105] - 
📊 [601899 紫金矿业] 最新 3 行切片检查:
             open   high    low  close       volume  turnover
date                                                         
2026-03-04  37.70  38.89  37.48  37.96  312570216.0  0.015173
2026-03-05  38.46  38.48  37.20  37.67  260659922.0  0.012653
2026-03-06  37.01  37.48  36.24  37.10  253947012.0  0.000000

2026-03-06 16:28:57,572 - DEBUG - [akshare_pd.py:78] - 👉 数据列名检查: ['date', 'open', 'high', 'low', 'close', 'volume', 'amount', 'outstanding_share', 'turnover']
2026-03-06 16:28:57,578 - INFO - [engine.py:100] - ⚡ [002490 山东墨龙] 盘中数据注入成功！(跳动现价: 13.2)
2026-03-06 16:28:57,581 - DEBUG - [engine.py:105] - 
📊 [002490 山东墨龙] 最新 3 行切片检查:
             open   high    low  close       volume  turnover
date                                                         
2026-03-04  11.72  11.72  11.26  11.72   94199236.0  0.173889
2026-03-05  11.89  12.89  11.89  12.70  111622977.0  0.206052
2026-03-06  12.81  13.65  12.45  13.20  207642733.0  0.000000

2026-03-06 16:28:58,679 - DEBUG - [akshare_pd.py:78] - 👉 数据列名检查: ['date', 'open', 'high', 'low', 'close', 'volume', 'amount', 'outstanding_share', 'turnover']
2026-03-06 16:28:58,685 - INFO - [engine.py:100] - ⚡ [600522 中天科技] 盘中数据注入成功！(跳动现价: 27.38)
2026-03-06 16:28:58,687 - DEBUG - [engine.py:105] - 
📊 [600522 中天科技] 最新 3 行切片检查:
             open   high    low  close       volume  turnover
date                                                         
2026-03-04  28.05  29.50  28.05  28.83  146493128.0  0.042923
2026-03-05  29.31  29.59  27.88  28.82  175497163.0  0.051421
2026-03-06  28.45  28.88  27.22  27.38  163425189.0  0.000000

2026-03-06 16:28:59,688 - DEBUG - [akshare_pd.py:78] - 👉 数据列名检查: ['date', 'open', 'high', 'low', 'close', 'volume', 'amount', 'outstanding_share', 'turnover']
2026-03-06 16:28:59,690 - INFO - [engine.py:100] - ⚡ [601939 建设银行] 盘中数据注入成功！(跳动现价: 8.97)
2026-03-06 16:28:59,692 - DEBUG - [engine.py:105] - 
📊 [601939 建设银行] 最新 3 行切片检查:
            open  high   low  close       volume  turnover
date                                                      
2026-03-04  8.88  8.91  8.73   8.90  154756093.0  0.016131
2026-03-05  8.84  8.97  8.81   8.94   97708509.0  0.010185
2026-03-06  8.94  9.02  8.93   8.97   84773065.0  0.000000

2026-03-06 16:29:00,692 - DEBUG - [akshare_pd.py:78] - 👉 数据列名检查: ['date', 'open', 'high', 'low', 'close', 'volume', 'amount', 'outstanding_share', 'turnover']
2026-03-06 16:29:00,697 - INFO - [engine.py:100] - ⚡ [601179 中国西电] 盘中数据注入成功！(跳动现价: 19.3)
2026-03-06 16:29:00,700 - DEBUG - [engine.py:105] - 
📊 [601179 中国西电] 最新 3 行切片检查:
             open   high    low  close       volume  turnover
date                                                         
2026-03-04  15.14  16.88  15.10  16.46  399706995.0  0.077978
2026-03-05  16.90  18.11  16.68  18.11  324703953.0  0.063346
2026-03-06  18.60  19.58  18.32  19.30  551658894.0  0.000000

2026-03-06 16:29:01,751 - DEBUG - [akshare_pd.py:78] - 👉 数据列名检查: ['date', 'open', 'high', 'low', 'close', 'volume', 'amount', 'outstanding_share', 'turnover']
2026-03-06 16:29:01,755 - INFO - [engine.py:100] - ⚡ [300502 新易盛] 盘中数据注入成功！(跳动现价: 402.0)
2026-03-06 16:29:01,757 - DEBUG - [engine.py:105] - 
📊 [300502 新易盛] 最新 3 行切片检查:
              open    high     low   close      volume  turnover
date                                                            
2026-03-04  377.60  383.88  366.65  369.37  32612232.0  0.036833
2026-03-05  384.94  422.60  383.26  401.24  69677874.0  0.078695
2026-03-06  393.22  412.00  387.09  402.00  40431543.0  0.000000

2026-03-06 16:29:02,855 - DEBUG - [akshare_pd.py:78] - 👉 数据列名检查: ['date', 'open', 'high', 'low', 'close', 'volume', 'amount', 'outstanding_share', 'turnover']
2026-03-06 16:29:02,863 - INFO - [engine.py:100] - ⚡ [600875 东方电气] 盘中数据注入成功！(跳动现价: 44.22)
2026-03-06 16:29:02,866 - DEBUG - [engine.py:105] - 
📊 [600875 东方电气] 最新 3 行切片检查:
             open   high    low  close       volume  turnover
date                                                         
2026-03-04  34.68  38.70  34.67  38.37  165184243.0  0.072982
2026-03-05  39.88  42.21  39.31  42.21   82095614.0  0.036271
2026-03-06  43.01  45.38  43.01  44.22  187461826.0  0.000000

2026-03-06 16:29:03,980 - DEBUG - [akshare_pd.py:78] - 👉 数据列名检查: ['date', 'open', 'high', 'low', 'close', 'volume', 'amount', 'outstanding_share', 'turnover']
2026-03-06 16:29:03,986 - INFO - [engine.py:100] - ⚡ [000547 航天发展] 盘中数据注入成功！(跳动现价: 32.66)
2026-03-06 16:29:03,989 - DEBUG - [engine.py:105] - 
📊 [000547 航天发展] 最新 3 行切片检查:
             open   high   low  close       volume  turnover
date                                                        
2026-03-04  28.51  30.10  27.9  29.35  162686147.0  0.102375
2026-03-05  29.99  32.29  29.0  31.61  311613070.0  0.196091
2026-03-06  31.20  33.99  31.2  32.66  413923343.0  0.000000

2026-03-06 16:29:05,034 - DEBUG - [akshare_pd.py:78] - 👉 数据列名检查: ['date', 'open', 'high', 'low', 'close', 'volume', 'amount', 'outstanding_share', 'turnover']
2026-03-06 16:29:05,038 - INFO - [engine.py:100] - ⚡ [300475 香农芯创] 盘中数据注入成功！(跳动现价: 155.04)
2026-03-06 16:29:05,040 - DEBUG - [engine.py:105] - 
📊 [300475 香农芯创] 最新 3 行切片检查:
              open    high     low   close      volume  turnover
date                                                            
2026-03-04  137.00  146.76  137.00  140.52  31478591.0  0.070678
2026-03-05  145.52  145.98  137.50  138.35  25389295.0  0.057006
2026-03-06  136.80  155.50  136.16  155.04  55438920.0  0.000000

2026-03-06 16:29:06,215 - DEBUG - [akshare_pd.py:78] - 👉 数据列名检查: ['date', 'open', 'high', 'low', 'close', 'volume', 'amount', 'outstanding_share', 'turnover']
2026-03-06 16:29:06,218 - INFO - [engine.py:100] - ⚡ [002202 金风科技] 盘中数据注入成功！(跳动现价: 28.47)
2026-03-06 16:29:06,220 - DEBUG - [engine.py:105] - 
📊 [002202 金风科技] 最新 3 行切片检查:
             open   high    low  close       volume  turnover
date                                                         
2026-03-04  25.87  27.98  25.87  27.01  211912526.0  0.063003
2026-03-05  27.60  28.15  27.11  28.00  241512672.0  0.071804
2026-03-06  27.88  28.98  27.72  28.47  246520317.0  0.000000

2026-03-06 16:29:07,256 - DEBUG - [akshare_pd.py:78] - 👉 数据列名检查: ['date', 'open', 'high', 'low', 'close', 'volume', 'amount', 'outstanding_share', 'turnover']
2026-03-06 16:29:07,260 - INFO - [engine.py:100] - ⚡ [002384 东山精密] 盘中数据注入成功！(跳动现价: 95.45)
2026-03-06 16:29:07,261 - DEBUG - [engine.py:105] - 
📊 [002384 东山精密] 最新 3 行切片检查:
             open   high    low  close      volume  turnover
date                                                        
2026-03-04  91.00  96.50  91.00  95.00  70385414.0  0.050771
2026-03-05  97.85  97.99  92.00  92.70  77927623.0  0.056212
2026-03-06  90.06  98.50  87.97  95.45  90112547.0  0.000000

2026-03-06 16:29:08,659 - DEBUG - [akshare_pd.py:78] - 👉 数据列名检查: ['date', 'open', 'high', 'low', 'close', 'volume', 'amount', 'outstanding_share', 'turnover']
2026-03-06 16:29:08,661 - INFO - [engine.py:100] - ⚡ [300476 胜宏科技] 盘中数据注入成功！(跳动现价: 278.39)
2026-03-06 16:29:08,663 - DEBUG - [engine.py:105] - 
📊 [300476 胜宏科技] 最新 3 行切片检查:
              open    high     low   close      volume  turnover
date                                                            
2026-03-04  280.11  295.55  278.00  286.62  31592393.0  0.036865
2026-03-05  293.10  299.02  280.62  284.95  43502394.0  0.050762
2026-03-06  282.00  285.29  274.91  278.39  29142549.0  0.000000

2026-03-06 16:29:09,741 - DEBUG - [akshare_pd.py:78] - 👉 数据列名检查: ['date', 'open', 'high', 'low', 'close', 'volume', 'amount', 'outstanding_share', 'turnover']
2026-03-06 16:29:09,744 - INFO - [engine.py:100] - ⚡ [300308 中际旭创] 盘中数据注入成功！(跳动现价: 545.48)
2026-03-06 16:29:09,747 - DEBUG - [engine.py:105] - 
📊 [300308 中际旭创] 最新 3 行切片检查:
              open    high     low   close      volume  turnover
date                                                            
2026-03-04  554.02  563.50  536.50  539.00  30742945.0  0.027809
2026-03-05  556.00  585.00  552.60  557.00  37900360.0  0.034283
2026-03-06  553.00  559.98  537.06  545.48  21966767.0  0.000000

2026-03-06 16:29:10,951 - DEBUG - [akshare_pd.py:78] - 👉 数据列名检查: ['date', 'open', 'high', 'low', 'close', 'volume', 'amount', 'outstanding_share', 'turnover']
2026-03-06 16:29:10,955 - INFO - [engine.py:100] - ⚡ [600498 烽火通信] 盘中数据注入成功！(跳动现价: 52.76)
2026-03-06 16:29:10,956 - DEBUG - [engine.py:105] - 
📊 [600498 烽火通信] 最新 3 行切片检查:
            open   high   low  close       volume  turnover
date                                                       
2026-03-04  54.0  58.93  54.0  58.44  159023044.0  0.125055
2026-03-05  59.0  59.61  55.0  56.77  140138675.0  0.110205
2026-03-06  55.5  56.13  52.4  52.76  137240804.0  0.000000

2026-03-06 16:29:12,082 - DEBUG - [akshare_pd.py:78] - 👉 数据列名检查: ['date', 'open', 'high', 'low', 'close', 'volume', 'amount', 'outstanding_share', 'turnover']
2026-03-06 16:29:12,085 - INFO - [engine.py:100] - ⚡ [000988 华工科技] 盘中数据注入成功！(跳动现价: 114.78)
2026-03-06 16:29:12,086 - DEBUG - [engine.py:105] - 
📊 [000988 华工科技] 最新 3 行切片检查:
              open    high     low   close       volume  turnover
date                                                             
2026-03-04   93.85  103.48   93.85  101.55  117365778.0  0.116784
2026-03-05  105.00  111.71   99.55  106.61  155232206.0  0.154462
2026-03-06  106.75  116.09  106.00  114.78  129693070.0  0.000000

2026-03-06 16:29:13,025 - DEBUG - [akshare_pd.py:78] - 👉 数据列名检查: ['date', 'open', 'high', 'low', 'close', 'volume', 'amount', 'outstanding_share', 'turnover']
2026-03-06 16:29:13,028 - INFO - [engine.py:100] - ⚡ [300394 天孚通信] 盘中数据注入成功！(跳动现价: 322.88)
2026-03-06 16:29:13,030 - DEBUG - [engine.py:105] - 
📊 [300394 天孚通信] 最新 3 行切片检查:
              open    high     low   close      volume  turnover
date                                                            
2026-03-04  328.30  343.08  324.00  335.56  28805559.0  0.037128
2026-03-05  342.00  345.97  325.08  334.80  32785993.0  0.042258
2026-03-06  334.57  336.30  318.00  322.88  33215376.0  0.000000

2026-03-06 16:29:13,150 - INFO - [engine.py:162] - ================================================================================
2026-03-06 16:29:13,151 - INFO - [engine.py:163] - 【操作审批纪要 (Execution Summary)】
2026-03-06 16:29:13,151 - INFO - [engine.py:164] - 🔴 600111 (北方稀土) 建议卖出 100 股 | 预估价: 54.30 | 状态: 待老板确认 | 逻辑: 触及 8% 硬止损
2026-03-06 16:29:13,152 - INFO - [engine.py:164] - 🔴 601899 (紫金矿业) 建议卖出 100 股 | 预估价: 37.10 | 状态: 待老板确认 | 逻辑: 触及 8% 硬止损
2026-03-06 16:29:13,152 - INFO - [engine.py:164] - 🔴 600522 (中天科技) 建议卖出 100 股 | 预估价: 27.38 | 状态: 待老板确认 | 逻辑: 触及 8% 硬止损
2026-03-06 16:29:13,152 - INFO - [engine.py:165] - 🟢 002490 (山东墨龙) 建议买入 7500 股 | 预估价: 13.20 | 状态: 待老板确认 | 逻辑: 平台放量突破(空中加油)，执行第 2 次追击加仓
2026-03-06 16:29:13,152 - INFO - [engine.py:165] - 🟢 002202 (金风科技) 建议买入 3500 股 | 预估价: 28.47 | 状态: 待老板确认 | 逻辑: 顺势金叉确认，首次建仓
2026-03-06 16:29:13,152 - INFO - [engine.py:169] - 
【持仓状态确认 (Positions Audit)】
2026-03-06 16:29:13,152 - INFO - [engine.py:171] - 🛡️ 002131 (利欧股份) | 持仓 700 股 | 现价: 8.67 | 浮盈: -4.73%
   └─ 买入日期: 历史遗留 | 开仓逻辑: 未知建仓逻辑
2026-03-06 16:29:13,153 - INFO - [engine.py:171] - 🛡️ 600410 (华胜天成) | 持仓 1 股 | 现价: 29.73 | 浮盈: 5.70%
   └─ 买入日期: 历史遗留 | 开仓逻辑: 未知建仓逻辑
2026-03-06 16:29:13,153 - INFO - [engine.py:171] - 🛡️ 600938 (中国海油) | 持仓 1 股 | 现价: 40.49 | 浮盈: 10.93%
   └─ 买入日期: 历史遗留 | 开仓逻辑: 未知建仓逻辑
2026-03-06 16:29:13,153 - INFO - [engine.py:171] - 🛡️ 601939 (建设银行) | 持仓 200 股 | 现价: 8.97 | 浮盈: 4.06%
   └─ 买入日期: 历史遗留 | 开仓逻辑: 未知建仓逻辑
2026-03-06 16:29:13,153 - INFO - [engine.py:175] - ================================================================================
2026-03-06 16:29:13,153 - INFO - [engine.py:176] - 👀 【交易额最大动态监控池 (优胜劣汰拒绝名单)】
2026-03-06 16:29:13,154 - INFO - [engine.py:187] -    - 🚫 观望 601179 (中国西电): 乖离率偏高 (1.36)
2026-03-06 16:29:13,154 - INFO - [engine.py:187] -    - 🚫 观望 300502 (新易盛): 未形成多头排列
2026-03-06 16:29:13,154 - INFO - [engine.py:187] -    - 🚫 观望 600875 (东方电气): 乖离率偏高 (1.52)
2026-03-06 16:29:13,155 - INFO - [engine.py:187] -    - 🚫 观望 000547 (航天发展): 未满足缩量回踩或放量突破
2026-03-06 16:29:13,155 - INFO - [engine.py:187] -    - 🚫 观望 300475 (香农芯创): 未形成多头排列
2026-03-06 16:29:13,156 - INFO - [engine.py:187] -    - 🚫 观望 002384 (东山精密): 未形成多头排列
2026-03-06 16:29:13,156 - INFO - [engine.py:187] -    - 🚫 观望 300476 (胜宏科技): 未形成多头排列
2026-03-06 16:29:13,157 - INFO - [engine.py:187] -    - 🚫 观望 300308 (中际旭创): 未形成多头排列
2026-03-06 16:29:13,158 - INFO - [engine.py:187] -    - 🚫 观望 600498 (烽火通信): 乖离率偏高 (1.25)
2026-03-06 16:29:13,158 - INFO - [engine.py:187] -    - 🚫 观望 000988 (华工科技): 未形成多头排列
2026-03-06 16:29:13,158 - INFO - [engine.py:187] -    - 🚫 观望 300394 (天孚通信): 乖离率偏高 (1.28)
2026-03-06 16:59:10,854 - INFO - [config.py:47] - --------------------------------------------------------------------------------
2026-03-06 16:59:10,854 - INFO - [config.py:48] - ⚙️ 【策略参数装载与核对】 -> 依据: optuna_log_20260306_161746.csv
2026-03-06 16:59:10,855 - INFO - [config.py:50] -    - 注入动态寻优参数 : bias_entry_limit: 1.07, ma_long: 80, ma_mid: 41, ma_short: 9, partial_exit_min_profit: 0.1, partial_exit_pct: 0.5, profit_tier1: 0.15, stop_loss_pct: 0.08, trailing_stop_pct: 0.25, unit_size: 0.2
2026-03-06 16:59:10,855 - INFO - [config.py:51] - --------------------------------------------------------------------------------
2026-03-06 16:59:10,890 - INFO - [cloudakpd.py:36] - ============================================================
2026-03-06 16:59:10,890 - INFO - [cloudakpd.py:37] - 📊 [DataCenter] 数据内核启动审计...
2026-03-06 16:59:10,890 - INFO - [cloudakpd.py:38] -    ▫️ 存储模式 : ☁️  云端 (PostgreSQL)
2026-03-06 16:59:10,891 - INFO - [cloudakpd.py:39] -    ▫️ 连接节点 : ep-noisy-dust-a1zv7w56-pooler.ap-southeast-1.aws.neon.tech/neondb
2026-03-06 16:59:14,731 - INFO - [cloudakpd.py:85] - 📂 字段审计完成，当前支持: updated_at, symbol, name, latest_price, low, is_closed, turnover_rate, trade_date, amount, high, volume, open
2026-03-06 16:59:14,732 - INFO - [cloudakpd.py:42] - ============================================================
2026-03-06 16:59:16,624 - INFO - [cloudakpd.py:204] - ---------------------------------------------
2026-03-06 16:59:16,625 - INFO - [cloudakpd.py:205] - 🔍 [审计] 读取成功: 2026-03-06
2026-03-06 16:59:16,625 - INFO - [cloudakpd.py:206] -    ▫️ 标的总数 : 5487 条
2026-03-06 16:59:16,625 - INFO - [cloudakpd.py:207] -    ▫️ 资金状态 : 已收盘定格
2026-03-06 16:59:16,626 - INFO - [cloudakpd.py:208] -    ▫️ 存入时间 : 2026-03-06 16:08:39.651739
2026-03-06 16:59:16,630 - INFO - [cloudakpd.py:210] - 
symbol name  open  latest_price  high   low     volume      amount trade_date
920000 安徽凤凰 18.11         18.08 18.15 17.83   314741.0   5675182.0 2026-03-06
920001 纬达光电 19.30         19.76 20.66 18.85 12871109.0 252320814.0 2026-03-06
920002 万达轴承 92.00         92.23 93.49 92.00   402181.0  37245127.0 2026-03-06
2026-03-06 16:59:16,630 - INFO - [cloudakpd.py:211] - ---------------------------------------------
2026-03-06 16:59:16,630 - INFO - [universe.py:41] - ✅ [UniverseManager] 云端全量快照加载成功，当前监控 5487 只标的。
2026-03-06 16:59:16,630 - INFO - [engine.py:25] - ================================================================================
2026-03-06 16:59:16,630 - INFO - [engine.py:26] -  🚀 启动量化交易实盘中心 (2026-03-06 16:59)
2026-03-06 16:59:16,630 - INFO - [engine.py:27] -    - 📒 人工比对账本 : D:\git\LongTrading\data\live_broker_account.json
2026-03-06 16:59:16,631 - INFO - [engine.py:28] -    - 💸 审计交易流水 : D:\git\LongTrading\data\live_trade_ledger.csv
2026-03-06 16:59:16,631 - INFO - [engine.py:29] - ================================================================================
2026-03-06 16:59:16,634 - INFO - [engine.py:37] - 📡 正在全盘扫描历史数据与近期快照，构建动态监控池...
2026-03-06 16:59:16,635 - INFO - [universe.py:83] - 📊 正在通过云端 SQL 审计近 20 个交易日的热点标的...
2026-03-06 16:59:17,014 - INFO - [universe.py:130] - ✅ [UniverseManager] 动态股票池已对齐云端，当前池规模: 20
2026-03-06 16:59:17,014 - INFO - [engine.py:39] - 🏦 会计部接管完毕: 可用现金 【10,000,000.00 元】，真实持仓 【8 只】，雷达标的 【20 只】。
2026-03-06 16:59:17,014 - INFO - [engine.py:40] - 🎯 监控池构建完毕: 汇聚近 20 日霸榜标的，实盘监控总数: 【20 只】。
2026-03-06 16:59:17,016 - INFO - [engine.py:68] - --------------------------------------------------------------------------------
2026-03-06 16:59:17,017 - INFO - [engine.py:69] - 【盘前资产风控评估 (Pre-Trade NAV Dashboard)】
2026-03-06 16:59:17,017 - INFO - [engine.py:70] -    - 可用现金 (Available Cash) : 10,000,000.00
2026-03-06 16:59:17,017 - INFO - [engine.py:71] -    - 持仓成本 (Total Cost)     : 21,274.03
2026-03-06 16:59:17,017 - INFO - [engine.py:72] -    - 持仓市值 (Market Value)   : 19,824.42
2026-03-06 16:59:17,017 - INFO - [engine.py:73] -    - 净 资 产 (Total Equity)   : 10,019,824.42
2026-03-06 16:59:17,017 - INFO - [engine.py:74] -    - 账面浮盈 (Floating PnL)   : -1,449.61 (-6.81%)
2026-03-06 16:59:17,018 - INFO - [engine.py:75] - --------------------------------------------------------------------------------
2026-03-06 16:59:18,000 - DEBUG - [akshare_pd.py:78] - 👉 数据列名检查: ['date', 'open', 'high', 'low', 'close', 'volume', 'amount', 'outstanding_share', 'turnover']
2026-03-06 16:59:18,003 - DEBUG - [engine.py:105] - 
📊 [002131 利欧股份] 最新 3 行切片检查:
            open  high   low  close       volume  turnover
date                                                      
2026-03-04  7.91  8.43  7.91   8.32  508738564.0  0.086968
2026-03-05  8.53  8.71  8.35   8.57  657218676.0  0.112350
2026-03-06  8.48  8.75  8.40   8.67  525540341.0  0.089840

2026-03-06 16:59:19,056 - DEBUG - [akshare_pd.py:78] - 👉 数据列名检查: ['date', 'open', 'high', 'low', 'close', 'volume', 'amount', 'outstanding_share', 'turnover']
2026-03-06 16:59:19,059 - DEBUG - [engine.py:105] - 
📊 [600410 华胜天成] 最新 3 行切片检查:
             open   high    low  close       volume  turnover
date                                                         
2026-03-04  27.00  30.50  27.00  29.06  386607719.0  0.352585
2026-03-05  29.76  29.94  27.95  28.35  325887415.0  0.297208
2026-03-06  28.30  30.05  27.31  29.73  333600749.0  0.304243

2026-03-06 16:59:20,139 - DEBUG - [akshare_pd.py:78] - 👉 数据列名检查: ['date', 'open', 'high', 'low', 'close', 'volume', 'amount', 'outstanding_share', 'turnover']
2026-03-06 16:59:20,142 - DEBUG - [engine.py:105] - 
📊 [600111 北方稀土] 最新 3 行切片检查:
             open   high    low  close       volume  turnover
date                                                         
2026-03-04  53.79  57.93  53.66  56.00  142253018.0  0.039350
2026-03-05  56.69  56.88  54.60  55.38   99340440.0  0.027480
2026-03-06  54.60  55.58  53.80  54.30   89120597.0  0.024653

2026-03-06 16:59:21,129 - DEBUG - [akshare_pd.py:78] - 👉 数据列名检查: ['date', 'open', 'high', 'low', 'close', 'volume', 'amount', 'outstanding_share', 'turnover']
2026-03-06 16:59:21,133 - DEBUG - [engine.py:105] - 
📊 [600938 中国海油] 最新 3 行切片检查:
             open   high    low  close       volume  turnover
date                                                         
2026-03-04  44.50  44.50  39.07  42.85  262523548.0  0.087801
2026-03-05  42.00  42.85  40.56  41.60  168716941.0  0.056427
2026-03-06  40.67  42.38  39.66  40.49  122718533.0  0.041043

2026-03-06 16:59:22,196 - DEBUG - [akshare_pd.py:78] - 👉 数据列名检查: ['date', 'open', 'high', 'low', 'close', 'volume', 'amount', 'outstanding_share', 'turnover']
2026-03-06 16:59:22,199 - DEBUG - [engine.py:105] - 
📊 [601899 紫金矿业] 最新 3 行切片检查:
             open   high    low  close       volume  turnover
date                                                         
2026-03-04  37.70  38.89  37.48  37.96  312570216.0  0.015173
2026-03-05  38.46  38.48  37.20  37.67  260659922.0  0.012653
2026-03-06  37.01  37.48  36.24  37.10  253947012.0  0.012327

2026-03-06 16:59:23,116 - DEBUG - [akshare_pd.py:78] - 👉 数据列名检查: ['date', 'open', 'high', 'low', 'close', 'volume', 'amount', 'outstanding_share', 'turnover']
2026-03-06 16:59:23,120 - DEBUG - [engine.py:105] - 
📊 [002490 山东墨龙] 最新 3 行切片检查:
             open   high    low  close       volume  turnover
date                                                         
2026-03-04  11.72  11.72  11.26  11.72   94199236.0  0.173889
2026-03-05  11.89  12.89  11.89  12.70  111622977.0  0.206052
2026-03-06  12.81  13.65  12.45  13.20  207642733.0  0.383301

2026-03-06 16:59:24,079 - DEBUG - [akshare_pd.py:78] - 👉 数据列名检查: ['date', 'open', 'high', 'low', 'close', 'volume', 'amount', 'outstanding_share', 'turnover']
2026-03-06 16:59:24,082 - DEBUG - [engine.py:105] - 
📊 [600522 中天科技] 最新 3 行切片检查:
             open   high    low  close       volume  turnover
date                                                         
2026-03-04  28.05  29.50  28.05  28.83  146493128.0  0.042923
2026-03-05  29.31  29.59  27.88  28.82  175497163.0  0.051421
2026-03-06  28.45  28.88  27.22  27.38  163425189.0  0.047884

2026-03-06 16:59:25,107 - DEBUG - [akshare_pd.py:78] - 👉 数据列名检查: ['date', 'open', 'high', 'low', 'close', 'volume', 'amount', 'outstanding_share', 'turnover']
2026-03-06 16:59:25,110 - DEBUG - [engine.py:105] - 
📊 [601939 建设银行] 最新 3 行切片检查:
            open  high   low  close       volume  turnover
date                                                      
2026-03-04  8.88  8.91  8.73   8.90  154756093.0  0.016131
2026-03-05  8.84  8.97  8.81   8.94   97708509.0  0.010185
2026-03-06  8.94  9.02  8.93   8.97   84773065.0  0.008836

2026-03-06 16:59:26,026 - DEBUG - [akshare_pd.py:78] - 👉 数据列名检查: ['date', 'open', 'high', 'low', 'close', 'volume', 'amount', 'outstanding_share', 'turnover']
2026-03-06 16:59:26,030 - DEBUG - [engine.py:105] - 
📊 [601179 中国西电] 最新 3 行切片检查:
             open   high    low  close       volume  turnover
date                                                         
2026-03-04  15.14  16.88  15.10  16.46  399706995.0  0.077978
2026-03-05  16.90  18.11  16.68  18.11  324703953.0  0.063346
2026-03-06  18.60  19.58  18.32  19.30  551658894.0  0.107622

2026-03-06 16:59:27,365 - DEBUG - [akshare_pd.py:78] - 👉 数据列名检查: ['date', 'open', 'high', 'low', 'close', 'volume', 'amount', 'outstanding_share', 'turnover']
2026-03-06 16:59:27,367 - DEBUG - [engine.py:105] - 
📊 [300502 新易盛] 最新 3 行切片检查:
              open    high     low   close      volume  turnover
date                                                            
2026-03-04  377.60  383.88  366.65  369.37  32612232.0  0.036833
2026-03-05  384.94  422.60  383.26  401.24  69677874.0  0.078695
2026-03-06  393.22  412.00  387.09  402.00  40431543.0  0.045664

2026-03-06 16:59:28,606 - DEBUG - [akshare_pd.py:78] - 👉 数据列名检查: ['date', 'open', 'high', 'low', 'close', 'volume', 'amount', 'outstanding_share', 'turnover']
2026-03-06 16:59:28,610 - DEBUG - [engine.py:105] - 
📊 [600875 东方电气] 最新 3 行切片检查:
             open   high    low  close       volume  turnover
date                                                         
2026-03-04  34.68  38.70  34.67  38.37  165184243.0  0.072982
2026-03-05  39.88  42.21  39.31  42.21   82095614.0  0.036271
2026-03-06  43.01  45.38  43.01  44.22  187461826.0  0.082824

2026-03-06 16:59:29,685 - DEBUG - [akshare_pd.py:78] - 👉 数据列名检查: ['date', 'open', 'high', 'low', 'close', 'volume', 'amount', 'outstanding_share', 'turnover']
2026-03-06 16:59:29,690 - DEBUG - [engine.py:105] - 
📊 [000547 航天发展] 最新 3 行切片检查:
             open   high   low  close       volume  turnover
date                                                        
2026-03-04  28.51  30.10  27.9  29.35  162686147.0  0.102375
2026-03-05  29.99  32.29  29.0  31.61  311613070.0  0.196091
2026-03-06  31.20  33.99  31.2  32.66  413923343.0  0.260473

2026-03-06 17:01:19,396 - INFO - [config.py:47] - --------------------------------------------------------------------------------
2026-03-06 17:01:19,396 - INFO - [config.py:48] - ⚙️ 【策略参数装载与核对】 -> 依据: optuna_log_20260306_161746.csv
2026-03-06 17:01:19,397 - INFO - [config.py:50] -    - 注入动态寻优参数 : bias_entry_limit: 1.07, ma_long: 80, ma_mid: 41, ma_short: 9, partial_exit_min_profit: 0.1, partial_exit_pct: 0.5, profit_tier1: 0.15, stop_loss_pct: 0.08, trailing_stop_pct: 0.25, unit_size: 0.2
2026-03-06 17:01:19,397 - INFO - [config.py:51] - --------------------------------------------------------------------------------
2026-03-06 17:01:19,438 - INFO - [cloudakpd.py:36] - ============================================================
2026-03-06 17:01:19,438 - INFO - [cloudakpd.py:37] - 📊 [DataCenter] 数据内核启动审计...
2026-03-06 17:01:19,439 - INFO - [cloudakpd.py:38] -    ▫️ 存储模式 : ☁️  云端 (PostgreSQL)
2026-03-06 17:01:19,439 - INFO - [cloudakpd.py:39] -    ▫️ 连接节点 : ep-noisy-dust-a1zv7w56-pooler.ap-southeast-1.aws.neon.tech/neondb
2026-03-06 17:01:22,221 - INFO - [cloudakpd.py:85] - 📂 字段审计完成，当前支持: name, amount, open, volume, latest_price, high, turnover_rate, is_closed, low, trade_date, updated_at, symbol
2026-03-06 17:01:22,222 - INFO - [cloudakpd.py:42] - ============================================================
2026-03-06 17:01:23,513 - INFO - [cloudakpd.py:204] - ---------------------------------------------
2026-03-06 17:01:23,514 - INFO - [cloudakpd.py:205] - 🔍 [审计] 读取成功: 2026-03-06
2026-03-06 17:01:23,514 - INFO - [cloudakpd.py:206] -    ▫️ 标的总数 : 5487 条
2026-03-06 17:01:23,514 - INFO - [cloudakpd.py:207] -    ▫️ 资金状态 : 已收盘定格
2026-03-06 17:01:23,514 - INFO - [cloudakpd.py:208] -    ▫️ 存入时间 : 2026-03-06 16:08:39.651739
2026-03-06 17:01:23,518 - INFO - [cloudakpd.py:210] - 
symbol name  open  latest_price  high   low     volume      amount trade_date
920000 安徽凤凰 18.11         18.08 18.15 17.83   314741.0   5675182.0 2026-03-06
920001 纬达光电 19.30         19.76 20.66 18.85 12871109.0 252320814.0 2026-03-06
920002 万达轴承 92.00         92.23 93.49 92.00   402181.0  37245127.0 2026-03-06
2026-03-06 17:01:23,518 - INFO - [cloudakpd.py:211] - ---------------------------------------------
2026-03-06 17:01:23,518 - INFO - [universe.py:41] - ✅ [UniverseManager] 云端全量快照加载成功，当前监控 5487 只标的。
2026-03-06 17:01:23,519 - INFO - [engine.py:25] - ================================================================================
2026-03-06 17:01:23,519 - INFO - [engine.py:26] -  🚀 启动量化交易实盘中心 (2026-03-06 17:01)
2026-03-06 17:01:23,519 - INFO - [engine.py:27] -    - 📒 人工比对账本 : D:\git\LongTrading\data\live_broker_account.json
2026-03-06 17:01:23,519 - INFO - [engine.py:28] -    - 💸 审计交易流水 : D:\git\LongTrading\data\live_trade_ledger.csv
2026-03-06 17:01:23,519 - INFO - [engine.py:29] - ================================================================================
2026-03-06 17:01:23,521 - INFO - [engine.py:37] - 📡 正在全盘扫描历史数据与近期快照，构建动态监控池...
2026-03-06 17:01:23,522 - INFO - [universe.py:83] - 📊 正在通过云端 SQL 审计近 20 个交易日的热点标的...
2026-03-06 17:01:23,902 - INFO - [universe.py:130] - ✅ [UniverseManager] 动态股票池已对齐云端，当前池规模: 20
2026-03-06 17:01:23,902 - INFO - [engine.py:39] - 🏦 会计部接管完毕: 可用现金 【10,000,000.00 元】，真实持仓 【8 只】，雷达标的 【20 只】。
2026-03-06 17:01:23,902 - INFO - [engine.py:40] - 🎯 监控池构建完毕: 汇聚近 20 日霸榜标的，实盘监控总数: 【20 只】。
2026-03-06 17:01:23,904 - INFO - [engine.py:68] - --------------------------------------------------------------------------------
2026-03-06 17:01:23,904 - INFO - [engine.py:69] - 【盘前资产风控评估 (Pre-Trade NAV Dashboard)】
2026-03-06 17:01:23,904 - INFO - [engine.py:70] -    - 可用现金 (Available Cash) : 10,000,000.00
2026-03-06 17:01:23,904 - INFO - [engine.py:71] -    - 持仓成本 (Total Cost)     : 21,274.03
2026-03-06 17:01:23,904 - INFO - [engine.py:72] -    - 持仓市值 (Market Value)   : 19,824.42
2026-03-06 17:01:23,905 - INFO - [engine.py:73] -    - 净 资 产 (Total Equity)   : 10,019,824.42
2026-03-06 17:01:23,905 - INFO - [engine.py:74] -    - 账面浮盈 (Floating PnL)   : -1,449.61 (-6.81%)
2026-03-06 17:01:23,905 - INFO - [engine.py:75] - --------------------------------------------------------------------------------
2026-03-06 17:01:24,914 - DEBUG - [akshare_pd.py:78] - 👉 数据列名检查: ['date', 'open', 'high', 'low', 'close', 'volume', 'amount', 'outstanding_share', 'turnover']
2026-03-06 17:01:24,917 - DEBUG - [engine.py:105] - 
📊 [002131 利欧股份] 最新 3 行切片检查:
            open  high   low  close       volume  turnover
date                                                      
2026-03-04  7.91  8.43  7.91   8.32  508738564.0  0.086968
2026-03-05  8.53  8.71  8.35   8.57  657218676.0  0.112350
2026-03-06  8.48  8.75  8.40   8.67  525540341.0  0.089840

2026-03-06 17:01:25,767 - DEBUG - [akshare_pd.py:78] - 👉 数据列名检查: ['date', 'open', 'high', 'low', 'close', 'volume', 'amount', 'outstanding_share', 'turnover']
2026-03-06 17:01:25,770 - DEBUG - [engine.py:105] - 
📊 [600410 华胜天成] 最新 3 行切片检查:
             open   high    low  close       volume  turnover
date                                                         
2026-03-04  27.00  30.50  27.00  29.06  386607719.0  0.352585
2026-03-05  29.76  29.94  27.95  28.35  325887415.0  0.297208
2026-03-06  28.30  30.05  27.31  29.73  333600749.0  0.304243

2026-03-06 17:01:26,649 - DEBUG - [akshare_pd.py:78] - 👉 数据列名检查: ['date', 'open', 'high', 'low', 'close', 'volume', 'amount', 'outstanding_share', 'turnover']
2026-03-06 17:01:26,653 - DEBUG - [engine.py:105] - 
📊 [600111 北方稀土] 最新 3 行切片检查:
             open   high    low  close       volume  turnover
date                                                         
2026-03-04  53.79  57.93  53.66  56.00  142253018.0  0.039350
2026-03-05  56.69  56.88  54.60  55.38   99340440.0  0.027480
2026-03-06  54.60  55.58  53.80  54.30   89120597.0  0.024653

2026-03-06 17:05:16,450 - INFO - [config.py:47] - --------------------------------------------------------------------------------
2026-03-06 17:05:16,450 - INFO - [config.py:48] - ⚙️ 【策略参数装载与核对】 -> 依据: optuna_log_20260306_161746.csv
2026-03-06 17:05:16,451 - INFO - [config.py:50] -    - 注入动态寻优参数 : bias_entry_limit: 1.07, ma_long: 80, ma_mid: 41, ma_short: 9, partial_exit_min_profit: 0.1, partial_exit_pct: 0.5, profit_tier1: 0.15, stop_loss_pct: 0.08, trailing_stop_pct: 0.25, unit_size: 0.2
2026-03-06 17:05:16,451 - INFO - [config.py:51] - --------------------------------------------------------------------------------
2026-03-06 17:05:16,498 - INFO - [cloudakpd.py:36] - ============================================================
2026-03-06 17:05:16,498 - INFO - [cloudakpd.py:37] - 📊 [DataCenter] 数据内核启动审计...
2026-03-06 17:05:16,498 - INFO - [cloudakpd.py:38] -    ▫️ 存储模式 : ☁️  云端 (PostgreSQL)
2026-03-06 17:05:16,499 - INFO - [cloudakpd.py:39] -    ▫️ 连接节点 : ep-noisy-dust-a1zv7w56-pooler.ap-southeast-1.aws.neon.tech/neondb
2026-03-06 17:05:19,070 - INFO - [cloudakpd.py:85] - 📂 字段审计完成，当前支持: open, is_closed, updated_at, turnover_rate, low, symbol, amount, volume, trade_date, name, latest_price, high
2026-03-06 17:05:19,070 - INFO - [cloudakpd.py:42] - ============================================================
2026-03-06 17:05:20,708 - INFO - [cloudakpd.py:204] - ---------------------------------------------
2026-03-06 17:05:20,708 - INFO - [cloudakpd.py:205] - 🔍 [审计] 读取成功: 2026-03-06
2026-03-06 17:05:20,709 - INFO - [cloudakpd.py:206] -    ▫️ 标的总数 : 5487 条
2026-03-06 17:05:20,709 - INFO - [cloudakpd.py:207] -    ▫️ 资金状态 : 已收盘定格
2026-03-06 17:05:20,710 - INFO - [cloudakpd.py:208] -    ▫️ 存入时间 : 2026-03-06 16:08:39.651739
2026-03-06 17:05:20,714 - INFO - [cloudakpd.py:210] - 
symbol name  open  latest_price  high   low     volume      amount trade_date
920000 安徽凤凰 18.11         18.08 18.15 17.83   314741.0   5675182.0 2026-03-06
920001 纬达光电 19.30         19.76 20.66 18.85 12871109.0 252320814.0 2026-03-06
920002 万达轴承 92.00         92.23 93.49 92.00   402181.0  37245127.0 2026-03-06
2026-03-06 17:05:20,714 - INFO - [cloudakpd.py:211] - ---------------------------------------------
2026-03-06 17:05:20,715 - INFO - [universe.py:41] - ✅ [UniverseManager] 云端全量快照加载成功，当前监控 5487 只标的。
2026-03-06 17:05:20,715 - INFO - [engine.py:25] - ================================================================================
2026-03-06 17:05:20,716 - INFO - [engine.py:26] -  🚀 启动量化交易实盘中心 (2026-03-06 17:05)
2026-03-06 17:05:20,716 - INFO - [engine.py:27] -    - 📒 人工比对账本 : D:\git\LongTrading\data\live_broker_account.json
2026-03-06 17:05:20,716 - INFO - [engine.py:28] -    - 💸 审计交易流水 : D:\git\LongTrading\data\live_trade_ledger.csv
2026-03-06 17:05:20,717 - INFO - [engine.py:29] - ================================================================================
2026-03-06 17:05:20,719 - INFO - [engine.py:37] - 📡 正在全盘扫描历史数据与近期快照，构建动态监控池...
2026-03-06 17:05:20,720 - INFO - [universe.py:83] - 📊 正在通过云端 SQL 审计近 20 个交易日的热点标的...
2026-03-06 17:05:21,058 - INFO - [universe.py:130] - ✅ [UniverseManager] 动态股票池已对齐云端，当前池规模: 20
2026-03-06 17:05:21,059 - INFO - [engine.py:39] - 🏦 会计部接管完毕: 可用现金 【10,000,000.00 元】，真实持仓 【8 只】，雷达标的 【20 只】。
2026-03-06 17:05:21,059 - INFO - [engine.py:40] - 🎯 监控池构建完毕: 汇聚近 20 日霸榜标的，实盘监控总数: 【20 只】。
2026-03-06 17:05:21,061 - INFO - [engine.py:68] - --------------------------------------------------------------------------------
2026-03-06 17:05:21,061 - INFO - [engine.py:69] - 【盘前资产风控评估 (Pre-Trade NAV Dashboard)】
2026-03-06 17:05:21,062 - INFO - [engine.py:70] -    - 可用现金 (Available Cash) : 10,000,000.00
2026-03-06 17:05:21,062 - INFO - [engine.py:71] -    - 持仓成本 (Total Cost)     : 21,274.03
2026-03-06 17:05:21,062 - INFO - [engine.py:72] -    - 持仓市值 (Market Value)   : 19,824.42
2026-03-06 17:05:21,063 - INFO - [engine.py:73] -    - 净 资 产 (Total Equity)   : 10,019,824.42
2026-03-06 17:05:21,063 - INFO - [engine.py:74] -    - 账面浮盈 (Floating PnL)   : -1,449.61 (-6.81%)
2026-03-06 17:05:21,063 - INFO - [engine.py:75] - --------------------------------------------------------------------------------
2026-03-06 17:05:22,008 - DEBUG - [akshare_pd.py:78] - 👉 数据列名检查: ['date', 'open', 'high', 'low', 'close', 'volume', 'amount', 'outstanding_share', 'turnover']
2026-03-06 17:05:22,011 - DEBUG - [engine.py:105] - 
📊 [002131 利欧股份] 最新 3 行切片检查:
            open  high   low  close       volume  turnover
date                                                      
2026-03-04  7.91  8.43  7.91   8.32  508738564.0  0.086968
2026-03-05  8.53  8.71  8.35   8.57  657218676.0  0.112350
2026-03-06  8.48  8.75  8.40   8.67  525540341.0  0.089840

2026-03-06 17:05:22,878 - DEBUG - [akshare_pd.py:78] - 👉 数据列名检查: ['date', 'open', 'high', 'low', 'close', 'volume', 'amount', 'outstanding_share', 'turnover']
2026-03-06 17:05:22,881 - DEBUG - [engine.py:105] - 
📊 [600410 华胜天成] 最新 3 行切片检查:
             open   high    low  close       volume  turnover
date                                                         
2026-03-04  27.00  30.50  27.00  29.06  386607719.0  0.352585
2026-03-05  29.76  29.94  27.95  28.35  325887415.0  0.297208
2026-03-06  28.30  30.05  27.31  29.73  333600749.0  0.304243

2026-03-06 17:05:23,757 - DEBUG - [akshare_pd.py:78] - 👉 数据列名检查: ['date', 'open', 'high', 'low', 'close', 'volume', 'amount', 'outstanding_share', 'turnover']
2026-03-06 17:05:23,761 - DEBUG - [engine.py:105] - 
📊 [600111 北方稀土] 最新 3 行切片检查:
             open   high    low  close       volume  turnover
date                                                         
2026-03-04  53.79  57.93  53.66  56.00  142253018.0  0.039350
2026-03-05  56.69  56.88  54.60  55.38   99340440.0  0.027480
2026-03-06  54.60  55.58  53.80  54.30   89120597.0  0.024653

2026-03-06 17:05:24,678 - DEBUG - [akshare_pd.py:78] - 👉 数据列名检查: ['date', 'open', 'high', 'low', 'close', 'volume', 'amount', 'outstanding_share', 'turnover']
2026-03-06 17:05:24,681 - DEBUG - [engine.py:105] - 
📊 [600938 中国海油] 最新 3 行切片检查:
             open   high    low  close       volume  turnover
date                                                         
2026-03-04  44.50  44.50  39.07  42.85  262523548.0  0.087801
2026-03-05  42.00  42.85  40.56  41.60  168716941.0  0.056427
2026-03-06  40.67  42.38  39.66  40.49  122718533.0  0.041043

2026-03-06 17:05:25,640 - DEBUG - [akshare_pd.py:78] - 👉 数据列名检查: ['date', 'open', 'high', 'low', 'close', 'volume', 'amount', 'outstanding_share', 'turnover']
2026-03-06 17:05:25,644 - DEBUG - [engine.py:105] - 
📊 [601899 紫金矿业] 最新 3 行切片检查:
             open   high    low  close       volume  turnover
date                                                         
2026-03-04  37.70  38.89  37.48  37.96  312570216.0  0.015173
2026-03-05  38.46  38.48  37.20  37.67  260659922.0  0.012653
2026-03-06  37.01  37.48  36.24  37.10  253947012.0  0.012327

2026-03-06 17:05:27,302 - DEBUG - [akshare_pd.py:78] - 👉 数据列名检查: ['date', 'open', 'high', 'low', 'close', 'volume', 'amount', 'outstanding_share', 'turnover']
2026-03-06 17:05:27,306 - DEBUG - [engine.py:105] - 
📊 [002490 山东墨龙] 最新 3 行切片检查:
             open   high    low  close       volume  turnover
date                                                         
2026-03-04  11.72  11.72  11.26  11.72   94199236.0  0.173889
2026-03-05  11.89  12.89  11.89  12.70  111622977.0  0.206052
2026-03-06  12.81  13.65  12.45  13.20  207642733.0  0.383301

2026-03-06 17:05:28,403 - DEBUG - [akshare_pd.py:78] - 👉 数据列名检查: ['date', 'open', 'high', 'low', 'close', 'volume', 'amount', 'outstanding_share', 'turnover']
2026-03-06 17:05:28,406 - DEBUG - [engine.py:105] - 
📊 [600522 中天科技] 最新 3 行切片检查:
             open   high    low  close       volume  turnover
date                                                         
2026-03-04  28.05  29.50  28.05  28.83  146493128.0  0.042923
2026-03-05  29.31  29.59  27.88  28.82  175497163.0  0.051421
2026-03-06  28.45  28.88  27.22  27.38  163425189.0  0.047884

2026-03-06 17:05:29,259 - DEBUG - [akshare_pd.py:78] - 👉 数据列名检查: ['date', 'open', 'high', 'low', 'close', 'volume', 'amount', 'outstanding_share', 'turnover']
2026-03-06 17:05:29,263 - DEBUG - [engine.py:105] - 
📊 [601939 建设银行] 最新 3 行切片检查:
            open  high   low  close       volume  turnover
date                                                      
2026-03-04  8.88  8.91  8.73   8.90  154756093.0  0.016131
2026-03-05  8.84  8.97  8.81   8.94   97708509.0  0.010185
2026-03-06  8.94  9.02  8.93   8.97   84773065.0  0.008836

2026-03-06 17:05:30,174 - DEBUG - [akshare_pd.py:78] - 👉 数据列名检查: ['date', 'open', 'high', 'low', 'close', 'volume', 'amount', 'outstanding_share', 'turnover']
2026-03-06 17:05:30,178 - DEBUG - [engine.py:105] - 
📊 [601179 中国西电] 最新 3 行切片检查:
             open   high    low  close       volume  turnover
date                                                         
2026-03-04  15.14  16.88  15.10  16.46  399706995.0  0.077978
2026-03-05  16.90  18.11  16.68  18.11  324703953.0  0.063346
2026-03-06  18.60  19.58  18.32  19.30  551658894.0  0.107622

2026-03-06 17:05:31,021 - DEBUG - [akshare_pd.py:78] - 👉 数据列名检查: ['date', 'open', 'high', 'low', 'close', 'volume', 'amount', 'outstanding_share', 'turnover']
2026-03-06 17:05:31,024 - DEBUG - [engine.py:105] - 
📊 [300502 新易盛] 最新 3 行切片检查:
              open    high     low   close      volume  turnover
date                                                            
2026-03-04  377.60  383.88  366.65  369.37  32612232.0  0.036833
2026-03-05  384.94  422.60  383.26  401.24  69677874.0  0.078695
2026-03-06  393.22  412.00  387.09  402.00  40431543.0  0.045664

2026-03-06 17:05:31,997 - DEBUG - [akshare_pd.py:78] - 👉 数据列名检查: ['date', 'open', 'high', 'low', 'close', 'volume', 'amount', 'outstanding_share', 'turnover']
2026-03-06 17:05:32,000 - DEBUG - [engine.py:105] - 
📊 [600875 东方电气] 最新 3 行切片检查:
             open   high    low  close       volume  turnover
date                                                         
2026-03-04  34.68  38.70  34.67  38.37  165184243.0  0.072982
2026-03-05  39.88  42.21  39.31  42.21   82095614.0  0.036271
2026-03-06  43.01  45.38  43.01  44.22  187461826.0  0.082824

2026-03-06 17:05:32,991 - DEBUG - [akshare_pd.py:78] - 👉 数据列名检查: ['date', 'open', 'high', 'low', 'close', 'volume', 'amount', 'outstanding_share', 'turnover']
2026-03-06 17:05:32,997 - DEBUG - [engine.py:105] - 
📊 [000547 航天发展] 最新 3 行切片检查:
             open   high   low  close       volume  turnover
date                                                        
2026-03-04  28.51  30.10  27.9  29.35  162686147.0  0.102375
2026-03-05  29.99  32.29  29.0  31.61  311613070.0  0.196091
2026-03-06  31.20  33.99  31.2  32.66  413923343.0  0.260473

2026-03-06 17:05:33,990 - DEBUG - [akshare_pd.py:78] - 👉 数据列名检查: ['date', 'open', 'high', 'low', 'close', 'volume', 'amount', 'outstanding_share', 'turnover']
2026-03-06 17:05:33,993 - DEBUG - [engine.py:105] - 
📊 [300475 香农芯创] 最新 3 行切片检查:
              open    high     low   close      volume  turnover
date                                                            
2026-03-04  137.00  146.76  137.00  140.52  31478591.0  0.070678
2026-03-05  145.52  145.98  137.50  138.35  25389295.0  0.057006
2026-03-06  136.80  155.50  136.16  155.04  55438920.0  0.124476

2026-03-06 17:05:34,947 - DEBUG - [akshare_pd.py:78] - 👉 数据列名检查: ['date', 'open', 'high', 'low', 'close', 'volume', 'amount', 'outstanding_share', 'turnover']
2026-03-06 17:05:34,950 - DEBUG - [engine.py:105] - 
📊 [002202 金风科技] 最新 3 行切片检查:
             open   high    low  close       volume  turnover
date                                                         
2026-03-04  25.87  27.98  25.87  27.01  211912526.0  0.063003
2026-03-05  27.60  28.15  27.11  28.00  241512672.0  0.071804
2026-03-06  27.88  28.98  27.72  28.47  246520317.0  0.073293

2026-03-06 17:05:35,842 - DEBUG - [akshare_pd.py:78] - 👉 数据列名检查: ['date', 'open', 'high', 'low', 'close', 'volume', 'amount', 'outstanding_share', 'turnover']
2026-03-06 17:05:35,844 - DEBUG - [engine.py:105] - 
📊 [002384 东山精密] 最新 3 行切片检查:
             open   high    low  close      volume  turnover
date                                                        
2026-03-04  91.00  96.50  91.00  95.00  70385414.0  0.050771
2026-03-05  97.85  97.99  92.00  92.70  77927623.0  0.056212
2026-03-06  90.06  98.50  87.97  95.45  90112547.0  0.065001

2026-03-06 17:05:36,796 - DEBUG - [akshare_pd.py:78] - 👉 数据列名检查: ['date', 'open', 'high', 'low', 'close', 'volume', 'amount', 'outstanding_share', 'turnover']
2026-03-06 17:05:36,801 - DEBUG - [engine.py:105] - 
📊 [300476 胜宏科技] 最新 3 行切片检查:
              open    high     low   close      volume  turnover
date                                                            
2026-03-04  280.11  295.55  278.00  286.62  31592393.0  0.036865
2026-03-05  293.10  299.02  280.62  284.95  43502394.0  0.050762
2026-03-06  282.00  285.29  274.91  278.39  29142549.0  0.034006

2026-03-06 17:05:37,709 - DEBUG - [akshare_pd.py:78] - 👉 数据列名检查: ['date', 'open', 'high', 'low', 'close', 'volume', 'amount', 'outstanding_share', 'turnover']
2026-03-06 17:05:37,712 - DEBUG - [engine.py:105] - 
📊 [300308 中际旭创] 最新 3 行切片检查:
              open    high     low   close      volume  turnover
date                                                            
2026-03-04  554.02  563.50  536.50  539.00  30742945.0  0.027809
2026-03-05  556.00  585.00  552.60  557.00  37900360.0  0.034283
2026-03-06  553.00  559.98  537.06  545.48  21966767.0  0.019870

2026-03-06 17:05:39,105 - DEBUG - [akshare_pd.py:78] - 👉 数据列名检查: ['date', 'open', 'high', 'low', 'close', 'volume', 'amount', 'outstanding_share', 'turnover']
2026-03-06 17:05:39,108 - DEBUG - [engine.py:105] - 
📊 [600498 烽火通信] 最新 3 行切片检查:
            open   high   low  close       volume  turnover
date                                                       
2026-03-04  54.0  58.93  54.0  58.44  159023044.0  0.125055
2026-03-05  59.0  59.61  55.0  56.77  140138675.0  0.110205
2026-03-06  55.5  56.13  52.4  52.76  137240804.0  0.107926

2026-03-06 17:05:40,556 - DEBUG - [akshare_pd.py:78] - 👉 数据列名检查: ['date', 'open', 'high', 'low', 'close', 'volume', 'amount', 'outstanding_share', 'turnover']
2026-03-06 17:05:40,560 - DEBUG - [engine.py:105] - 
📊 [000988 华工科技] 最新 3 行切片检查:
              open    high     low   close       volume  turnover
date                                                             
2026-03-04   93.85  103.48   93.85  101.55  117365778.0  0.116784
2026-03-05  105.00  111.71   99.55  106.61  155232206.0  0.154462
2026-03-06  106.75  116.09  106.00  114.78  129693070.0  0.129050

2026-03-06 17:05:41,362 - DEBUG - [akshare_pd.py:78] - 👉 数据列名检查: ['date', 'open', 'high', 'low', 'close', 'volume', 'amount', 'outstanding_share', 'turnover']
2026-03-06 17:05:41,366 - DEBUG - [engine.py:105] - 
📊 [300394 天孚通信] 最新 3 行切片检查:
              open    high     low   close      volume  turnover
date                                                            
2026-03-04  328.30  343.08  324.00  335.56  28805559.0  0.037128
2026-03-05  342.00  345.97  325.08  334.80  32785993.0  0.042258
2026-03-06  334.57  336.30  318.00  322.88  33215376.0  0.042811

2026-03-06 17:05:41,477 - INFO - [engine.py:162] - ================================================================================
2026-03-06 17:05:41,477 - INFO - [engine.py:163] - 【操作审批纪要 (Execution Summary)】
2026-03-06 17:05:41,478 - INFO - [engine.py:164] - 🔴 600111 (北方稀土) 建议卖出 100 股 | 预估价: 54.30 | 状态: 待老板确认 | 逻辑: 触及 8% 硬止损
2026-03-06 17:05:41,478 - INFO - [engine.py:164] - 🔴 601899 (紫金矿业) 建议卖出 100 股 | 预估价: 37.10 | 状态: 待老板确认 | 逻辑: 触及 8% 硬止损
2026-03-06 17:05:41,478 - INFO - [engine.py:164] - 🔴 600522 (中天科技) 建议卖出 100 股 | 预估价: 27.38 | 状态: 待老板确认 | 逻辑: 触及 8% 硬止损
2026-03-06 17:05:41,478 - INFO - [engine.py:165] - 🟢 002490 (山东墨龙) 建议买入 7500 股 | 预估价: 13.20 | 状态: 待老板确认 | 逻辑: 平台放量突破(空中加油)，执行第 2 次追击加仓
2026-03-06 17:05:41,479 - INFO - [engine.py:165] - 🟢 002202 (金风科技) 建议买入 3500 股 | 预估价: 28.47 | 状态: 待老板确认 | 逻辑: 顺势金叉确认，首次建仓
2026-03-06 17:05:41,479 - INFO - [engine.py:169] - 
【持仓状态确认 (Positions Audit)】
2026-03-06 17:05:41,479 - INFO - [engine.py:171] - 🛡️ 002131 (利欧股份) | 持仓 700 股 | 现价: 8.67 | 浮盈: -4.73%
   └─ 买入日期: 历史遗留 | 开仓逻辑: 未知建仓逻辑
2026-03-06 17:05:41,479 - INFO - [engine.py:171] - 🛡️ 600410 (华胜天成) | 持仓 1 股 | 现价: 29.73 | 浮盈: 5.70%
   └─ 买入日期: 历史遗留 | 开仓逻辑: 未知建仓逻辑
2026-03-06 17:05:41,480 - INFO - [engine.py:171] - 🛡️ 600938 (中国海油) | 持仓 1 股 | 现价: 40.49 | 浮盈: 10.93%
   └─ 买入日期: 历史遗留 | 开仓逻辑: 未知建仓逻辑
2026-03-06 17:05:41,480 - INFO - [engine.py:171] - 🛡️ 601939 (建设银行) | 持仓 200 股 | 现价: 8.97 | 浮盈: 4.06%
   └─ 买入日期: 历史遗留 | 开仓逻辑: 未知建仓逻辑
2026-03-06 17:05:41,480 - INFO - [engine.py:175] - ================================================================================
2026-03-06 17:05:41,480 - INFO - [engine.py:176] - 👀 【交易额最大动态监控池 (优胜劣汰拒绝名单)】
2026-03-06 17:05:41,481 - INFO - [engine.py:187] -    - 🚫 观望 601179 (中国西电): 乖离率偏高 (1.36)
2026-03-06 17:05:41,481 - INFO - [engine.py:187] -    - 🚫 观望 300502 (新易盛): 未形成多头排列
2026-03-06 17:05:41,482 - INFO - [engine.py:187] -    - 🚫 观望 600875 (东方电气): 乖离率偏高 (1.52)
2026-03-06 17:05:41,482 - INFO - [engine.py:187] -    - 🚫 观望 000547 (航天发展): 未满足缩量回踩或放量突破
2026-03-06 17:05:41,483 - INFO - [engine.py:187] -    - 🚫 观望 300475 (香农芯创): 未形成多头排列
2026-03-06 17:05:41,483 - INFO - [engine.py:187] -    - 🚫 观望 002384 (东山精密): 未形成多头排列
2026-03-06 17:05:41,483 - INFO - [engine.py:187] -    - 🚫 观望 300476 (胜宏科技): 未形成多头排列
2026-03-06 17:05:41,484 - INFO - [engine.py:187] -    - 🚫 观望 300308 (中际旭创): 未形成多头排列
2026-03-06 17:05:41,485 - INFO - [engine.py:187] -    - 🚫 观望 600498 (烽火通信): 乖离率偏高 (1.25)
2026-03-06 17:05:41,486 - INFO - [engine.py:187] -    - 🚫 观望 000988 (华工科技): 未形成多头排列
2026-03-06 17:05:41,486 - INFO - [engine.py:187] -    - 🚫 观望 300394 (天孚通信): 乖离率偏高 (1.28)
