2026-03-10 10:50:17,822 - WARNING - [config.py:28] - 未找到调参日志，将使用备用默认参数！
2026-03-10 10:50:17,855 - INFO - [cloudakpd.py:36] - ============================================================
2026-03-10 10:50:17,855 - INFO - [cloudakpd.py:37] - 📊 [DataCenter] 数据内核启动审计...
2026-03-10 10:50:17,855 - INFO - [cloudakpd.py:38] -    ▫️ 存储模式 : ☁️  云端 (PostgreSQL)
2026-03-10 10:50:17,855 - INFO - [cloudakpd.py:39] -    ▫️ 连接节点 : ep-noisy-dust-a1zv7w56-pooler.ap-southeast-1.aws.neon.tech/neondb
2026-03-10 10:50:21,183 - INFO - [cloudakpd.py:85] - 📂 字段审计完成，当前支持: amount, trade_date, name, volume, updated_at, latest_price, open, low, turnover_rate, symbol, is_closed, high
2026-03-10 10:50:21,202 - INFO - [cloudakpd.py:42] - ============================================================
2026-03-10 10:50:22,714 - INFO - [cloudakpd.py:204] - ---------------------------------------------
2026-03-10 10:50:22,714 - INFO - [cloudakpd.py:205] - 🔍 [审计] 读取成功: 2026-03-10
2026-03-10 10:50:22,714 - INFO - [cloudakpd.py:206] -    ▫️ 标的总数 : 5488 条
2026-03-10 10:50:22,715 - INFO - [cloudakpd.py:207] -    ▫️ 资金状态 : 盘中实时
2026-03-10 10:50:22,715 - INFO - [cloudakpd.py:208] -    ▫️ 存入时间 : 2026-03-10 10:30:40.303759
2026-03-10 10:50:22,720 - INFO - [cloudakpd.py:210] - 
symbol name  open  latest_price  high   low    volume     amount trade_date
920000 安徽凤凰 17.82         17.93 18.04 17.74  175344.0  3142234.0 2026-03-10
920001 纬达光电 19.45         19.99 20.38 19.20 3856888.0 76059286.0 2026-03-10
920002 万达轴承 91.00         91.21 91.48 90.56  290976.0 26460664.0 2026-03-10
2026-03-10 10:50:22,721 - INFO - [cloudakpd.py:211] - ---------------------------------------------
2026-03-10 10:50:22,721 - INFO - [universe.py:40] - ✅ [UniverseManager] 云端全量快照加载成功，当前监控 5488 只标的。
2026-03-10 10:50:22,721 - INFO - [engine.py:24] - ================================================================================
2026-03-10 10:50:22,722 - INFO - [engine.py:25] -  🚀 启动量化交易实盘中心 (2026-03-10 10:50)
2026-03-10 10:50:22,722 - INFO - [engine.py:26] -    - 📒 人工比对账本 : D:\git\LongTrading\data\live_broker_account.json
2026-03-10 10:50:22,722 - INFO - [engine.py:27] -    - 💸 审计交易流水 : D:\git\LongTrading\data\live_trade_ledger.csv
2026-03-10 10:50:22,722 - INFO - [engine.py:28] - ================================================================================
2026-03-10 10:50:22,729 - INFO - [engine.py:36] - 📡 正在全盘扫描历史数据与近期快照，构建动态监控池...
2026-03-10 10:50:22,729 - INFO - [universe.py:82] - 📊 正在通过云端 SQL 审计近 20 个交易日的热点标的...
2026-03-10 10:50:23,110 - INFO - [universe.py:129] - ✅ [UniverseManager] 动态股票池已对齐云端，当前池规模: 20
2026-03-10 10:50:23,110 - INFO - [engine.py:38] - 🏦 会计部接管完毕: 可用现金 【1,000.00 元】，真实持仓 【9 只】，雷达标的 【20 只】。
2026-03-10 10:50:23,110 - INFO - [engine.py:39] - 🎯 监控池构建完毕: 汇聚近 20 日霸榜标的，实盘监控总数: 【20 只】。
2026-03-10 10:50:23,115 - INFO - [engine.py:67] - --------------------------------------------------------------------------------
2026-03-10 10:50:23,115 - INFO - [engine.py:68] - 【盘前资产风控评估 (Pre-Trade NAV Dashboard)】
2026-03-10 10:50:23,116 - INFO - [engine.py:69] -    - 可用现金 (Available Cash) : 1,000.00
2026-03-10 10:50:23,116 - INFO - [engine.py:70] -    - 持仓成本 (Total Cost)     : 37,800.23
2026-03-10 10:50:23,116 - INFO - [engine.py:71] -    - 持仓市值 (Market Value)   : 36,311.32
2026-03-10 10:50:23,116 - INFO - [engine.py:72] -    - 净 资 产 (Total Equity)   : 37,311.32
2026-03-10 10:50:23,116 - INFO - [engine.py:73] -    - 账面浮盈 (Floating PnL)   : -1,488.91 (-3.94%)
2026-03-10 10:50:23,117 - INFO - [engine.py:74] - --------------------------------------------------------------------------------
2026-03-10 10:50:24,434 - DEBUG - [akshare_pd.py:78] - 👉 数据列名检查: ['date', 'open', 'high', 'low', 'close', 'volume', 'amount', 'outstanding_share', 'turnover']
2026-03-10 10:50:24,439 - INFO - [engine.py:99] - ⚡ [002131 利欧股份] 盘中数据注入成功！(跳动现价: 8.57)
2026-03-10 10:50:24,441 - DEBUG - [engine.py:104] - 
📊 [002131 利欧股份] 最新 3 行切片检查:
            open  high   low  close       volume        amount  turnover                 updated_at
date                                                                                               
2026-03-06  8.48  8.75  8.40   8.67  525540341.0  4.533554e+09  0.089840 2026-03-10 10:50:24.434699
2026-03-09  8.50  8.68  8.27   8.61  537371492.0  4.539095e+09  0.091863 2026-03-10 10:50:24.434699
2026-03-10  8.70  8.86  8.56   8.57  280737112.0           NaN  0.000000                        NaT

2026-03-10 10:50:25,601 - DEBUG - [akshare_pd.py:78] - 👉 数据列名检查: ['date', 'open', 'high', 'low', 'close', 'volume', 'amount', 'outstanding_share', 'turnover']
2026-03-10 10:50:25,604 - INFO - [engine.py:99] - ⚡ [600410 华胜天成] 盘中数据注入成功！(跳动现价: 30.52)
2026-03-10 10:50:25,606 - DEBUG - [engine.py:104] - 
📊 [600410 华胜天成] 最新 3 行切片检查:
             open   high    low  close       volume        amount  turnover                 updated_at
date                                                                                                  
2026-03-06  28.30  30.05  27.31  29.73  333600749.0  9.496524e+09  0.304243 2026-03-10 10:50:25.601818
2026-03-09  28.50  32.60  27.85  30.51  387235359.0  1.152136e+10  0.353158 2026-03-10 10:50:25.601818
2026-03-10  30.51  31.52  29.68  30.52  150633699.0           NaN  0.000000                        NaT

2026-03-10 10:50:27,015 - DEBUG - [akshare_pd.py:78] - 👉 数据列名检查: ['date', 'open', 'high', 'low', 'close', 'volume', 'amount', 'outstanding_share', 'turnover']
2026-03-10 10:50:27,021 - INFO - [engine.py:99] - ⚡ [600111 北方稀土] 盘中数据注入成功！(跳动现价: 54.65)
2026-03-10 10:50:27,023 - DEBUG - [engine.py:104] - 
📊 [600111 北方稀土] 最新 3 行切片检查:
            open   high    low  close       volume        amount  turnover                 updated_at
date                                                                                                 
2026-03-06  54.6  55.58  53.80  54.30   89120597.0  4.852758e+09  0.024653 2026-03-10 10:50:27.016737
2026-03-09  53.1  54.32  51.67  53.88  102485185.0  5.439987e+09  0.028349 2026-03-10 10:50:27.016737
2026-03-10  54.5  55.13  53.80  54.65   39719855.0           NaN  0.000000                        NaT

2026-03-10 10:50:27,973 - DEBUG - [akshare_pd.py:78] - 👉 数据列名检查: ['date', 'open', 'high', 'low', 'close', 'volume', 'amount', 'outstanding_share', 'turnover']
2026-03-10 10:50:27,975 - INFO - [engine.py:99] - ⚡ [600938 中国海油] 盘中数据注入成功！(跳动现价: 39.88)
2026-03-10 10:50:27,977 - DEBUG - [engine.py:104] - 
📊 [600938 中国海油] 最新 3 行切片检查:
             open   high    low  close       volume        amount  turnover                 updated_at
date                                                                                                  
2026-03-06  40.67  42.38  39.66  40.49  122718533.0  4.978030e+09  0.041043 2026-03-10 10:50:27.973748
2026-03-09  44.54  44.54  43.00  43.36  213415357.0  9.411870e+09  0.071376 2026-03-10 10:50:27.973748
2026-03-10  39.03  40.59  39.03  39.88   93673477.0           NaN  0.000000                        NaT

2026-03-10 10:50:28,959 - DEBUG - [akshare_pd.py:78] - 👉 数据列名检查: ['date', 'open', 'high', 'low', 'close', 'volume', 'amount', 'outstanding_share', 'turnover']
2026-03-10 10:50:28,963 - INFO - [engine.py:99] - ⚡ [601899 紫金矿业] 盘中数据注入成功！(跳动现价: 37.15)
2026-03-10 10:50:28,965 - DEBUG - [engine.py:104] - 
📊 [601899 紫金矿业] 最新 3 行切片检查:
             open   high    low  close       volume        amount  turnover                 updated_at
date                                                                                                  
2026-03-06  37.01  37.48  36.24  37.10  253947012.0  9.355468e+09  0.012327 2026-03-10 10:50:28.960196
2026-03-09  35.93  36.67  34.86  36.40  390629022.0  1.390525e+10  0.018962 2026-03-10 10:50:28.960196
2026-03-10  36.98  37.54  36.80  37.15  104525956.0           NaN  0.000000                        NaT

2026-03-10 10:50:30,005 - DEBUG - [akshare_pd.py:78] - 👉 数据列名检查: ['date', 'open', 'high', 'low', 'close', 'volume', 'amount', 'outstanding_share', 'turnover']
2026-03-10 10:50:30,008 - INFO - [engine.py:99] - ⚡ [002490 山东墨龙] 盘中数据注入成功！(跳动现价: 11.92)
2026-03-10 10:50:30,010 - DEBUG - [engine.py:104] - 
📊 [002490 山东墨龙] 最新 3 行切片检查:
             open   high    low  close       volume        amount  turnover                 updated_at
date                                                                                                  
2026-03-06  12.81  13.65  12.45  13.20  207642733.0  2.726712e+09  0.383301 2026-03-10 10:50:30.006352
2026-03-09  14.52  14.52  13.13  13.24  196160005.0  2.720520e+09  0.362105 2026-03-10 10:50:30.006352
2026-03-10  11.92  11.92  11.92  11.92    7455000.0           NaN  0.000000                        NaT

2026-03-10 10:50:31,070 - DEBUG - [akshare_pd.py:78] - 👉 数据列名检查: ['date', 'open', 'high', 'low', 'close', 'volume', 'amount', 'outstanding_share', 'turnover']
2026-03-10 10:50:31,078 - INFO - [engine.py:99] - ⚡ [600522 中天科技] 盘中数据注入成功！(跳动现价: 28.67)
2026-03-10 10:50:31,083 - DEBUG - [engine.py:104] - 
📊 [600522 中天科技] 最新 3 行切片检查:
             open   high    low  close       volume        amount  turnover                 updated_at
date                                                                                                  
2026-03-06  28.45  28.88  27.22  27.38  163425189.0  4.508742e+09  0.047884 2026-03-10 10:50:31.072405
2026-03-09  26.37  27.31  25.38  27.20  155402012.0  4.065327e+09  0.045533 2026-03-10 10:50:31.072405
2026-03-10  27.55  28.81  27.41  28.67   82159332.0           NaN  0.000000                        NaT

2026-03-10 10:50:32,313 - DEBUG - [akshare_pd.py:78] - 👉 数据列名检查: ['date', 'open', 'high', 'low', 'close', 'volume', 'amount', 'outstanding_share', 'turnover']
2026-03-10 10:50:32,322 - INFO - [engine.py:99] - ⚡ [601939 建设银行] 盘中数据注入成功！(跳动现价: 9.01)
2026-03-10 10:50:32,326 - DEBUG - [engine.py:104] - 
📊 [601939 建设银行] 最新 3 行切片检查:
            open  high   low  close       volume        amount  turnover                 updated_at
date                                                                                               
2026-03-06  8.94  9.02  8.93   8.97   84773065.0  7.604956e+08  0.008836 2026-03-10 10:50:32.316148
2026-03-09  8.96  9.14  8.93   9.06  152815331.0  1.381533e+09  0.015929 2026-03-10 10:50:32.316148
2026-03-10  9.01  9.04  8.93   9.01   37915118.0           NaN  0.000000                        NaT

2026-03-10 10:50:33,395 - DEBUG - [akshare_pd.py:78] - 👉 数据列名检查: ['date', 'open', 'high', 'low', 'close', 'volume', 'amount', 'outstanding_share', 'turnover']
2026-03-10 10:50:33,398 - INFO - [engine.py:99] - ⚡ [300528 幸福蓝海] 盘中数据注入成功！(跳动现价: 17.33)
2026-03-10 10:50:33,399 - DEBUG - [engine.py:104] - 
📊 [300528 幸福蓝海] 最新 3 行切片检查:
             open   high    low  close      volume       amount  turnover                 updated_at
date                                                                                                
2026-03-06  17.20  17.39  17.11  17.33   9233432.0  159767213.0  0.024781 2026-03-10 10:50:33.396355
2026-03-09  17.02  17.30  16.68  17.28  12306835.0  208566151.0  0.033029 2026-03-10 10:50:33.396355
2026-03-10  17.40  17.56  17.27  17.33   5001300.0          NaN  0.000000                        NaT

2026-03-10 10:50:34,334 - DEBUG - [akshare_pd.py:78] - 👉 数据列名检查: ['date', 'open', 'high', 'low', 'close', 'volume', 'amount', 'outstanding_share', 'turnover']
2026-03-10 10:50:34,336 - INFO - [engine.py:99] - ⚡ [002261 拓维信息] 盘中数据注入成功！(跳动现价: 41.61)
2026-03-10 10:50:34,338 - DEBUG - [engine.py:104] - 
📊 [002261 拓维信息] 最新 3 行切片检查:
             open   high    low  close       volume        amount  turnover                 updated_at
date                                                                                                  
2026-03-06  34.88  39.05  34.59  39.05  204167442.0  7.488579e+09  0.178211 2026-03-10 10:50:34.334874
2026-03-09  39.49  42.96  37.91  42.96  340835678.0  1.379804e+10  0.297504 2026-03-10 10:50:34.334874
2026-03-10  42.15  42.88  40.72  41.61  150905738.0           NaN  0.000000                        NaT

2026-03-10 10:50:35,302 - DEBUG - [akshare_pd.py:78] - 👉 数据列名检查: ['date', 'open', 'high', 'low', 'close', 'volume', 'amount', 'outstanding_share', 'turnover']
2026-03-10 10:50:35,304 - INFO - [engine.py:99] - ⚡ [300750 宁德时代] 盘中数据注入成功！(跳动现价: 377.47)
2026-03-10 10:50:35,306 - DEBUG - [engine.py:104] - 
📊 [300750 宁德时代] 最新 3 行切片检查:
              open    high     low   close      volume        amount  turnover                 updated_at
date                                                                                                     
2026-03-06  349.00  357.02  344.66  354.77  20963113.0  7.388869e+09  0.004925 2026-03-10 10:50:35.302431
2026-03-09  348.84  359.85  345.06  357.50  31797613.0  1.121800e+10  0.007470 2026-03-10 10:50:35.302431
2026-03-10  375.00  379.69  366.50  377.47  30289210.0           NaN  0.000000                        NaT

2026-03-10 10:50:36,404 - DEBUG - [akshare_pd.py:78] - 👉 数据列名检查: ['date', 'open', 'high', 'low', 'close', 'volume', 'amount', 'outstanding_share', 'turnover']
2026-03-10 10:50:36,407 - INFO - [engine.py:99] - ⚡ [600089 特变电工] 盘中数据注入成功！(跳动现价: 32.17)
2026-03-10 10:50:36,409 - DEBUG - [engine.py:104] - 
📊 [600089 特变电工] 最新 3 行切片检查:
             open   high    low  close       volume        amount  turnover                 updated_at
date                                                                                                  
2026-03-06  32.40  33.26  32.18  32.23  417543833.0  1.361711e+10  0.082636 2026-03-10 10:50:36.404457
2026-03-09  31.81  33.15  31.80  32.76  421073209.0  1.372328e+10  0.083335 2026-03-10 10:50:36.404457
2026-03-10  32.69  32.74  31.65  32.17  171989474.0           NaN  0.000000                        NaT

2026-03-10 10:50:37,473 - DEBUG - [akshare_pd.py:78] - 👉 数据列名检查: ['date', 'open', 'high', 'low', 'close', 'volume', 'amount', 'outstanding_share', 'turnover']
2026-03-10 10:50:37,477 - INFO - [engine.py:99] - ⚡ [300308 中际旭创] 盘中数据注入成功！(跳动现价: 543.74)
2026-03-10 10:50:37,479 - DEBUG - [engine.py:104] - 
📊 [300308 中际旭创] 最新 3 行切片检查:
             open    high     low   close      volume        amount  turnover                 updated_at
date                                                                                                    
2026-03-06  553.0  559.98  537.06  545.48  21966767.0  1.202819e+10  0.019870 2026-03-10 10:50:37.474436
2026-03-09  520.1  528.30  506.00  525.99  31474315.0  1.623065e+10  0.028471 2026-03-10 10:50:37.474436
2026-03-10  540.0  547.70  530.02  543.74  13994699.0           NaN  0.000000                        NaT

2026-03-10 10:50:38,966 - DEBUG - [akshare_pd.py:78] - 👉 数据列名检查: ['date', 'open', 'high', 'low', 'close', 'volume', 'amount', 'outstanding_share', 'turnover']
2026-03-10 10:50:38,970 - INFO - [engine.py:99] - ⚡ [000547 航天发展] 盘中数据注入成功！(跳动现价: 33.27)
2026-03-10 10:50:38,972 - DEBUG - [engine.py:104] - 
📊 [000547 航天发展] 最新 3 行切片检查:
             open   high    low  close       volume        amount  turnover                 updated_at
date                                                                                                  
2026-03-06  31.20  33.99  31.20  32.66  413923343.0  1.358453e+10  0.260473 2026-03-10 10:50:38.967469
2026-03-09  31.30  33.32  31.30  32.10  311748689.0  1.016066e+10  0.196177 2026-03-10 10:50:38.967469
2026-03-10  32.51  33.79  32.12  33.27  156605926.0           NaN  0.000000                        NaT

2026-03-10 10:50:40,380 - DEBUG - [akshare_pd.py:78] - 👉 数据列名检查: ['date', 'open', 'high', 'low', 'close', 'volume', 'amount', 'outstanding_share', 'turnover']
2026-03-10 10:50:40,382 - INFO - [engine.py:99] - ⚡ [601179 中国西电] 盘中数据注入成功！(跳动现价: 20.18)
2026-03-10 10:50:40,384 - DEBUG - [engine.py:104] - 
📊 [601179 中国西电] 最新 3 行切片检查:
            open   high    low  close       volume        amount  turnover                 updated_at
date                                                                                                 
2026-03-06  18.6  19.58  18.32  19.30  551658894.0  1.047151e+10  0.107622 2026-03-10 10:50:40.380927
2026-03-09  18.9  20.61  18.89  20.17  534452198.0  1.061643e+10  0.104265 2026-03-10 10:50:40.380927
2026-03-10  20.0  20.65  19.58  20.18  239756783.0           NaN  0.000000                        NaT

2026-03-10 10:50:41,928 - DEBUG - [akshare_pd.py:78] - 👉 数据列名检查: ['date', 'open', 'high', 'low', 'close', 'volume', 'amount', 'outstanding_share', 'turnover']
2026-03-10 10:50:41,932 - INFO - [engine.py:99] - ⚡ [000988 华工科技] 盘中数据注入成功！(跳动现价: 118.31)
2026-03-10 10:50:41,934 - DEBUG - [engine.py:104] - 
📊 [000988 华工科技] 最新 3 行切片检查:
              open    high     low   close       volume        amount  turnover                 updated_at
date                                                                                                      
2026-03-06  106.75  116.09  106.00  114.78  129693070.0  1.435247e+10  0.129050 2026-03-10 10:50:41.929918
2026-03-09  112.00  119.78  108.50  118.60  135658907.0  1.541769e+10  0.134986 2026-03-10 10:50:41.929918
2026-03-10  119.49  122.63  116.55  118.31   55193320.0           NaN  0.000000                        NaT

2026-03-10 10:50:42,913 - DEBUG - [akshare_pd.py:78] - 👉 数据列名检查: ['date', 'open', 'high', 'low', 'close', 'volume', 'amount', 'outstanding_share', 'turnover']
2026-03-10 10:50:42,915 - INFO - [engine.py:99] - ⚡ [300394 天孚通信] 盘中数据注入成功！(跳动现价: 334.83)
2026-03-10 10:50:42,917 - DEBUG - [engine.py:104] - 
📊 [300394 天孚通信] 最新 3 行切片检查:
              open    high     low   close      volume        amount  turnover                 updated_at
date                                                                                                     
2026-03-06  334.57  336.30  318.00  322.88  33215376.0  1.074690e+10  0.042811 2026-03-10 10:50:42.913826
2026-03-09  306.75  310.48  292.00  306.96  37896546.0  1.136586e+10  0.048845 2026-03-10 10:50:42.913826
2026-03-10  329.00  338.00  325.01  334.83  21853106.0           NaN  0.000000                        NaT

2026-03-10 10:50:43,800 - DEBUG - [akshare_pd.py:78] - 👉 数据列名检查: ['date', 'open', 'high', 'low', 'close', 'volume', 'amount', 'outstanding_share', 'turnover']
2026-03-10 10:50:43,802 - INFO - [engine.py:99] - ⚡ [300502 新易盛] 盘中数据注入成功！(跳动现价: 391.4)
2026-03-10 10:50:43,804 - DEBUG - [engine.py:104] - 
📊 [300502 新易盛] 最新 3 行切片检查:
              open    high     low  close      volume        amount  turnover                 updated_at
date                                                                                                    
2026-03-06  393.22  412.00  387.09  402.0  40431543.0  1.616447e+10  0.045664 2026-03-10 10:50:43.800317
2026-03-09  380.00  387.32  369.32  384.0  44166394.0  1.662925e+10  0.049882 2026-03-10 10:50:43.800317
2026-03-10  394.75  401.00  382.59  391.4  22961332.0           NaN  0.000000                        NaT

2026-03-10 10:50:44,894 - DEBUG - [akshare_pd.py:78] - 👉 数据列名检查: ['date', 'open', 'high', 'low', 'close', 'volume', 'amount', 'outstanding_share', 'turnover']
2026-03-10 10:50:44,898 - INFO - [engine.py:99] - ⚡ [600759 洲际油气] 盘中数据注入成功！(跳动现价: 7.49)
2026-03-10 10:50:44,900 - DEBUG - [engine.py:104] - 
📊 [600759 洲际油气] 最新 3 行切片检查:
            open  high   low  close        volume        amount  turnover                 updated_at
date                                                                                                
2026-03-06  7.88  8.55  7.88   8.24  9.769286e+08  7.968083e+09  0.235763 2026-03-10 10:50:44.894928
2026-03-09  9.06  9.06  8.30   8.32  1.252567e+09  1.101528e+10  0.302283 2026-03-10 10:50:44.894928
2026-03-10  7.49  7.49  7.49   7.49  8.385460e+07           NaN  0.000000                        NaT

2026-03-10 10:50:45,864 - DEBUG - [akshare_pd.py:78] - 👉 数据列名检查: ['date', 'open', 'high', 'low', 'close', 'volume', 'amount', 'outstanding_share', 'turnover']
2026-03-10 10:50:45,867 - INFO - [engine.py:99] - ⚡ [300274 阳光电源] 盘中数据注入成功！(跳动现价: 157.02)
2026-03-10 10:50:45,869 - DEBUG - [engine.py:104] - 
📊 [300274 阳光电源] 最新 3 行切片检查:
              open    high     low   close      volume        amount  turnover                 updated_at
date                                                                                                     
2026-03-06  148.51  151.88  146.38  149.80  36455981.0  5.456990e+09  0.022932 2026-03-10 10:50:45.865401
2026-03-09  148.49  156.85  147.57  155.80  82230094.0  1.267351e+10  0.051726 2026-03-10 10:50:45.865401
2026-03-10  157.99  158.69  153.20  157.02  33345131.0           NaN  0.000000                        NaT

2026-03-10 10:51:27,517 - WARNING - [config.py:28] - 未找到调参日志，将使用备用默认参数！
2026-03-10 10:51:27,551 - INFO - [cloudakpd.py:36] - ============================================================
2026-03-10 10:51:27,551 - INFO - [cloudakpd.py:37] - 📊 [DataCenter] 数据内核启动审计...
2026-03-10 10:51:27,551 - INFO - [cloudakpd.py:38] -    ▫️ 存储模式 : ☁️  云端 (PostgreSQL)
2026-03-10 10:51:27,551 - INFO - [cloudakpd.py:39] -    ▫️ 连接节点 : ep-noisy-dust-a1zv7w56-pooler.ap-southeast-1.aws.neon.tech/neondb
2026-03-10 10:51:30,378 - INFO - [cloudakpd.py:85] - 📂 字段审计完成，当前支持: name, latest_price, symbol, open, amount, trade_date, turnover_rate, low, is_closed, high, volume, updated_at
2026-03-10 10:51:30,379 - INFO - [cloudakpd.py:42] - ============================================================
2026-03-10 10:51:32,036 - INFO - [cloudakpd.py:204] - ---------------------------------------------
2026-03-10 10:51:32,037 - INFO - [cloudakpd.py:205] - 🔍 [审计] 读取成功: 2026-03-10
2026-03-10 10:51:32,037 - INFO - [cloudakpd.py:206] -    ▫️ 标的总数 : 5488 条
2026-03-10 10:51:32,037 - INFO - [cloudakpd.py:207] -    ▫️ 资金状态 : 盘中实时
2026-03-10 10:51:32,038 - INFO - [cloudakpd.py:208] -    ▫️ 存入时间 : 2026-03-10 10:30:40.303759
2026-03-10 10:51:32,044 - INFO - [cloudakpd.py:210] - 
symbol name  open  latest_price  high   low    volume     amount trade_date
920000 安徽凤凰 17.82         17.93 18.04 17.74  175344.0  3142234.0 2026-03-10
920001 纬达光电 19.45         19.99 20.38 19.20 3856888.0 76059286.0 2026-03-10
920002 万达轴承 91.00         91.21 91.48 90.56  290976.0 26460664.0 2026-03-10
2026-03-10 10:51:32,044 - INFO - [cloudakpd.py:211] - ---------------------------------------------
2026-03-10 10:51:32,045 - INFO - [universe.py:40] - ✅ [UniverseManager] 云端全量快照加载成功，当前监控 5488 只标的。
2026-03-10 10:51:32,045 - INFO - [engine.py:24] - ================================================================================
2026-03-10 10:51:32,046 - INFO - [engine.py:25] -  🚀 启动量化交易实盘中心 (2026-03-10 10:51)
2026-03-10 10:51:32,046 - INFO - [engine.py:26] -    - 📒 人工比对账本 : D:\git\LongTrading\data\live_broker_account.json
2026-03-10 10:51:32,046 - INFO - [engine.py:27] -    - 💸 审计交易流水 : D:\git\LongTrading\data\live_trade_ledger.csv
2026-03-10 10:51:32,046 - INFO - [engine.py:28] - ================================================================================
2026-03-10 10:51:32,051 - WARNING - [ledger.py:64] - 🚨 【对账异常】 300528 系统应有 0 与 真实持有 400不一致。系统已强制以人工为准重新校准！
2026-03-10 10:51:32,051 - INFO - [engine.py:36] - 📡 正在全盘扫描历史数据与近期快照，构建动态监控池...
2026-03-10 10:51:32,052 - INFO - [universe.py:82] - 📊 正在通过云端 SQL 审计近 20 个交易日的热点标的...
2026-03-10 10:51:32,417 - INFO - [universe.py:129] - ✅ [UniverseManager] 动态股票池已对齐云端，当前池规模: 20
2026-03-10 10:51:32,418 - INFO - [engine.py:38] - 🏦 会计部接管完毕: 可用现金 【1,000.00 元】，真实持仓 【9 只】，雷达标的 【20 只】。
2026-03-10 10:51:32,418 - INFO - [engine.py:39] - 🎯 监控池构建完毕: 汇聚近 20 日霸榜标的，实盘监控总数: 【20 只】。
2026-03-10 10:51:32,420 - INFO - [engine.py:67] - --------------------------------------------------------------------------------
2026-03-10 10:51:32,420 - INFO - [engine.py:68] - 【盘前资产风控评估 (Pre-Trade NAV Dashboard)】
2026-03-10 10:51:32,420 - INFO - [engine.py:69] -    - 可用现金 (Available Cash) : 1,000.00
2026-03-10 10:51:32,420 - INFO - [engine.py:70] -    - 持仓成本 (Total Cost)     : 37,800.23
2026-03-10 10:51:32,421 - INFO - [engine.py:71] -    - 持仓市值 (Market Value)   : 36,311.32
2026-03-10 10:51:32,421 - INFO - [engine.py:72] -    - 净 资 产 (Total Equity)   : 37,311.32
2026-03-10 10:51:32,421 - INFO - [engine.py:73] -    - 账面浮盈 (Floating PnL)   : -1,488.91 (-3.94%)
2026-03-10 10:51:32,421 - INFO - [engine.py:74] - --------------------------------------------------------------------------------
2026-03-10 10:51:33,469 - DEBUG - [akshare_pd.py:78] - 👉 数据列名检查: ['date', 'open', 'high', 'low', 'close', 'volume', 'amount', 'outstanding_share', 'turnover']
2026-03-10 10:51:33,474 - INFO - [engine.py:99] - ⚡ [002131 利欧股份] 盘中数据注入成功！(跳动现价: 8.57)
2026-03-10 10:51:33,476 - DEBUG - [engine.py:104] - 
📊 [002131 利欧股份] 最新 3 行切片检查:
            open  high   low  close       volume        amount  turnover                 updated_at
date                                                                                               
2026-03-06  8.48  8.75  8.40   8.67  525540341.0  4.533554e+09  0.089840 2026-03-10 10:51:33.470722
2026-03-09  8.50  8.68  8.27   8.61  537371492.0  4.539095e+09  0.091863 2026-03-10 10:51:33.470722
2026-03-10  8.70  8.86  8.56   8.57  280737112.0           NaN  0.000000                        NaT

2026-03-10 10:51:34,542 - DEBUG - [akshare_pd.py:78] - 👉 数据列名检查: ['date', 'open', 'high', 'low', 'close', 'volume', 'amount', 'outstanding_share', 'turnover']
2026-03-10 10:51:34,546 - INFO - [engine.py:99] - ⚡ [600410 华胜天成] 盘中数据注入成功！(跳动现价: 30.52)
2026-03-10 10:51:34,547 - DEBUG - [engine.py:104] - 
📊 [600410 华胜天成] 最新 3 行切片检查:
             open   high    low  close       volume        amount  turnover                 updated_at
date                                                                                                  
2026-03-06  28.30  30.05  27.31  29.73  333600749.0  9.496524e+09  0.304243 2026-03-10 10:51:34.543171
2026-03-09  28.50  32.60  27.85  30.51  387235359.0  1.152136e+10  0.353158 2026-03-10 10:51:34.543171
2026-03-10  30.51  31.52  29.68  30.52  150633699.0           NaN  0.000000                        NaT

2026-03-10 10:51:35,652 - DEBUG - [akshare_pd.py:78] - 👉 数据列名检查: ['date', 'open', 'high', 'low', 'close', 'volume', 'amount', 'outstanding_share', 'turnover']
2026-03-10 10:51:35,655 - INFO - [engine.py:99] - ⚡ [600111 北方稀土] 盘中数据注入成功！(跳动现价: 54.65)
2026-03-10 10:51:35,657 - DEBUG - [engine.py:104] - 
📊 [600111 北方稀土] 最新 3 行切片检查:
            open   high    low  close       volume        amount  turnover                 updated_at
date                                                                                                 
2026-03-06  54.6  55.58  53.80  54.30   89120597.0  4.852758e+09  0.024653 2026-03-10 10:51:35.652005
2026-03-09  53.1  54.32  51.67  53.88  102485185.0  5.439987e+09  0.028349 2026-03-10 10:51:35.652005
2026-03-10  54.5  55.13  53.80  54.65   39719855.0           NaN  0.000000                        NaT

2026-03-10 10:51:36,513 - DEBUG - [akshare_pd.py:78] - 👉 数据列名检查: ['date', 'open', 'high', 'low', 'close', 'volume', 'amount', 'outstanding_share', 'turnover']
2026-03-10 10:51:36,516 - INFO - [engine.py:99] - ⚡ [600938 中国海油] 盘中数据注入成功！(跳动现价: 39.88)
2026-03-10 10:51:36,517 - DEBUG - [engine.py:104] - 
📊 [600938 中国海油] 最新 3 行切片检查:
             open   high    low  close       volume        amount  turnover                 updated_at
date                                                                                                  
2026-03-06  40.67  42.38  39.66  40.49  122718533.0  4.978030e+09  0.041043 2026-03-10 10:51:36.514207
2026-03-09  44.54  44.54  43.00  43.36  213415357.0  9.411870e+09  0.071376 2026-03-10 10:51:36.514207
2026-03-10  39.03  40.59  39.03  39.88   93673477.0           NaN  0.000000                        NaT

2026-03-10 10:51:37,522 - DEBUG - [akshare_pd.py:78] - 👉 数据列名检查: ['date', 'open', 'high', 'low', 'close', 'volume', 'amount', 'outstanding_share', 'turnover']
2026-03-10 10:51:37,526 - INFO - [engine.py:99] - ⚡ [601899 紫金矿业] 盘中数据注入成功！(跳动现价: 37.15)
2026-03-10 10:51:37,528 - DEBUG - [engine.py:104] - 
📊 [601899 紫金矿业] 最新 3 行切片检查:
             open   high    low  close       volume        amount  turnover                 updated_at
date                                                                                                  
2026-03-06  37.01  37.48  36.24  37.10  253947012.0  9.355468e+09  0.012327 2026-03-10 10:51:37.523496
2026-03-09  35.93  36.67  34.86  36.40  390629022.0  1.390525e+10  0.018962 2026-03-10 10:51:37.523496
2026-03-10  36.98  37.54  36.80  37.15  104525956.0           NaN  0.000000                        NaT

2026-03-10 10:51:38,505 - DEBUG - [akshare_pd.py:78] - 👉 数据列名检查: ['date', 'open', 'high', 'low', 'close', 'volume', 'amount', 'outstanding_share', 'turnover']
2026-03-10 10:51:38,510 - INFO - [engine.py:99] - ⚡ [002490 山东墨龙] 盘中数据注入成功！(跳动现价: 11.92)
2026-03-10 10:51:38,511 - DEBUG - [engine.py:104] - 
📊 [002490 山东墨龙] 最新 3 行切片检查:
             open   high    low  close       volume        amount  turnover                 updated_at
date                                                                                                  
2026-03-06  12.81  13.65  12.45  13.20  207642733.0  2.726712e+09  0.383301 2026-03-10 10:51:38.506329
2026-03-09  14.52  14.52  13.13  13.24  196160005.0  2.720520e+09  0.362105 2026-03-10 10:51:38.506329
2026-03-10  11.92  11.92  11.92  11.92    7455000.0           NaN  0.000000                        NaT

2026-03-10 10:51:39,459 - DEBUG - [akshare_pd.py:78] - 👉 数据列名检查: ['date', 'open', 'high', 'low', 'close', 'volume', 'amount', 'outstanding_share', 'turnover']
2026-03-10 10:51:39,462 - INFO - [engine.py:99] - ⚡ [600522 中天科技] 盘中数据注入成功！(跳动现价: 28.67)
2026-03-10 10:51:39,464 - DEBUG - [engine.py:104] - 
📊 [600522 中天科技] 最新 3 行切片检查:
             open   high    low  close       volume        amount  turnover                 updated_at
date                                                                                                  
2026-03-06  28.45  28.88  27.22  27.38  163425189.0  4.508742e+09  0.047884 2026-03-10 10:51:39.460133
2026-03-09  26.37  27.31  25.38  27.20  155402012.0  4.065327e+09  0.045533 2026-03-10 10:51:39.460133
2026-03-10  27.55  28.81  27.41  28.67   82159332.0           NaN  0.000000                        NaT

2026-03-10 10:51:40,392 - DEBUG - [akshare_pd.py:78] - 👉 数据列名检查: ['date', 'open', 'high', 'low', 'close', 'volume', 'amount', 'outstanding_share', 'turnover']
2026-03-10 10:51:40,395 - INFO - [engine.py:99] - ⚡ [601939 建设银行] 盘中数据注入成功！(跳动现价: 9.01)
2026-03-10 10:51:40,396 - DEBUG - [engine.py:104] - 
📊 [601939 建设银行] 最新 3 行切片检查:
            open  high   low  close       volume        amount  turnover                 updated_at
date                                                                                               
2026-03-06  8.94  9.02  8.93   8.97   84773065.0  7.604956e+08  0.008836 2026-03-10 10:51:40.392658
2026-03-09  8.96  9.14  8.93   9.06  152815331.0  1.381533e+09  0.015929 2026-03-10 10:51:40.392658
2026-03-10  9.01  9.04  8.93   9.01   37915118.0           NaN  0.000000                        NaT

2026-03-10 10:51:41,470 - DEBUG - [akshare_pd.py:78] - 👉 数据列名检查: ['date', 'open', 'high', 'low', 'close', 'volume', 'amount', 'outstanding_share', 'turnover']
2026-03-10 10:51:41,474 - INFO - [engine.py:99] - ⚡ [300528 幸福蓝海] 盘中数据注入成功！(跳动现价: 17.33)
2026-03-10 10:51:41,476 - DEBUG - [engine.py:104] - 
📊 [300528 幸福蓝海] 最新 3 行切片检查:
             open   high    low  close      volume       amount  turnover                 updated_at
date                                                                                                
2026-03-06  17.20  17.39  17.11  17.33   9233432.0  159767213.0  0.024781 2026-03-10 10:51:41.472441
2026-03-09  17.02  17.30  16.68  17.28  12306835.0  208566151.0  0.033029 2026-03-10 10:51:41.472441
2026-03-10  17.40  17.56  17.27  17.33   5001300.0          NaN  0.000000                        NaT

2026-03-10 10:51:42,671 - DEBUG - [akshare_pd.py:78] - 👉 数据列名检查: ['date', 'open', 'high', 'low', 'close', 'volume', 'amount', 'outstanding_share', 'turnover']
2026-03-10 10:51:42,675 - INFO - [engine.py:99] - ⚡ [002261 拓维信息] 盘中数据注入成功！(跳动现价: 41.61)
2026-03-10 10:51:42,676 - DEBUG - [engine.py:104] - 
📊 [002261 拓维信息] 最新 3 行切片检查:
             open   high    low  close       volume        amount  turnover                 updated_at
date                                                                                                  
2026-03-06  34.88  39.05  34.59  39.05  204167442.0  7.488579e+09  0.178211 2026-03-10 10:51:42.672266
2026-03-09  39.49  42.96  37.91  42.96  340835678.0  1.379804e+10  0.297504 2026-03-10 10:51:42.672266
2026-03-10  42.15  42.88  40.72  41.61  150905738.0           NaN  0.000000                        NaT

2026-03-10 10:51:43,943 - DEBUG - [akshare_pd.py:78] - 👉 数据列名检查: ['date', 'open', 'high', 'low', 'close', 'volume', 'amount', 'outstanding_share', 'turnover']
2026-03-10 10:51:43,948 - INFO - [engine.py:99] - ⚡ [300750 宁德时代] 盘中数据注入成功！(跳动现价: 377.47)
2026-03-10 10:51:43,950 - DEBUG - [engine.py:104] - 
📊 [300750 宁德时代] 最新 3 行切片检查:
              open    high     low   close      volume        amount  turnover                 updated_at
date                                                                                                     
2026-03-06  349.00  357.02  344.66  354.77  20963113.0  7.388869e+09  0.004925 2026-03-10 10:51:43.945819
2026-03-09  348.84  359.85  345.06  357.50  31797613.0  1.121800e+10  0.007470 2026-03-10 10:51:43.945819
2026-03-10  375.00  379.69  366.50  377.47  30289210.0           NaN  0.000000                        NaT

2026-03-10 10:51:45,260 - DEBUG - [akshare_pd.py:78] - 👉 数据列名检查: ['date', 'open', 'high', 'low', 'close', 'volume', 'amount', 'outstanding_share', 'turnover']
2026-03-10 10:51:45,264 - INFO - [engine.py:99] - ⚡ [600089 特变电工] 盘中数据注入成功！(跳动现价: 32.17)
2026-03-10 10:51:45,266 - DEBUG - [engine.py:104] - 
📊 [600089 特变电工] 最新 3 行切片检查:
             open   high    low  close       volume        amount  turnover                 updated_at
date                                                                                                  
2026-03-06  32.40  33.26  32.18  32.23  417543833.0  1.361711e+10  0.082636 2026-03-10 10:51:45.260698
2026-03-09  31.81  33.15  31.80  32.76  421073209.0  1.372328e+10  0.083335 2026-03-10 10:51:45.260698
2026-03-10  32.69  32.74  31.65  32.17  171989474.0           NaN  0.000000                        NaT

2026-03-10 10:51:46,388 - DEBUG - [akshare_pd.py:78] - 👉 数据列名检查: ['date', 'open', 'high', 'low', 'close', 'volume', 'amount', 'outstanding_share', 'turnover']
2026-03-10 10:51:46,407 - INFO - [engine.py:99] - ⚡ [300308 中际旭创] 盘中数据注入成功！(跳动现价: 543.74)
2026-03-10 10:51:46,409 - DEBUG - [engine.py:104] - 
📊 [300308 中际旭创] 最新 3 行切片检查:
             open    high     low   close      volume        amount  turnover                 updated_at
date                                                                                                    
2026-03-06  553.0  559.98  537.06  545.48  21966767.0  1.202819e+10  0.019870 2026-03-10 10:51:46.404941
2026-03-09  520.1  528.30  506.00  525.99  31474315.0  1.623065e+10  0.028471 2026-03-10 10:51:46.404941
2026-03-10  540.0  547.70  530.02  543.74  13994699.0           NaN  0.000000                        NaT

2026-03-10 10:51:48,211 - DEBUG - [akshare_pd.py:78] - 👉 数据列名检查: ['date', 'open', 'high', 'low', 'close', 'volume', 'amount', 'outstanding_share', 'turnover']
2026-03-10 10:51:48,217 - INFO - [engine.py:99] - ⚡ [000547 航天发展] 盘中数据注入成功！(跳动现价: 33.27)
2026-03-10 10:51:48,219 - DEBUG - [engine.py:104] - 
📊 [000547 航天发展] 最新 3 行切片检查:
             open   high    low  close       volume        amount  turnover                 updated_at
date                                                                                                  
2026-03-06  31.20  33.99  31.20  32.66  413923343.0  1.358453e+10  0.260473 2026-03-10 10:51:48.212433
2026-03-09  31.30  33.32  31.30  32.10  311748689.0  1.016066e+10  0.196177 2026-03-10 10:51:48.212433
2026-03-10  32.51  33.79  32.12  33.27  156605926.0           NaN  0.000000                        NaT

2026-03-10 10:51:49,292 - DEBUG - [akshare_pd.py:78] - 👉 数据列名检查: ['date', 'open', 'high', 'low', 'close', 'volume', 'amount', 'outstanding_share', 'turnover']
2026-03-10 10:51:49,296 - INFO - [engine.py:99] - ⚡ [601179 中国西电] 盘中数据注入成功！(跳动现价: 20.18)
2026-03-10 10:51:49,298 - DEBUG - [engine.py:104] - 
📊 [601179 中国西电] 最新 3 行切片检查:
            open   high    low  close       volume        amount  turnover                 updated_at
date                                                                                                 
2026-03-06  18.6  19.58  18.32  19.30  551658894.0  1.047151e+10  0.107622 2026-03-10 10:51:49.292990
2026-03-09  18.9  20.61  18.89  20.17  534452198.0  1.061643e+10  0.104265 2026-03-10 10:51:49.292990
2026-03-10  20.0  20.65  19.58  20.18  239756783.0           NaN  0.000000                        NaT

2026-03-10 10:51:50,540 - DEBUG - [akshare_pd.py:78] - 👉 数据列名检查: ['date', 'open', 'high', 'low', 'close', 'volume', 'amount', 'outstanding_share', 'turnover']
2026-03-10 10:51:50,543 - INFO - [engine.py:99] - ⚡ [000988 华工科技] 盘中数据注入成功！(跳动现价: 118.31)
2026-03-10 10:51:50,544 - DEBUG - [engine.py:104] - 
📊 [000988 华工科技] 最新 3 行切片检查:
              open    high     low   close       volume        amount  turnover                 updated_at
date                                                                                                      
2026-03-06  106.75  116.09  106.00  114.78  129693070.0  1.435247e+10  0.129050 2026-03-10 10:51:50.540219
2026-03-09  112.00  119.78  108.50  118.60  135658907.0  1.541769e+10  0.134986 2026-03-10 10:51:50.540219
2026-03-10  119.49  122.63  116.55  118.31   55193320.0           NaN  0.000000                        NaT

2026-03-10 10:51:51,509 - DEBUG - [akshare_pd.py:78] - 👉 数据列名检查: ['date', 'open', 'high', 'low', 'close', 'volume', 'amount', 'outstanding_share', 'turnover']
2026-03-10 10:51:51,511 - INFO - [engine.py:99] - ⚡ [300394 天孚通信] 盘中数据注入成功！(跳动现价: 334.83)
2026-03-10 10:51:51,513 - DEBUG - [engine.py:104] - 
📊 [300394 天孚通信] 最新 3 行切片检查:
              open    high     low   close      volume        amount  turnover                 updated_at
date                                                                                                     
2026-03-06  334.57  336.30  318.00  322.88  33215376.0  1.074690e+10  0.042811 2026-03-10 10:51:51.509570
2026-03-09  306.75  310.48  292.00  306.96  37896546.0  1.136586e+10  0.048845 2026-03-10 10:51:51.509570
2026-03-10  329.00  338.00  325.01  334.83  21853106.0           NaN  0.000000                        NaT

2026-03-10 10:51:52,719 - DEBUG - [akshare_pd.py:78] - 👉 数据列名检查: ['date', 'open', 'high', 'low', 'close', 'volume', 'amount', 'outstanding_share', 'turnover']
2026-03-10 10:51:52,722 - INFO - [engine.py:99] - ⚡ [300502 新易盛] 盘中数据注入成功！(跳动现价: 391.4)
2026-03-10 10:51:52,724 - DEBUG - [engine.py:104] - 
📊 [300502 新易盛] 最新 3 行切片检查:
              open    high     low  close      volume        amount  turnover                 updated_at
date                                                                                                    
2026-03-06  393.22  412.00  387.09  402.0  40431543.0  1.616447e+10  0.045664 2026-03-10 10:51:52.719191
2026-03-09  380.00  387.32  369.32  384.0  44166394.0  1.662925e+10  0.049882 2026-03-10 10:51:52.719191
2026-03-10  394.75  401.00  382.59  391.4  22961332.0           NaN  0.000000                        NaT

2026-03-10 10:51:54,641 - DEBUG - [akshare_pd.py:78] - 👉 数据列名检查: ['date', 'open', 'high', 'low', 'close', 'volume', 'amount', 'outstanding_share', 'turnover']
2026-03-10 10:51:54,646 - INFO - [engine.py:99] - ⚡ [600759 洲际油气] 盘中数据注入成功！(跳动现价: 7.49)
2026-03-10 10:51:54,648 - DEBUG - [engine.py:104] - 
📊 [600759 洲际油气] 最新 3 行切片检查:
            open  high   low  close        volume        amount  turnover                 updated_at
date                                                                                                
2026-03-06  7.88  8.55  7.88   8.24  9.769286e+08  7.968083e+09  0.235763 2026-03-10 10:51:54.642230
2026-03-09  9.06  9.06  8.30   8.32  1.252567e+09  1.101528e+10  0.302283 2026-03-10 10:51:54.642230
2026-03-10  7.49  7.49  7.49   7.49  8.385460e+07           NaN  0.000000                        NaT

2026-03-10 10:51:55,876 - DEBUG - [akshare_pd.py:78] - 👉 数据列名检查: ['date', 'open', 'high', 'low', 'close', 'volume', 'amount', 'outstanding_share', 'turnover']
2026-03-10 10:51:55,882 - INFO - [engine.py:99] - ⚡ [300274 阳光电源] 盘中数据注入成功！(跳动现价: 157.02)
2026-03-10 10:51:55,886 - DEBUG - [engine.py:104] - 
📊 [300274 阳光电源] 最新 3 行切片检查:
              open    high     low   close      volume        amount  turnover                 updated_at
date                                                                                                     
2026-03-06  148.51  151.88  146.38  149.80  36455981.0  5.456990e+09  0.022932 2026-03-10 10:51:55.878172
2026-03-09  148.49  156.85  147.57  155.80  82230094.0  1.267351e+10  0.051726 2026-03-10 10:51:55.878172
2026-03-10  157.99  158.69  153.20  157.02  33345131.0           NaN  0.000000                        NaT

2026-03-10 10:51:56,006 - INFO - [cloudakpd.py:36] - ============================================================
2026-03-10 10:51:56,006 - INFO - [cloudakpd.py:37] - 📊 [DataCenter] 数据内核启动审计...
2026-03-10 10:51:56,007 - INFO - [cloudakpd.py:38] -    ▫️ 存储模式 : ☁️  云端 (PostgreSQL)
2026-03-10 10:51:56,007 - INFO - [cloudakpd.py:39] -    ▫️ 连接节点 : ep-noisy-dust-a1zv7w56-pooler.ap-southeast-1.aws.neon.tech/neondb
2026-03-10 10:51:58,356 - INFO - [cloudakpd.py:85] - 📂 字段审计完成，当前支持: name, latest_price, symbol, open, amount, trade_date, turnover_rate, low, is_closed, high, volume, updated_at
2026-03-10 10:51:58,357 - INFO - [cloudakpd.py:42] - ============================================================
2026-03-10 10:52:30,485 - INFO - [cloudakpd.py:204] - ---------------------------------------------
2026-03-10 10:52:30,486 - INFO - [cloudakpd.py:205] - 🔍 [审计] 同步完成: 2026-03-10
2026-03-10 10:52:30,486 - INFO - [cloudakpd.py:206] -    ▫️ 标的总数 : 5488 条
2026-03-10 10:52:30,486 - INFO - [cloudakpd.py:207] -    ▫️ 资金状态 : 盘中实时
2026-03-10 10:52:30,486 - INFO - [cloudakpd.py:208] -    ▫️ 存入时间 : 2026-03-10 10:52:28.927345
2026-03-10 10:52:30,490 - INFO - [cloudakpd.py:210] - 
symbol name  open  latest_price  high   low    volume     amount trade_date
920000 安徽凤凰 17.82         17.92 18.04 17.74  225623.0  4043837.0 2026-03-10
920001 纬达光电 19.45         19.86 20.38 19.20 4271779.0 84296721.0 2026-03-10
920002 万达轴承 91.00         91.66 91.66 90.56  328612.0 29898523.0 2026-03-10
2026-03-10 10:52:30,490 - INFO - [cloudakpd.py:211] - ---------------------------------------------
2026-03-10 10:52:32,876 - INFO - [cloudakpd.py:204] - ---------------------------------------------
2026-03-10 10:52:32,876 - INFO - [cloudakpd.py:205] - 🔍 [审计] 读取成功: 2026-03-10
2026-03-10 10:52:32,877 - INFO - [cloudakpd.py:206] -    ▫️ 标的总数 : 5488 条
2026-03-10 10:52:32,877 - INFO - [cloudakpd.py:207] -    ▫️ 资金状态 : 盘中实时
2026-03-10 10:52:32,877 - INFO - [cloudakpd.py:208] -    ▫️ 存入时间 : 2026-03-10 10:52:28.927345
2026-03-10 10:52:32,879 - INFO - [cloudakpd.py:210] - 
symbol name  open  latest_price  high   low    volume     amount trade_date
920000 安徽凤凰 17.82         17.92 18.04 17.74  225623.0  4043837.0 2026-03-10
920001 纬达光电 19.45         19.86 20.38 19.20 4271779.0 84296721.0 2026-03-10
920002 万达轴承 91.00         91.66 91.66 90.56  328612.0 29898523.0 2026-03-10
2026-03-10 10:52:32,879 - INFO - [cloudakpd.py:211] - ---------------------------------------------
2026-03-10 10:52:32,882 - INFO - [ledger.py:262] - ✅ 资产审计完成。当前净资产: 37196.15, 云端对齐已完成。
2026-03-10 10:52:32,882 - INFO - [engine.py:161] - ================================================================================
2026-03-10 10:52:32,883 - INFO - [engine.py:162] - 【操作审批纪要 (Execution Summary)】
2026-03-10 10:52:32,883 - INFO - [engine.py:163] - 🔴 300528 (幸福蓝海) 建议卖出 400 股 | 预估价: 17.33 | 状态: 待老板确认 | 逻辑: 触发最终移动止盈，全仓撤退
2026-03-10 10:52:32,883 - INFO - [engine.py:168] - 
【持仓状态确认 (Positions Audit)】
2026-03-10 10:52:32,883 - INFO - [engine.py:170] - 🛡️ 002131 (利欧股份) | 持仓 700 股 | 现价: 8.57 | 浮盈: -5.82%
   └─ 买入日期: 历史遗留 | 开仓逻辑: 未知建仓逻辑
2026-03-10 10:52:32,883 - INFO - [engine.py:170] - 🛡️ 600410 (华胜天成) | 持仓 1 股 | 现价: 30.52 | 浮盈: 8.51%
   └─ 买入日期: 历史遗留 | 开仓逻辑: 未知建仓逻辑
2026-03-10 10:52:32,883 - INFO - [engine.py:170] - 🛡️ 600111 (北方稀土) | 持仓 100 股 | 现价: 54.65 | 浮盈: -8.92%
   └─ 买入日期: 历史遗留 | 开仓逻辑: 未知建仓逻辑
2026-03-10 10:52:32,883 - INFO - [engine.py:170] - 🛡️ 600938 (中国海油) | 持仓 1 股 | 现价: 39.88 | 浮盈: 9.26%
   └─ 买入日期: 历史遗留 | 开仓逻辑: 未知建仓逻辑
2026-03-10 10:52:32,883 - INFO - [engine.py:170] - 🛡️ 601899 (紫金矿业) | 持仓 200 股 | 现价: 37.15 | 浮盈: -5.59%
   └─ 买入日期: 历史遗留 | 开仓逻辑: 未知建仓逻辑
2026-03-10 10:52:32,883 - INFO - [engine.py:170] - 🛡️ 002490 (山东墨龙) | 持仓 1 股 | 现价: 11.92 | 浮盈: 26.81%
   └─ 买入日期: 历史遗留 | 开仓逻辑: 未知建仓逻辑
2026-03-10 10:52:32,884 - INFO - [engine.py:170] - 🛡️ 600522 (中天科技) | 持仓 300 股 | 现价: 28.67 | 浮盈: -2.60%
   └─ 买入日期: 历史遗留 | 开仓逻辑: 未知建仓逻辑
2026-03-10 10:52:32,884 - INFO - [engine.py:170] - 🛡️ 601939 (建设银行) | 持仓 200 股 | 现价: 9.01 | 浮盈: 4.52%
   └─ 买入日期: 历史遗留 | 开仓逻辑: 未知建仓逻辑
2026-03-10 10:52:32,884 - INFO - [engine.py:174] - ================================================================================
2026-03-10 10:52:32,884 - INFO - [engine.py:175] - 👀 【交易额最大动态监控池 (优胜劣汰拒绝名单)】
2026-03-10 10:52:32,884 - INFO - [engine.py:186] -    - 🚫 观望 002261 (拓维信息): 乖离率偏高 (1.14)
2026-03-10 10:52:32,885 - INFO - [engine.py:186] -    - 🚫 观望 300750 (宁德时代): 未形成多头排列
2026-03-10 10:52:32,885 - INFO - [engine.py:186] -    - 🚫 观望 600089 (特变电工): 未满足缩量回踩或放量突破
2026-03-10 10:52:32,886 - INFO - [engine.py:186] -    - 🚫 观望 300308 (中际旭创): 未形成多头排列
2026-03-10 10:52:32,886 - INFO - [engine.py:186] -    - 🚫 观望 000547 (航天发展): 未形成多头排列
2026-03-10 10:52:32,886 - INFO - [engine.py:186] -    - 🚫 观望 601179 (中国西电): 乖离率偏高 (1.19)
2026-03-10 10:52:32,887 - INFO - [engine.py:186] -    - 🚫 观望 000988 (华工科技): 乖离率偏高 (1.21)
2026-03-10 10:52:32,887 - INFO - [engine.py:186] -    - 🚫 观望 300394 (天孚通信): 未满足缩量回踩或放量突破
2026-03-10 10:52:32,887 - INFO - [engine.py:186] -    - 🚫 观望 300502 (新易盛): 未形成多头排列
2026-03-10 10:52:32,887 - INFO - [engine.py:186] -    - 🚫 观望 600759 (洲际油气): 乖离率偏高 (1.07)
2026-03-10 10:52:32,889 - INFO - [engine.py:186] -    - 🚫 观望 300274 (阳光电源): 未形成多头排列
2026-03-10 15:05:54,454 - WARNING - [config.py:28] - 未找到调参日志，将使用备用默认参数！
2026-03-10 15:05:54,503 - INFO - [cloudakpd.py:36] - ============================================================
2026-03-10 15:05:54,503 - INFO - [cloudakpd.py:37] - 📊 [DataCenter] 数据内核启动审计...
2026-03-10 15:05:54,503 - INFO - [cloudakpd.py:38] -    ▫️ 存储模式 : ☁️  云端 (PostgreSQL)
2026-03-10 15:05:54,504 - INFO - [cloudakpd.py:39] -    ▫️ 连接节点 : ep-noisy-dust-a1zv7w56-pooler.ap-southeast-1.aws.neon.tech/neondb
2026-03-10 15:05:58,600 - INFO - [cloudakpd.py:85] - 📂 字段审计完成，当前支持: is_closed, updated_at, high, amount, trade_date, low, latest_price, volume, open, turnover_rate, name, symbol
2026-03-10 15:05:58,600 - INFO - [cloudakpd.py:42] - ============================================================
2026-03-10 15:06:00,111 - INFO - [cloudakpd.py:204] - ---------------------------------------------
2026-03-10 15:06:00,112 - INFO - [cloudakpd.py:205] - 🔍 [审计] 读取成功: 2026-03-10
2026-03-10 15:06:00,112 - INFO - [cloudakpd.py:206] -    ▫️ 标的总数 : 5488 条
2026-03-10 15:06:00,112 - INFO - [cloudakpd.py:207] -    ▫️ 资金状态 : 盘中实时
2026-03-10 15:06:00,114 - INFO - [cloudakpd.py:208] -    ▫️ 存入时间 : 2026-03-10 10:59:17.536202
2026-03-10 15:06:00,122 - INFO - [cloudakpd.py:210] - 
symbol name  open  latest_price  high   low    volume     amount trade_date
920000 安徽凤凰 17.82         18.00 18.04 17.74  228823.0  4101240.0 2026-03-10
920001 纬达光电 19.45         19.75 20.38 19.20 4320332.0 85259551.0 2026-03-10
920002 万达轴承 91.00         95.60 95.99 90.56  701431.0 65177005.0 2026-03-10
2026-03-10 15:06:00,123 - INFO - [cloudakpd.py:211] - ---------------------------------------------
2026-03-10 15:06:00,124 - INFO - [universe.py:40] - ✅ [UniverseManager] 云端全量快照加载成功，当前监控 5488 只标的。
2026-03-10 15:06:00,125 - INFO - [engine.py:24] - ================================================================================
2026-03-10 15:06:00,126 - INFO - [engine.py:25] -  🚀 启动量化交易实盘中心 (2026-03-10 15:06)
2026-03-10 15:06:00,127 - INFO - [engine.py:26] -    - 📒 人工比对账本 : D:\git\LongTrading\data\live_broker_account.json
2026-03-10 15:06:00,127 - INFO - [engine.py:27] -    - 💸 审计交易流水 : D:\git\LongTrading\data\live_trade_ledger.csv
2026-03-10 15:06:00,128 - INFO - [engine.py:28] - ================================================================================
2026-03-10 15:06:00,137 - INFO - [engine.py:36] - 📡 正在全盘扫描历史数据与近期快照，构建动态监控池...
2026-03-10 15:06:00,138 - INFO - [universe.py:82] - 📊 正在通过云端 SQL 审计近 20 个交易日的热点标的...
2026-03-10 15:06:00,521 - INFO - [universe.py:129] - ✅ [UniverseManager] 动态股票池已对齐云端，当前池规模: 20
2026-03-10 15:06:00,522 - INFO - [engine.py:38] - 🏦 会计部接管完毕: 可用现金 【1,000.00 元】，真实持仓 【9 只】，雷达标的 【20 只】。
2026-03-10 15:06:00,522 - INFO - [engine.py:39] - 🎯 监控池构建完毕: 汇聚近 20 日霸榜标的，实盘监控总数: 【20 只】。
2026-03-10 15:06:00,527 - INFO - [engine.py:67] - --------------------------------------------------------------------------------
2026-03-10 15:06:00,528 - INFO - [engine.py:68] - 【盘前资产风控评估 (Pre-Trade NAV Dashboard)】
2026-03-10 15:06:00,528 - INFO - [engine.py:69] -    - 可用现金 (Available Cash) : 1,000.00
2026-03-10 15:06:00,528 - INFO - [engine.py:70] -    - 持仓成本 (Total Cost)     : 30,885.56
2026-03-10 15:06:00,529 - INFO - [engine.py:71] -    - 持仓市值 (Market Value)   : 29,261.38
2026-03-10 15:06:00,529 - INFO - [engine.py:72] -    - 净 资 产 (Total Equity)   : 30,261.38
2026-03-10 15:06:00,529 - INFO - [engine.py:73] -    - 账面浮盈 (Floating PnL)   : -1,624.18 (-5.26%)
2026-03-10 15:06:00,529 - INFO - [engine.py:74] - --------------------------------------------------------------------------------
2026-03-10 15:06:01,685 - DEBUG - [akshare_pd.py:78] - 👉 数据列名检查: ['date', 'open', 'high', 'low', 'close', 'volume', 'amount', 'outstanding_share', 'turnover']
2026-03-10 15:06:01,688 - INFO - [engine.py:99] - ⚡ [002131 利欧股份] 盘中数据注入成功！(跳动现价: 8.55)
2026-03-10 15:06:01,690 - DEBUG - [engine.py:104] - 
📊 [002131 利欧股份] 最新 3 行切片检查:
            open  high   low  close       volume        amount  turnover                 updated_at
date                                                                                               
2026-03-06  8.48  8.75  8.40   8.67  525540341.0  4.533554e+09  0.089840 2026-03-10 15:06:01.685966
2026-03-09  8.50  8.68  8.27   8.61  537371492.0  4.539095e+09  0.091863 2026-03-10 15:06:01.685966
2026-03-10  8.70  8.86  8.50   8.55  325173682.0           NaN  0.000000                        NaT

2026-03-10 15:06:02,824 - DEBUG - [akshare_pd.py:78] - 👉 数据列名检查: ['date', 'open', 'high', 'low', 'close', 'volume', 'amount', 'outstanding_share', 'turnover']
2026-03-10 15:06:02,827 - INFO - [engine.py:99] - ⚡ [600410 华胜天成] 盘中数据注入成功！(跳动现价: 30.78)
2026-03-10 15:06:02,828 - DEBUG - [engine.py:104] - 
📊 [600410 华胜天成] 最新 3 行切片检查:
             open   high    low  close       volume        amount  turnover                 updated_at
date                                                                                                  
2026-03-06  28.30  30.05  27.31  29.73  333600749.0  9.496524e+09  0.304243 2026-03-10 15:06:02.825410
2026-03-09  28.50  32.60  27.85  30.51  387235359.0  1.152136e+10  0.353158 2026-03-10 15:06:02.825410
2026-03-10  30.51  31.52  29.68  30.78  180007713.0           NaN  0.000000                        NaT

2026-03-10 15:06:04,264 - DEBUG - [akshare_pd.py:78] - 👉 数据列名检查: ['date', 'open', 'high', 'low', 'close', 'volume', 'amount', 'outstanding_share', 'turnover']
2026-03-10 15:06:04,268 - INFO - [engine.py:99] - ⚡ [600111 北方稀土] 盘中数据注入成功！(跳动现价: 54.12)
2026-03-10 15:06:04,270 - DEBUG - [engine.py:104] - 
📊 [600111 北方稀土] 最新 3 行切片检查:
            open   high    low  close       volume        amount  turnover                 updated_at
date                                                                                                 
2026-03-06  54.6  55.58  53.80  54.30   89120597.0  4.852758e+09  0.024653 2026-03-10 15:06:04.264908
2026-03-09  53.1  54.32  51.67  53.88  102485185.0  5.439987e+09  0.028349 2026-03-10 15:06:04.264908
2026-03-10  54.5  55.13  53.80  54.12   50003969.0           NaN  0.000000                        NaT

2026-03-10 15:06:05,231 - DEBUG - [akshare_pd.py:78] - 👉 数据列名检查: ['date', 'open', 'high', 'low', 'close', 'volume', 'amount', 'outstanding_share', 'turnover']
2026-03-10 15:06:05,234 - INFO - [engine.py:99] - ⚡ [600938 中国海油] 盘中数据注入成功！(跳动现价: 40.41)
2026-03-10 15:06:05,236 - DEBUG - [engine.py:104] - 
📊 [600938 中国海油] 最新 3 行切片检查:
             open   high    low  close       volume        amount  turnover                 updated_at
date                                                                                                  
2026-03-06  40.67  42.38  39.66  40.49  122718533.0  4.978030e+09  0.041043 2026-03-10 15:06:05.232078
2026-03-09  44.54  44.54  43.00  43.36  213415357.0  9.411870e+09  0.071376 2026-03-10 15:06:05.232078
2026-03-10  39.03  40.59  39.03  40.41  105103274.0           NaN  0.000000                        NaT

2026-03-10 15:06:06,184 - DEBUG - [akshare_pd.py:78] - 👉 数据列名检查: ['date', 'open', 'high', 'low', 'close', 'volume', 'amount', 'outstanding_share', 'turnover']
2026-03-10 15:06:06,188 - INFO - [engine.py:99] - ⚡ [601899 紫金矿业] 盘中数据注入成功！(跳动现价: 37.02)
2026-03-10 15:06:06,190 - DEBUG - [engine.py:104] - 
📊 [601899 紫金矿业] 最新 3 行切片检查:
             open   high    low  close       volume        amount  turnover                 updated_at
date                                                                                                  
2026-03-06  37.01  37.48  36.24  37.10  253947012.0  9.355468e+09  0.012327 2026-03-10 15:06:06.185227
2026-03-09  35.93  36.67  34.86  36.40  390629022.0  1.390525e+10  0.018962 2026-03-10 15:06:06.185227
2026-03-10  36.98  37.54  36.80  37.02  125199490.0           NaN  0.000000                        NaT

2026-03-10 15:06:07,124 - DEBUG - [akshare_pd.py:78] - 👉 数据列名检查: ['date', 'open', 'high', 'low', 'close', 'volume', 'amount', 'outstanding_share', 'turnover']
2026-03-10 15:06:07,127 - INFO - [engine.py:99] - ⚡ [002490 山东墨龙] 盘中数据注入成功！(跳动现价: 11.92)
2026-03-10 15:06:07,129 - DEBUG - [engine.py:104] - 
📊 [002490 山东墨龙] 最新 3 行切片检查:
             open   high    low  close       volume        amount  turnover                 updated_at
date                                                                                                  
2026-03-06  12.81  13.65  12.45  13.20  207642733.0  2.726712e+09  0.383301 2026-03-10 15:06:07.125308
2026-03-09  14.52  14.52  13.13  13.24  196160005.0  2.720520e+09  0.362105 2026-03-10 15:06:07.125308
2026-03-10  11.92  11.92  11.92  11.92   10084400.0           NaN  0.000000                        NaT

2026-03-10 15:06:08,252 - DEBUG - [akshare_pd.py:78] - 👉 数据列名检查: ['date', 'open', 'high', 'low', 'close', 'volume', 'amount', 'outstanding_share', 'turnover']
2026-03-10 15:06:08,256 - INFO - [engine.py:99] - ⚡ [600522 中天科技] 盘中数据注入成功！(跳动现价: 28.54)
2026-03-10 15:06:08,258 - DEBUG - [engine.py:104] - 
📊 [600522 中天科技] 最新 3 行切片检查:
             open   high    low  close       volume        amount  turnover                 updated_at
date                                                                                                  
2026-03-06  28.45  28.88  27.22  27.38  163425189.0  4.508742e+09  0.047884 2026-03-10 15:06:08.252814
2026-03-09  26.37  27.31  25.38  27.20  155402012.0  4.065327e+09  0.045533 2026-03-10 15:06:08.252814
2026-03-10  27.55  28.98  27.41  28.54   98672904.0           NaN  0.000000                        NaT

2026-03-10 15:06:09,423 - DEBUG - [akshare_pd.py:78] - 👉 数据列名检查: ['date', 'open', 'high', 'low', 'close', 'volume', 'amount', 'outstanding_share', 'turnover']
2026-03-10 15:06:09,428 - INFO - [engine.py:99] - ⚡ [601939 建设银行] 盘中数据注入成功！(跳动现价: 8.99)
2026-03-10 15:06:09,430 - DEBUG - [engine.py:104] - 
📊 [601939 建设银行] 最新 3 行切片检查:
            open  high   low  close       volume        amount  turnover                 updated_at
date                                                                                               
2026-03-06  8.94  9.02  8.93   8.97   84773065.0  7.604956e+08  0.008836 2026-03-10 15:06:09.425062
2026-03-09  8.96  9.14  8.93   9.06  152815331.0  1.381533e+09  0.015929 2026-03-10 15:06:09.425062
2026-03-10  9.01  9.04  8.93   8.99   41340647.0           NaN  0.000000                        NaT

2026-03-10 15:06:10,510 - DEBUG - [akshare_pd.py:78] - 👉 数据列名检查: ['date', 'open', 'high', 'low', 'close', 'volume', 'amount', 'outstanding_share', 'turnover']
2026-03-10 15:06:10,514 - INFO - [engine.py:99] - ⚡ [300528 幸福蓝海] 盘中数据注入成功！(跳动现价: 17.27)
2026-03-10 15:06:10,515 - DEBUG - [engine.py:104] - 
📊 [300528 幸福蓝海] 最新 3 行切片检查:
             open   high    low  close      volume       amount  turnover                 updated_at
date                                                                                                
2026-03-06  17.20  17.39  17.11  17.33   9233432.0  159767213.0  0.024781 2026-03-10 15:06:10.511687
2026-03-09  17.02  17.30  16.68  17.28  12306835.0  208566151.0  0.033029 2026-03-10 15:06:10.511687
2026-03-10  17.40  17.56  17.24  17.27   5966700.0          NaN  0.000000                        NaT

2026-03-10 15:06:11,589 - DEBUG - [akshare_pd.py:78] - 👉 数据列名检查: ['date', 'open', 'high', 'low', 'close', 'volume', 'amount', 'outstanding_share', 'turnover']
2026-03-10 15:06:11,592 - INFO - [engine.py:99] - ⚡ [600089 特变电工] 盘中数据注入成功！(跳动现价: 32.2)
2026-03-10 15:06:11,594 - DEBUG - [engine.py:104] - 
📊 [600089 特变电工] 最新 3 行切片检查:
             open   high    low  close       volume        amount  turnover                 updated_at
date                                                                                                  
2026-03-06  32.40  33.26  32.18  32.23  417543833.0  1.361711e+10  0.082636 2026-03-10 15:06:11.590057
2026-03-09  31.81  33.15  31.80  32.76  421073209.0  1.372328e+10  0.083335 2026-03-10 15:06:11.590057
2026-03-10  32.69  32.74  31.65  32.20  191434606.0           NaN  0.000000                        NaT

2026-03-10 15:06:12,574 - DEBUG - [akshare_pd.py:78] - 👉 数据列名检查: ['date', 'open', 'high', 'low', 'close', 'volume', 'amount', 'outstanding_share', 'turnover']
2026-03-10 15:06:12,576 - INFO - [engine.py:99] - ⚡ [300308 中际旭创] 盘中数据注入成功！(跳动现价: 540.58)
2026-03-10 15:06:12,578 - DEBUG - [engine.py:104] - 
📊 [300308 中际旭创] 最新 3 行切片检查:
             open    high     low   close      volume        amount  turnover                 updated_at
date                                                                                                    
2026-03-06  553.0  559.98  537.06  545.48  21966767.0  1.202819e+10  0.019870 2026-03-10 15:06:12.574848
2026-03-09  520.1  528.30  506.00  525.99  31474315.0  1.623065e+10  0.028471 2026-03-10 15:06:12.574848
2026-03-10  540.0  547.70  530.02  540.58  16824642.0           NaN  0.000000                        NaT

2026-03-10 15:06:13,500 - DEBUG - [akshare_pd.py:78] - 👉 数据列名检查: ['date', 'open', 'high', 'low', 'close', 'volume', 'amount', 'outstanding_share', 'turnover']
2026-03-10 15:06:13,503 - INFO - [engine.py:99] - ⚡ [300750 宁德时代] 盘中数据注入成功！(跳动现价: 378.05)
2026-03-10 15:06:13,505 - DEBUG - [engine.py:104] - 
📊 [300750 宁德时代] 最新 3 行切片检查:
              open    high     low   close      volume        amount  turnover                 updated_at
date                                                                                                     
2026-03-06  349.00  357.02  344.66  354.77  20963113.0  7.388869e+09  0.004925 2026-03-10 15:06:13.500999
2026-03-09  348.84  359.85  345.06  357.50  31797613.0  1.121800e+10  0.007470 2026-03-10 15:06:13.500999
2026-03-10  375.00  379.77  366.50  378.05  34141300.0           NaN  0.000000                        NaT

2026-03-10 15:06:14,607 - DEBUG - [akshare_pd.py:78] - 👉 数据列名检查: ['date', 'open', 'high', 'low', 'close', 'volume', 'amount', 'outstanding_share', 'turnover']
2026-03-10 15:06:14,611 - INFO - [engine.py:99] - ⚡ [000547 航天发展] 盘中数据注入成功！(跳动现价: 33.02)
2026-03-10 15:06:14,614 - DEBUG - [engine.py:104] - 
📊 [000547 航天发展] 最新 3 行切片检查:
             open   high    low  close       volume        amount  turnover                 updated_at
date                                                                                                  
2026-03-06  31.20  33.99  31.20  32.66  413923343.0  1.358453e+10  0.260473 2026-03-10 15:06:14.608635
2026-03-09  31.30  33.32  31.30  32.10  311748689.0  1.016066e+10  0.196177 2026-03-10 15:06:14.608635
2026-03-10  32.51  33.79  32.12  33.02  178678471.0           NaN  0.000000                        NaT

2026-03-10 15:06:15,840 - DEBUG - [akshare_pd.py:78] - 👉 数据列名检查: ['date', 'open', 'high', 'low', 'close', 'volume', 'amount', 'outstanding_share', 'turnover']
2026-03-10 15:06:15,844 - INFO - [engine.py:99] - ⚡ [300394 天孚通信] 盘中数据注入成功！(跳动现价: 335.13)
2026-03-10 15:06:15,846 - DEBUG - [engine.py:104] - 
📊 [300394 天孚通信] 最新 3 行切片检查:
              open    high     low   close      volume        amount  turnover                 updated_at
date                                                                                                     
2026-03-06  334.57  336.30  318.00  322.88  33215376.0  1.074690e+10  0.042811 2026-03-10 15:06:15.840745
2026-03-09  306.75  310.48  292.00  306.96  37896546.0  1.136586e+10  0.048845 2026-03-10 15:06:15.840745
2026-03-10  329.00  338.00  325.01  335.13  24166581.0           NaN  0.000000                        NaT

2026-03-10 15:06:16,936 - DEBUG - [akshare_pd.py:78] - 👉 数据列名检查: ['date', 'open', 'high', 'low', 'close', 'volume', 'amount', 'outstanding_share', 'turnover']
2026-03-10 15:06:16,940 - INFO - [engine.py:99] - ⚡ [000988 华工科技] 盘中数据注入成功！(跳动现价: 118.77)
2026-03-10 15:06:16,942 - DEBUG - [engine.py:104] - 
📊 [000988 华工科技] 最新 3 行切片检查:
              open    high     low   close       volume        amount  turnover                 updated_at
date                                                                                                      
2026-03-06  106.75  116.09  106.00  114.78  129693070.0  1.435247e+10  0.129050 2026-03-10 15:06:16.937700
2026-03-09  112.00  119.78  108.50  118.60  135658907.0  1.541769e+10  0.134986 2026-03-10 15:06:16.937700
2026-03-10  119.49  122.63  116.55  118.77   61607789.0           NaN  0.000000                        NaT

2026-03-10 15:06:17,911 - DEBUG - [akshare_pd.py:78] - 👉 数据列名检查: ['date', 'open', 'high', 'low', 'close', 'volume', 'amount', 'outstanding_share', 'turnover']
2026-03-10 15:06:17,915 - INFO - [engine.py:99] - ⚡ [002261 拓维信息] 盘中数据注入成功！(跳动现价: 41.52)
2026-03-10 15:06:17,917 - DEBUG - [engine.py:104] - 
📊 [002261 拓维信息] 最新 3 行切片检查:
             open   high    low  close       volume        amount  turnover                 updated_at
date                                                                                                  
2026-03-06  34.88  39.05  34.59  39.05  204167442.0  7.488579e+09  0.178211 2026-03-10 15:06:17.912263
2026-03-09  39.49  42.96  37.91  42.96  340835678.0  1.379804e+10  0.297504 2026-03-10 15:06:17.912263
2026-03-10  42.15  42.88  40.72  41.52  167661299.0           NaN  0.000000                        NaT

2026-03-10 15:06:18,881 - DEBUG - [akshare_pd.py:78] - 👉 数据列名检查: ['date', 'open', 'high', 'low', 'close', 'volume', 'amount', 'outstanding_share', 'turnover']
2026-03-10 15:06:18,884 - INFO - [engine.py:99] - ⚡ [601179 中国西电] 盘中数据注入成功！(跳动现价: 20.23)
2026-03-10 15:06:18,885 - DEBUG - [engine.py:104] - 
📊 [601179 中国西电] 最新 3 行切片检查:
            open   high    low  close       volume        amount  turnover                 updated_at
date                                                                                                 
2026-03-06  18.6  19.58  18.32  19.30  551658894.0  1.047151e+10  0.107622 2026-03-10 15:06:18.882396
2026-03-09  18.9  20.61  18.89  20.17  534452198.0  1.061643e+10  0.104265 2026-03-10 15:06:18.882396
2026-03-10  20.0  20.65  19.58  20.23  266603594.0           NaN  0.000000                        NaT

2026-03-10 15:06:20,345 - DEBUG - [akshare_pd.py:78] - 👉 数据列名检查: ['date', 'open', 'high', 'low', 'close', 'volume', 'amount', 'outstanding_share', 'turnover']
2026-03-10 15:06:20,348 - INFO - [engine.py:99] - ⚡ [300502 新易盛] 盘中数据注入成功！(跳动现价: 386.83)
2026-03-10 15:06:20,349 - DEBUG - [engine.py:104] - 
📊 [300502 新易盛] 最新 3 行切片检查:
              open    high     low   close      volume        amount  turnover                 updated_at
date                                                                                                     
2026-03-06  393.22  412.00  387.09  402.00  40431543.0  1.616447e+10  0.045664 2026-03-10 15:06:20.345677
2026-03-09  380.00  387.32  369.32  384.00  44166394.0  1.662925e+10  0.049882 2026-03-10 15:06:20.345677
2026-03-10  394.75  401.00  382.59  386.83  25512732.0           NaN  0.000000                        NaT

2026-03-10 15:06:21,337 - DEBUG - [akshare_pd.py:78] - 👉 数据列名检查: ['date', 'open', 'high', 'low', 'close', 'volume', 'amount', 'outstanding_share', 'turnover']
2026-03-10 15:06:21,340 - INFO - [engine.py:99] - ⚡ [601868 中国能建] 盘中数据注入成功！(跳动现价: 3.16)
2026-03-10 15:06:21,341 - DEBUG - [engine.py:104] - 
📊 [601868 中国能建] 最新 3 行切片检查:
            open  high   low  close        volume        amount  turnover                 updated_at
date                                                                                                
2026-03-06  2.66  2.89  2.65   2.89  2.027315e+09  5.729469e+09  0.062516 2026-03-10 15:06:21.337478
2026-03-09  2.95  3.05  2.90   2.94  3.310056e+09  9.812071e+09  0.102072 2026-03-10 15:06:21.337478
2026-03-10  2.98  3.23  2.87   3.16  2.476169e+09           NaN  0.000000                        NaT

2026-03-10 15:06:22,541 - DEBUG - [akshare_pd.py:78] - 👉 数据列名检查: ['date', 'open', 'high', 'low', 'close', 'volume', 'amount', 'outstanding_share', 'turnover']
2026-03-10 15:06:22,544 - INFO - [engine.py:99] - ⚡ [002384 东山精密] 盘中数据注入成功！(跳动现价: 106.38)
2026-03-10 15:06:22,546 - DEBUG - [engine.py:104] - 
📊 [002384 东山精密] 最新 3 行切片检查:
              open   high     low   close      volume        amount  turnover                 updated_at
date                                                                                                    
2026-03-06   90.06   98.5   87.97   95.45  90112547.0  8.325184e+09  0.065001 2026-03-10 15:06:22.542497
2026-03-09   90.30   98.5   87.19   98.24  90442577.0  8.286012e+09  0.065239 2026-03-10 15:06:22.542497
2026-03-10  102.00  107.6  101.20  106.38  67229759.0           NaN  0.000000                        NaT

2026-03-10 15:06:22,652 - INFO - [cloudakpd.py:36] - ============================================================
2026-03-10 15:06:22,652 - INFO - [cloudakpd.py:37] - 📊 [DataCenter] 数据内核启动审计...
2026-03-10 15:06:22,653 - INFO - [cloudakpd.py:38] -    ▫️ 存储模式 : ☁️  云端 (PostgreSQL)
2026-03-10 15:06:22,653 - INFO - [cloudakpd.py:39] -    ▫️ 连接节点 : ep-noisy-dust-a1zv7w56-pooler.ap-southeast-1.aws.neon.tech/neondb
2026-03-10 15:06:26,177 - INFO - [cloudakpd.py:85] - 📂 字段审计完成，当前支持: is_closed, updated_at, high, amount, trade_date, low, latest_price, volume, open, turnover_rate, name, symbol
2026-03-10 15:06:26,178 - INFO - [cloudakpd.py:42] - ============================================================
2026-03-10 15:06:45,201 - INFO - [cloudakpd.py:204] - ---------------------------------------------
2026-03-10 15:06:45,202 - INFO - [cloudakpd.py:205] - 🔍 [审计] 同步完成: 2026-03-10
2026-03-10 15:06:45,202 - INFO - [cloudakpd.py:206] -    ▫️ 标的总数 : 5488 条
2026-03-10 15:06:45,202 - INFO - [cloudakpd.py:207] -    ▫️ 资金状态 : 盘中实时
2026-03-10 15:06:45,203 - INFO - [cloudakpd.py:208] -    ▫️ 存入时间 : 2026-03-10 15:06:43.259890
2026-03-10 15:06:45,205 - INFO - [cloudakpd.py:210] - 
symbol name  open  latest_price  high   low    volume      amount trade_date
920000 安徽凤凰 17.82         17.90 18.04 17.74  443054.0   7937533.0 2026-03-10
920001 纬达光电 19.45         19.79 20.38 19.20 7045916.0 138541218.0 2026-03-10
920002 万达轴承 91.00         94.18 96.50 90.56 1317879.0 123796912.0 2026-03-10
2026-03-10 15:06:45,206 - INFO - [cloudakpd.py:211] - ---------------------------------------------
2026-03-10 15:06:47,549 - INFO - [cloudakpd.py:204] - ---------------------------------------------
2026-03-10 15:06:47,549 - INFO - [cloudakpd.py:205] - 🔍 [审计] 读取成功: 2026-03-10
2026-03-10 15:06:47,550 - INFO - [cloudakpd.py:206] -    ▫️ 标的总数 : 5488 条
2026-03-10 15:06:47,550 - INFO - [cloudakpd.py:207] -    ▫️ 资金状态 : 盘中实时
2026-03-10 15:06:47,550 - INFO - [cloudakpd.py:208] -    ▫️ 存入时间 : 2026-03-10 15:06:43.259890
2026-03-10 15:06:47,552 - INFO - [cloudakpd.py:210] - 
symbol name  open  latest_price  high   low    volume      amount trade_date
920000 安徽凤凰 17.82         17.90 18.04 17.74  443054.0   7937533.0 2026-03-10
920001 纬达光电 19.45         19.79 20.38 19.20 7045916.0 138541218.0 2026-03-10
920002 万达轴承 91.00         94.18 96.50 90.56 1317879.0 123796912.0 2026-03-10
2026-03-10 15:06:47,553 - INFO - [cloudakpd.py:211] - ---------------------------------------------
2026-03-10 15:06:47,555 - INFO - [ledger.py:266] - ✅ 资产审计完成。当前净资产: 30376.99, 云端对齐已完成。
2026-03-10 15:06:47,556 - INFO - [engine.py:161] - ================================================================================
2026-03-10 15:06:47,556 - INFO - [engine.py:162] - 【操作审批纪要 (Execution Summary)】
2026-03-10 15:06:47,557 - INFO - [engine.py:163] - 🔴 300528 (幸福蓝海) 建议卖出 1 股 | 预估价: 17.27 | 状态: 待老板确认 | 逻辑: 触发最终移动止盈，全仓撤退
2026-03-10 15:06:47,557 - INFO - [engine.py:168] - 
【持仓状态确认 (Positions Audit)】
2026-03-10 15:06:47,557 - INFO - [engine.py:170] - 🛡️ 002131 (利欧股份) | 持仓 700 股 | 现价: 8.55 | 浮盈: -6.04%
   └─ 买入日期: 历史遗留 | 开仓逻辑: 未知建仓逻辑
2026-03-10 15:06:47,557 - INFO - [engine.py:170] - 🛡️ 600410 (华胜天成) | 持仓 1 股 | 现价: 30.78 | 浮盈: 9.43%
   └─ 买入日期: 历史遗留 | 开仓逻辑: 未知建仓逻辑
2026-03-10 15:06:47,557 - INFO - [engine.py:170] - 🛡️ 600111 (北方稀土) | 持仓 100 股 | 现价: 54.12 | 浮盈: -9.80%
   └─ 买入日期: 历史遗留 | 开仓逻辑: 未知建仓逻辑
2026-03-10 15:06:47,557 - INFO - [engine.py:170] - 🛡️ 600938 (中国海油) | 持仓 1 股 | 现价: 40.41 | 浮盈: 10.71%
   └─ 买入日期: 历史遗留 | 开仓逻辑: 未知建仓逻辑
2026-03-10 15:06:47,558 - INFO - [engine.py:170] - 🛡️ 601899 (紫金矿业) | 持仓 200 股 | 现价: 37.02 | 浮盈: -5.92%
   └─ 买入日期: 历史遗留 | 开仓逻辑: 未知建仓逻辑
2026-03-10 15:06:47,558 - INFO - [engine.py:170] - 🛡️ 002490 (山东墨龙) | 持仓 1 股 | 现价: 11.92 | 浮盈: 26.81%
   └─ 买入日期: 历史遗留 | 开仓逻辑: 未知建仓逻辑
2026-03-10 15:06:47,558 - INFO - [engine.py:170] - 🛡️ 600522 (中天科技) | 持仓 300 股 | 现价: 28.54 | 浮盈: -3.04%
   └─ 买入日期: 历史遗留 | 开仓逻辑: 未知建仓逻辑
2026-03-10 15:06:47,558 - INFO - [engine.py:170] - 🛡️ 601939 (建设银行) | 持仓 200 股 | 现价: 8.99 | 浮盈: 4.29%
   └─ 买入日期: 历史遗留 | 开仓逻辑: 未知建仓逻辑
2026-03-10 15:06:47,558 - INFO - [engine.py:174] - ================================================================================
2026-03-10 15:06:47,558 - INFO - [engine.py:175] - 👀 【交易额最大动态监控池 (优胜劣汰拒绝名单)】
2026-03-10 15:06:47,559 - INFO - [engine.py:186] -    - 🚫 观望 600089 (特变电工): 未满足缩量回踩或放量突破
2026-03-10 15:06:47,559 - INFO - [engine.py:186] -    - 🚫 观望 300308 (中际旭创): 未形成多头排列
2026-03-10 15:06:47,560 - INFO - [engine.py:186] -    - 🚫 观望 300750 (宁德时代): 未形成多头排列
2026-03-10 15:06:47,560 - INFO - [engine.py:186] -    - 🚫 观望 000547 (航天发展): 未形成多头排列
2026-03-10 15:06:47,561 - INFO - [engine.py:186] -    - 🚫 观望 300394 (天孚通信): 未满足缩量回踩或放量突破
2026-03-10 15:06:47,561 - INFO - [engine.py:186] -    - 🚫 观望 000988 (华工科技): 乖离率偏高 (1.22)
2026-03-10 15:06:47,561 - INFO - [engine.py:186] -    - 🚫 观望 002261 (拓维信息): 乖离率偏高 (1.14)
2026-03-10 15:06:47,562 - INFO - [engine.py:186] -    - 🚫 观望 601179 (中国西电): 乖离率偏高 (1.19)
2026-03-10 15:06:47,562 - INFO - [engine.py:186] -    - 🚫 观望 300502 (新易盛): 未形成多头排列
2026-03-10 15:06:47,562 - INFO - [engine.py:186] -    - 🚫 观望 601868 (中国能建): 乖离率偏高 (1.20)
2026-03-10 15:06:47,563 - INFO - [engine.py:186] -    - 🚫 观望 002384 (东山精密): 乖离率偏高 (1.18)
2026-03-10 17:35:32,121 - WARNING - [config.py:28] - 未找到调参日志，将使用备用默认参数！
2026-03-10 17:35:32,153 - INFO - [cloudakpd.py:36] - ============================================================
2026-03-10 17:35:32,153 - INFO - [cloudakpd.py:37] - 📊 [DataCenter] 数据内核启动审计...
2026-03-10 17:35:32,154 - INFO - [cloudakpd.py:38] -    ▫️ 存储模式 : ☁️  云端 (PostgreSQL)
2026-03-10 17:35:32,154 - INFO - [cloudakpd.py:39] -    ▫️ 连接节点 : ep-noisy-dust-a1zv7w56-pooler.ap-southeast-1.aws.neon.tech/neondb
2026-03-10 17:35:35,035 - INFO - [cloudakpd.py:85] - 📂 字段审计完成，当前支持: high, latest_price, symbol, volume, is_closed, trade_date, low, open, updated_at, name, amount, turnover_rate
2026-03-10 17:35:35,036 - INFO - [cloudakpd.py:42] - ============================================================
2026-03-10 17:35:36,364 - INFO - [cloudakpd.py:204] - ---------------------------------------------
2026-03-10 17:35:36,365 - INFO - [cloudakpd.py:205] - 🔍 [审计] 读取成功: 2026-03-10
2026-03-10 17:35:36,365 - INFO - [cloudakpd.py:206] -    ▫️ 标的总数 : 5488 条
2026-03-10 17:35:36,365 - INFO - [cloudakpd.py:207] -    ▫️ 资金状态 : 盘中实时
2026-03-10 17:35:36,365 - INFO - [cloudakpd.py:208] -    ▫️ 存入时间 : 2026-03-10 15:06:43.259890
2026-03-10 17:35:36,369 - INFO - [cloudakpd.py:210] - 
symbol name  open  latest_price  high   low    volume      amount trade_date
920000 安徽凤凰 17.82         17.90 18.04 17.74  443054.0   7937533.0 2026-03-10
920001 纬达光电 19.45         19.79 20.38 19.20 7045916.0 138541218.0 2026-03-10
920002 万达轴承 91.00         94.18 96.50 90.56 1317879.0 123796912.0 2026-03-10
2026-03-10 17:35:36,369 - INFO - [cloudakpd.py:211] - ---------------------------------------------
2026-03-10 17:35:36,370 - INFO - [universe.py:40] - ✅ [UniverseManager] 云端全量快照加载成功，当前监控 5488 只标的。
2026-03-10 17:35:36,370 - INFO - [engine.py:24] - ================================================================================
2026-03-10 17:35:36,370 - INFO - [engine.py:25] -  🚀 启动量化交易实盘中心 (2026-03-10 17:35)
2026-03-10 17:35:36,370 - INFO - [engine.py:26] -    - 📒 人工比对账本 : D:\git\LongTrading\data\live_broker_account.json
2026-03-10 17:35:36,370 - INFO - [engine.py:27] -    - 💸 审计交易流水 : D:\git\LongTrading\data\live_trade_ledger.csv
2026-03-10 17:35:36,370 - INFO - [engine.py:28] - ================================================================================
2026-03-10 17:35:36,375 - INFO - [engine.py:36] - 📡 正在全盘扫描历史数据与近期快照，构建动态监控池...
2026-03-10 17:35:36,375 - INFO - [universe.py:82] - 📊 正在通过云端 SQL 审计近 20 个交易日的热点标的...
2026-03-10 17:35:36,723 - INFO - [universe.py:129] - ✅ [UniverseManager] 动态股票池已对齐云端，当前池规模: 20
2026-03-10 17:35:36,723 - INFO - [engine.py:38] - 🏦 会计部接管完毕: 可用现金 【1,000.00 元】，真实持仓 【9 只】，雷达标的 【20 只】。
2026-03-10 17:35:36,724 - INFO - [engine.py:39] - 🎯 监控池构建完毕: 汇聚近 20 日霸榜标的，实盘监控总数: 【20 只】。
2026-03-10 17:35:36,725 - INFO - [engine.py:67] - --------------------------------------------------------------------------------
2026-03-10 17:35:36,725 - INFO - [engine.py:68] - 【盘前资产风控评估 (Pre-Trade NAV Dashboard)】
2026-03-10 17:35:36,725 - INFO - [engine.py:69] -    - 可用现金 (Available Cash) : 1,000.00
2026-03-10 17:35:36,725 - INFO - [engine.py:70] -    - 持仓成本 (Total Cost)     : 30,885.56
2026-03-10 17:35:36,726 - INFO - [engine.py:71] -    - 持仓市值 (Market Value)   : 29,382.04
2026-03-10 17:35:36,726 - INFO - [engine.py:72] -    - 净 资 产 (Total Equity)   : 30,382.04
2026-03-10 17:35:36,726 - INFO - [engine.py:73] -    - 账面浮盈 (Floating PnL)   : -1,503.52 (-4.87%)
2026-03-10 17:35:36,726 - INFO - [engine.py:74] - --------------------------------------------------------------------------------
2026-03-10 17:35:37,685 - DEBUG - [akshare_pd.py:78] - 👉 数据列名检查: ['date', 'open', 'high', 'low', 'close', 'volume', 'amount', 'outstanding_share', 'turnover']
2026-03-10 17:35:37,688 - DEBUG - [engine.py:104] - 
📊 [002131 利欧股份] 最新 3 行切片检查:
            open  high   low  close       volume        amount  turnover                 updated_at
date                                                                                               
2026-03-06  8.48  8.75  8.40   8.67  525540341.0  4.533554e+09  0.089840 2026-03-10 17:35:37.685192
2026-03-09  8.50  8.68  8.27   8.61  537371492.0  4.539095e+09  0.091863 2026-03-10 17:35:37.685192
2026-03-10  8.70  8.86  8.47   8.57  503565074.0  4.351647e+09  0.086084 2026-03-10 17:35:37.685192

2026-03-10 17:35:38,678 - DEBUG - [akshare_pd.py:78] - 👉 数据列名检查: ['date', 'open', 'high', 'low', 'close', 'volume', 'amount', 'outstanding_share', 'turnover']
2026-03-10 17:35:38,682 - DEBUG - [engine.py:104] - 
📊 [600410 华胜天成] 最新 3 行切片检查:
             open   high    low  close       volume        amount  turnover                 updated_at
date                                                                                                  
2026-03-06  28.30  30.05  27.31  29.73  333600749.0  9.496524e+09  0.304243 2026-03-10 17:35:38.679118
2026-03-09  28.50  32.60  27.85  30.51  387235359.0  1.152136e+10  0.353158 2026-03-10 17:35:38.679118
2026-03-10  30.51  32.57  29.68  31.83  370505276.0  1.156331e+10  0.337900 2026-03-10 17:35:38.679118

2026-03-10 17:35:39,628 - DEBUG - [akshare_pd.py:78] - 👉 数据列名检查: ['date', 'open', 'high', 'low', 'close', 'volume', 'amount', 'outstanding_share', 'turnover']
2026-03-10 17:35:39,631 - DEBUG - [engine.py:104] - 
📊 [600111 北方稀土] 最新 3 行切片检查:
            open   high    low  close       volume        amount  turnover                 updated_at
date                                                                                                 
2026-03-06  54.6  55.58  53.80  54.30   89120597.0  4.852758e+09  0.024653 2026-03-10 17:35:39.628852
2026-03-09  53.1  54.32  51.67  53.88  102485185.0  5.439987e+09  0.028349 2026-03-10 17:35:39.628852
2026-03-10  54.5  55.13  53.70  53.97   87871621.0  4.759620e+09  0.024307 2026-03-10 17:35:39.628852

2026-03-10 17:35:40,641 - DEBUG - [akshare_pd.py:78] - 👉 数据列名检查: ['date', 'open', 'high', 'low', 'close', 'volume', 'amount', 'outstanding_share', 'turnover']
2026-03-10 17:35:40,644 - DEBUG - [engine.py:104] - 
📊 [600938 中国海油] 最新 3 行切片检查:
             open   high    low  close       volume        amount  turnover                 updated_at
date                                                                                                  
2026-03-06  40.67  42.38  39.66  40.49  122718533.0  4.978030e+09  0.041043 2026-03-10 17:35:40.642129
2026-03-09  44.54  44.54  43.00  43.36  213415357.0  9.411870e+09  0.071376 2026-03-10 17:35:40.642129
2026-03-10  39.03  41.66  39.03  40.98  165158546.0  6.646851e+09  0.055237 2026-03-10 17:35:40.642129

2026-03-10 17:35:41,588 - DEBUG - [akshare_pd.py:78] - 👉 数据列名检查: ['date', 'open', 'high', 'low', 'close', 'volume', 'amount', 'outstanding_share', 'turnover']
2026-03-10 17:35:41,592 - DEBUG - [engine.py:104] - 
📊 [601899 紫金矿业] 最新 3 行切片检查:
             open   high    low  close       volume        amount  turnover                 updated_at
date                                                                                                  
2026-03-06  37.01  37.48  36.24  37.10  253947012.0  9.355468e+09  0.012327 2026-03-10 17:35:41.589166
2026-03-09  35.93  36.67  34.86  36.40  390629022.0  1.390525e+10  0.018962 2026-03-10 17:35:41.589166
2026-03-10  36.98  37.54  36.80  37.13  201312398.0  7.475372e+09  0.009772 2026-03-10 17:35:41.589166

2026-03-10 17:35:42,568 - DEBUG - [akshare_pd.py:78] - 👉 数据列名检查: ['date', 'open', 'high', 'low', 'close', 'volume', 'amount', 'outstanding_share', 'turnover']
2026-03-10 17:35:42,571 - DEBUG - [engine.py:104] - 
📊 [002490 山东墨龙] 最新 3 行切片检查:
             open   high    low  close       volume        amount  turnover                 updated_at
date                                                                                                  
2026-03-06  12.81  13.65  12.45  13.20  207642733.0  2.726712e+09  0.383301 2026-03-10 17:35:42.569108
2026-03-09  14.52  14.52  13.13  13.24  196160005.0  2.720520e+09  0.362105 2026-03-10 17:35:42.569108
2026-03-10  11.92  12.48  11.92  11.92  119282517.0  1.433150e+09  0.220191 2026-03-10 17:35:42.569108

2026-03-10 17:35:43,560 - DEBUG - [akshare_pd.py:78] - 👉 数据列名检查: ['date', 'open', 'high', 'low', 'close', 'volume', 'amount', 'outstanding_share', 'turnover']
2026-03-10 17:35:43,563 - DEBUG - [engine.py:104] - 
📊 [600522 中天科技] 最新 3 行切片检查:
             open   high    low  close       volume        amount  turnover                 updated_at
date                                                                                                  
2026-03-06  28.45  28.88  27.22  27.38  163425189.0  4.508742e+09  0.047884 2026-03-10 17:35:43.560934
2026-03-09  26.37  27.31  25.38  27.20  155402012.0  4.065327e+09  0.045533 2026-03-10 17:35:43.560934
2026-03-10  27.55  29.18  27.41  28.90  168544463.0  4.798302e+09  0.049384 2026-03-10 17:35:43.560934

2026-03-10 17:35:44,542 - DEBUG - [akshare_pd.py:78] - 👉 数据列名检查: ['date', 'open', 'high', 'low', 'close', 'volume', 'amount', 'outstanding_share', 'turnover']
2026-03-10 17:35:44,557 - DEBUG - [engine.py:104] - 
📊 [601939 建设银行] 最新 3 行切片检查:
            open  high   low  close       volume        amount  turnover                 updated_at
date                                                                                               
2026-03-06  8.94  9.02  8.93   8.97   84773065.0  7.604956e+08  0.008836 2026-03-10 17:35:44.555725
2026-03-09  8.96  9.14  8.93   9.06  152815331.0  1.381533e+09  0.015929 2026-03-10 17:35:44.555725
2026-03-10  9.01  9.04  8.93   8.94   83402353.0  7.477126e+08  0.008693 2026-03-10 17:35:44.555725

2026-03-10 17:35:45,624 - DEBUG - [akshare_pd.py:78] - 👉 数据列名检查: ['date', 'open', 'high', 'low', 'close', 'volume', 'amount', 'outstanding_share', 'turnover']
2026-03-10 17:35:45,626 - DEBUG - [engine.py:104] - 
📊 [300528 幸福蓝海] 最新 3 行切片检查:
             open   high    low  close      volume       amount  turnover                 updated_at
date                                                                                                
2026-03-06  17.20  17.39  17.11  17.33   9233432.0  159767213.0  0.024781 2026-03-10 17:35:45.624604
2026-03-09  17.02  17.30  16.68  17.28  12306835.0  208566151.0  0.033029 2026-03-10 17:35:45.624604
2026-03-10  17.40  17.56  17.23  17.31  10479000.0  181722694.0  0.028123 2026-03-10 17:35:45.624604

2026-03-10 17:35:46,701 - DEBUG - [akshare_pd.py:78] - 👉 数据列名检查: ['date', 'open', 'high', 'low', 'close', 'volume', 'amount', 'outstanding_share', 'turnover']
2026-03-10 17:35:46,704 - DEBUG - [engine.py:104] - 
📊 [000547 航天发展] 最新 3 行切片检查:
             open   high    low  close       volume        amount  turnover                 updated_at
date                                                                                                  
2026-03-06  31.20  33.99  31.20  32.66  413923343.0  1.358453e+10  0.260473 2026-03-10 17:35:46.701285
2026-03-09  31.30  33.32  31.30  32.10  311748689.0  1.016066e+10  0.196177 2026-03-10 17:35:46.701285
2026-03-10  32.51  34.30  32.12  33.66  364988789.0  1.220221e+10  0.229680 2026-03-10 17:35:46.701285

2026-03-10 17:35:47,860 - DEBUG - [akshare_pd.py:78] - 👉 数据列名检查: ['date', 'open', 'high', 'low', 'close', 'volume', 'amount', 'outstanding_share', 'turnover']
2026-03-10 17:35:47,864 - DEBUG - [engine.py:104] - 
📊 [000988 华工科技] 最新 3 行切片检查:
              open    high     low   close       volume        amount  turnover                 updated_at
date                                                                                                      
2026-03-06  106.75  116.09  106.00  114.78  129693070.0  1.435247e+10  0.129050 2026-03-10 17:35:47.860635
2026-03-09  112.00  119.78  108.50  118.60  135658907.0  1.541769e+10  0.134986 2026-03-10 17:35:47.860635
2026-03-10  119.49  124.00  116.55  123.51  113779973.0  1.363733e+10  0.113216 2026-03-10 17:35:47.860635

2026-03-10 17:35:48,727 - DEBUG - [akshare_pd.py:78] - 👉 数据列名检查: ['date', 'open', 'high', 'low', 'close', 'volume', 'amount', 'outstanding_share', 'turnover']
2026-03-10 17:35:48,730 - DEBUG - [engine.py:104] - 
📊 [300394 天孚通信] 最新 3 行切片检查:
              open    high     low   close      volume        amount  turnover                 updated_at
date                                                                                                     
2026-03-06  334.57  336.30  318.00  322.88  33215376.0  1.074690e+10  0.042811 2026-03-10 17:35:48.727977
2026-03-09  306.75  310.48  292.00  306.96  37896546.0  1.136586e+10  0.048845 2026-03-10 17:35:48.727977
2026-03-10  329.00  341.88  325.01  340.48  38050810.0  1.274569e+10  0.049044 2026-03-10 17:35:48.727977

2026-03-10 17:35:49,621 - DEBUG - [akshare_pd.py:78] - 👉 数据列名检查: ['date', 'open', 'high', 'low', 'close', 'volume', 'amount', 'outstanding_share', 'turnover']
2026-03-10 17:35:49,624 - DEBUG - [engine.py:104] - 
📊 [300750 宁德时代] 最新 3 行切片检查:
              open    high     low   close      volume        amount  turnover                 updated_at
date                                                                                                     
2026-03-06  349.00  357.02  344.66  354.77  20963113.0  7.388869e+09  0.004925 2026-03-10 17:35:49.622661
2026-03-09  348.84  359.85  345.06  357.50  31797613.0  1.121800e+10  0.007470 2026-03-10 17:35:49.622661
2026-03-10  375.00  379.77  366.50  376.30  50741728.0  1.904908e+10  0.011921 2026-03-10 17:35:49.622661

2026-03-10 17:35:50,727 - DEBUG - [akshare_pd.py:78] - 👉 数据列名检查: ['date', 'open', 'high', 'low', 'close', 'volume', 'amount', 'outstanding_share', 'turnover']
2026-03-10 17:35:50,730 - DEBUG - [engine.py:104] - 
📊 [002261 拓维信息] 最新 3 行切片检查:
             open   high    low  close       volume        amount  turnover                 updated_at
date                                                                                                  
2026-03-06  34.88  39.05  34.59  39.05  204167442.0  7.488579e+09  0.178211 2026-03-10 17:35:50.727513
2026-03-09  39.49  42.96  37.91  42.96  340835678.0  1.379804e+10  0.297504 2026-03-10 17:35:50.727513
2026-03-10  42.15  44.06  40.72  41.76  313689541.0  1.320427e+10  0.273809 2026-03-10 17:35:50.727513

2026-03-10 17:35:51,695 - DEBUG - [akshare_pd.py:78] - 👉 数据列名检查: ['date', 'open', 'high', 'low', 'close', 'volume', 'amount', 'outstanding_share', 'turnover']
2026-03-10 17:35:51,699 - DEBUG - [engine.py:104] - 
📊 [601179 中国西电] 最新 3 行切片检查:
            open   high    low  close       volume        amount  turnover                 updated_at
date                                                                                                 
2026-03-06  18.6  19.58  18.32  19.30  551658894.0  1.047151e+10  0.107622 2026-03-10 17:35:51.695780
2026-03-09  18.9  20.61  18.89  20.17  534452198.0  1.061643e+10  0.104265 2026-03-10 17:35:51.695780
2026-03-10  20.0  20.65  19.58  19.99  442844017.0  8.876727e+09  0.086394 2026-03-10 17:35:51.695780

2026-03-10 17:35:52,615 - DEBUG - [akshare_pd.py:78] - 👉 数据列名检查: ['date', 'open', 'high', 'low', 'close', 'volume', 'amount', 'outstanding_share', 'turnover']
2026-03-10 17:35:52,619 - DEBUG - [engine.py:104] - 
📊 [300502 新易盛] 最新 3 行切片检查:
              open    high     low   close      volume        amount  turnover                 updated_at
date                                                                                                     
2026-03-06  393.22  412.00  387.09  402.00  40431543.0  1.616447e+10  0.045664 2026-03-10 17:35:52.615554
2026-03-09  380.00  387.32  369.32  384.00  44166394.0  1.662925e+10  0.049882 2026-03-10 17:35:52.615554
2026-03-10  394.75  401.00  382.59  397.33  42488136.0  1.669605e+10  0.047986 2026-03-10 17:35:52.615554

2026-03-10 17:35:53,531 - DEBUG - [akshare_pd.py:78] - 👉 数据列名检查: ['date', 'open', 'high', 'low', 'close', 'volume', 'amount', 'outstanding_share', 'turnover']
2026-03-10 17:35:53,535 - DEBUG - [engine.py:104] - 
📊 [600089 特变电工] 最新 3 行切片检查:
             open   high    low  close       volume        amount  turnover                 updated_at
date                                                                                                  
2026-03-06  32.40  33.26  32.18  32.23  417543833.0  1.361711e+10  0.082636 2026-03-10 17:35:53.532017
2026-03-09  31.81  33.15  31.80  32.76  421073209.0  1.372328e+10  0.083335 2026-03-10 17:35:53.532017
2026-03-10  32.69  32.74  31.65  31.86  353286075.0  1.132871e+10  0.069919 2026-03-10 17:35:53.532017

2026-03-10 17:35:54,493 - DEBUG - [akshare_pd.py:78] - 👉 数据列名检查: ['date', 'open', 'high', 'low', 'close', 'volume', 'amount', 'outstanding_share', 'turnover']
2026-03-10 17:35:54,496 - DEBUG - [engine.py:104] - 
📊 [300308 中际旭创] 最新 3 行切片检查:
             open    high     low   close      volume        amount  turnover                 updated_at
date                                                                                                    
2026-03-06  553.0  559.98  537.06  545.48  21966767.0  1.202819e+10  0.019870 2026-03-10 17:35:54.494661
2026-03-09  520.1  528.30  506.00  525.99  31474315.0  1.623065e+10  0.028471 2026-03-10 17:35:54.494661
2026-03-10  540.0  548.98  530.02  547.00  28309414.0  1.534895e+10  0.025608 2026-03-10 17:35:54.494661

2026-03-10 17:35:55,630 - DEBUG - [akshare_pd.py:78] - 👉 数据列名检查: ['date', 'open', 'high', 'low', 'close', 'volume', 'amount', 'outstanding_share', 'turnover']
2026-03-10 17:35:55,632 - DEBUG - [engine.py:104] - 
📊 [601868 中国能建] 最新 3 行切片检查:
            open  high   low  close        volume        amount  turnover                 updated_at
date                                                                                                
2026-03-06  2.66  2.89  2.65   2.89  2.027315e+09  5.729469e+09  0.062516 2026-03-10 17:35:55.631130
2026-03-09  2.95  3.05  2.90   2.94  3.310056e+09  9.812071e+09  0.102072 2026-03-10 17:35:55.631130
2026-03-10  2.98  3.23  2.87   3.14  3.231616e+09  9.989403e+09  0.099653 2026-03-10 17:35:55.631130

2026-03-10 17:35:56,588 - DEBUG - [akshare_pd.py:78] - 👉 数据列名检查: ['date', 'open', 'high', 'low', 'close', 'volume', 'amount', 'outstanding_share', 'turnover']
2026-03-10 17:35:56,591 - DEBUG - [engine.py:104] - 
📊 [002384 东山精密] 最新 3 行切片检查:
              open    high     low   close      volume        amount  turnover                 updated_at
date                                                                                                     
2026-03-06   90.06   98.50   87.97   95.45  90112547.0  8.325184e+09  0.065001 2026-03-10 17:35:56.589051
2026-03-09   90.30   98.50   87.19   98.24  90442577.0  8.286012e+09  0.065239 2026-03-10 17:35:56.589051
2026-03-10  102.00  108.06  101.20  108.06  91333198.0  9.599794e+09  0.065882 2026-03-10 17:35:56.589051

2026-03-10 17:35:56,698 - INFO - [cloudakpd.py:36] - ============================================================
2026-03-10 17:35:56,698 - INFO - [cloudakpd.py:37] - 📊 [DataCenter] 数据内核启动审计...
2026-03-10 17:35:56,698 - INFO - [cloudakpd.py:38] -    ▫️ 存储模式 : ☁️  云端 (PostgreSQL)
2026-03-10 17:35:56,699 - INFO - [cloudakpd.py:39] -    ▫️ 连接节点 : ep-noisy-dust-a1zv7w56-pooler.ap-southeast-1.aws.neon.tech/neondb
2026-03-10 17:35:59,422 - INFO - [cloudakpd.py:85] - 📂 字段审计完成，当前支持: high, latest_price, symbol, volume, is_closed, trade_date, low, open, updated_at, name, amount, turnover_rate
2026-03-10 17:35:59,423 - INFO - [cloudakpd.py:42] - ============================================================
2026-03-10 17:36:40,662 - INFO - [cloudakpd.py:204] - ---------------------------------------------
2026-03-10 17:36:40,662 - INFO - [cloudakpd.py:205] - 🔍 [审计] 同步完成: 2026-03-10
2026-03-10 17:36:40,662 - INFO - [cloudakpd.py:206] -    ▫️ 标的总数 : 5488 条
2026-03-10 17:36:40,662 - INFO - [cloudakpd.py:207] -    ▫️ 资金状态 : 已收盘定格
2026-03-10 17:36:40,663 - INFO - [cloudakpd.py:208] -    ▫️ 存入时间 : 2026-03-10 17:36:38.877837
2026-03-10 17:36:40,665 - INFO - [cloudakpd.py:210] - 
symbol name  open  latest_price  high   low    volume      amount trade_date
920000 安徽凤凰 17.82         17.90 18.04 17.74  443054.0   7937533.0 2026-03-10
920001 纬达光电 19.45         19.79 20.38 19.20 7045916.0 138541218.0 2026-03-10
920002 万达轴承 91.00         94.18 96.50 90.56 1317879.0 123796912.0 2026-03-10
2026-03-10 17:36:40,665 - INFO - [cloudakpd.py:211] - ---------------------------------------------
2026-03-10 17:36:42,483 - INFO - [cloudakpd.py:204] - ---------------------------------------------
2026-03-10 17:36:42,484 - INFO - [cloudakpd.py:205] - 🔍 [审计] 读取成功: 2026-03-10
2026-03-10 17:36:42,484 - INFO - [cloudakpd.py:206] -    ▫️ 标的总数 : 5488 条
2026-03-10 17:36:42,485 - INFO - [cloudakpd.py:207] -    ▫️ 资金状态 : 已收盘定格
2026-03-10 17:36:42,485 - INFO - [cloudakpd.py:208] -    ▫️ 存入时间 : 2026-03-10 17:36:38.877837
2026-03-10 17:36:42,488 - INFO - [cloudakpd.py:210] - 
symbol name  open  latest_price  high   low    volume      amount trade_date
920000 安徽凤凰 17.82         17.90 18.04 17.74  443054.0   7937533.0 2026-03-10
920001 纬达光电 19.45         19.79 20.38 19.20 7045916.0 138541218.0 2026-03-10
920002 万达轴承 91.00         94.18 96.50 90.56 1317879.0 123796912.0 2026-03-10
2026-03-10 17:36:42,489 - INFO - [cloudakpd.py:211] - ---------------------------------------------
2026-03-10 17:36:42,493 - INFO - [ledger.py:266] - ✅ 资产审计完成。当前净资产: 30369.33, 云端对齐已完成。
2026-03-10 17:36:42,494 - INFO - [engine.py:161] - ================================================================================
2026-03-10 17:36:42,494 - INFO - [engine.py:162] - 【操作审批纪要 (Execution Summary)】
2026-03-10 17:36:42,494 - INFO - [engine.py:163] - 🔴 600111 (北方稀土) 建议卖出 100 股 | 预估价: 53.97 | 状态: 待老板确认 | 逻辑: 触及 10% 硬止损
2026-03-10 17:36:42,495 - INFO - [engine.py:163] - 🔴 300528 (幸福蓝海) 建议卖出 1 股 | 预估价: 17.31 | 状态: 待老板确认 | 逻辑: 触发最终移动止盈，全仓撤退
2026-03-10 17:36:42,495 - INFO - [engine.py:168] - 
【持仓状态确认 (Positions Audit)】
2026-03-10 17:36:42,495 - INFO - [engine.py:170] - 🛡️ 002131 (利欧股份) | 持仓 700 股 | 现价: 8.57 | 浮盈: -5.82%
   └─ 买入日期: 历史遗留 | 开仓逻辑: 未知建仓逻辑
2026-03-10 17:36:42,496 - INFO - [engine.py:170] - 🛡️ 600410 (华胜天成) | 持仓 1 股 | 现价: 31.83 | 浮盈: 13.17%
   └─ 买入日期: 历史遗留 | 开仓逻辑: 未知建仓逻辑
2026-03-10 17:36:42,496 - INFO - [engine.py:170] - 🛡️ 600938 (中国海油) | 持仓 1 股 | 现价: 40.98 | 浮盈: 12.27%
   └─ 买入日期: 历史遗留 | 开仓逻辑: 未知建仓逻辑
2026-03-10 17:36:42,496 - INFO - [engine.py:170] - 🛡️ 601899 (紫金矿业) | 持仓 200 股 | 现价: 37.13 | 浮盈: -5.64%
   └─ 买入日期: 历史遗留 | 开仓逻辑: 未知建仓逻辑
2026-03-10 17:36:42,497 - INFO - [engine.py:170] - 🛡️ 002490 (山东墨龙) | 持仓 1 股 | 现价: 11.92 | 浮盈: 26.81%
   └─ 买入日期: 历史遗留 | 开仓逻辑: 未知建仓逻辑
2026-03-10 17:36:42,497 - INFO - [engine.py:170] - 🛡️ 600522 (中天科技) | 持仓 300 股 | 现价: 28.90 | 浮盈: -1.81%
   └─ 买入日期: 历史遗留 | 开仓逻辑: 未知建仓逻辑
2026-03-10 17:36:42,497 - INFO - [engine.py:170] - 🛡️ 601939 (建设银行) | 持仓 200 股 | 现价: 8.94 | 浮盈: 3.71%
   └─ 买入日期: 历史遗留 | 开仓逻辑: 未知建仓逻辑
2026-03-10 17:36:42,498 - INFO - [engine.py:174] - ================================================================================
2026-03-10 17:36:42,498 - INFO - [engine.py:175] - 👀 【交易额最大动态监控池 (优胜劣汰拒绝名单)】
2026-03-10 17:36:42,499 - INFO - [engine.py:186] -    - 🚫 观望 000547 (航天发展): 未形成多头排列
2026-03-10 17:36:42,499 - INFO - [engine.py:186] -    - 🚫 观望 000988 (华工科技): 乖离率偏高 (1.26)
2026-03-10 17:36:42,500 - INFO - [engine.py:186] -    - 🚫 观望 300394 (天孚通信): 未满足缩量回踩或放量突破
2026-03-10 17:36:42,500 - INFO - [engine.py:186] -    - 🚫 观望 300750 (宁德时代): 未形成多头排列
2026-03-10 17:36:42,501 - INFO - [engine.py:186] -    - 🚫 观望 002261 (拓维信息): 乖离率偏高 (1.15)
2026-03-10 17:36:42,501 - INFO - [engine.py:186] -    - 🚫 观望 601179 (中国西电): 乖离率偏高 (1.18)
2026-03-10 17:36:42,502 - INFO - [engine.py:186] -    - 🚫 观望 300502 (新易盛): 未形成多头排列
2026-03-10 17:36:42,502 - INFO - [engine.py:186] -    - 🚫 观望 600089 (特变电工): 未满足缩量回踩或放量突破
2026-03-10 17:36:42,503 - INFO - [engine.py:186] -    - 🚫 观望 300308 (中际旭创): 未形成多头排列
2026-03-10 17:36:42,503 - INFO - [engine.py:186] -    - 🚫 观望 601868 (中国能建): 乖离率偏高 (1.19)
2026-03-10 17:36:42,504 - INFO - [engine.py:186] -    - 🚫 观望 002384 (东山精密): 乖离率偏高 (1.20)
