2026-03-06 10:19:24,417 - DEBUG - [akshare_pd.py:78] - 👉 数据列名检查: ['date', 'open', 'high', 'low', 'close', 'volume', 'amount', 'outstanding_share', 'turnover']
2026-03-06 10:19:25,240 - DEBUG - [akshare_pd.py:78] - 👉 数据列名检查: ['date', 'open', 'high', 'low', 'close', 'volume', 'amount', 'outstanding_share', 'turnover']
2026-03-06 10:19:26,168 - DEBUG - [akshare_pd.py:78] - 👉 数据列名检查: ['date', 'open', 'high', 'low', 'close', 'volume', 'amount', 'outstanding_share', 'turnover']
2026-03-06 10:19:27,566 - DEBUG - [akshare_pd.py:78] - 👉 数据列名检查: ['date', 'open', 'high', 'low', 'close', 'volume', 'amount', 'outstanding_share', 'turnover']
2026-03-06 10:19:28,690 - DEBUG - [akshare_pd.py:78] - 👉 数据列名检查: ['date', 'open', 'high', 'low', 'close', 'volume', 'amount', 'outstanding_share', 'turnover']
2026-03-06 10:19:29,841 - DEBUG - [akshare_pd.py:78] - 👉 数据列名检查: ['date', 'open', 'high', 'low', 'close', 'volume', 'amount', 'outstanding_share', 'turnover']
2026-03-06 10:19:29,845 - INFO - [engineBacktest.py:33] - ⏳ 引擎启动：正在通知策略大脑进行全量指标预计算...
2026-03-06 10:19:29,864 - INFO - [engineBacktest.py:42] - 📅 统一时间轴构建完毕，总计 500 个交易日。
2026-03-06 10:19:29,864 - INFO - [engineBacktest.py:43] - 🚀 时光机正式启动，开始逐日撮合...
2026-03-06 10:19:29,872 - INFO - [account.py:216] - [2024-03-08] 🏦 审计部启动 T+20 绩效清算与预算再分配...
2026-03-06 10:19:29,876 - INFO - [account.py:216] - [2024-04-09] 🏦 审计部启动 T+20 绩效清算与预算再分配...
2026-03-06 10:19:29,880 - INFO - [account.py:216] - [2024-05-10] 🏦 审计部启动 T+20 绩效清算与预算再分配...
2026-03-06 10:19:29,884 - INFO - [engineBacktest.py:84] - [2024-05-22] ⚡ BUY 300502 1300股 @ 62.98 | 剩余现金: 918101.44
2026-03-06 10:19:29,887 - INFO - [account.py:216] - [2024-06-07] 🏦 审计部启动 T+20 绩效清算与预算再分配...
2026-03-06 10:19:29,890 - INFO - [engineBacktest.py:84] - [2024-06-14] ⚡ BUY 300502 1000股 @ 77.08 | 剩余现金: 840998.31
2026-03-06 10:19:29,892 - INFO - [engineBacktest.py:84] - [2024-06-18] ⚡ BUY 300502 1000股 @ 81.84 | 剩余现金: 759133.76
2026-03-06 10:19:29,895 - INFO - [engineBacktest.py:84] - [2024-06-27] ⚡ BUY 300308 600股 @ 135.46 | 剩余现金: 677833.38
2026-03-06 10:19:29,897 - INFO - [account.py:216] - [2024-07-08] 🏦 审计部启动 T+20 绩效清算与预算再分配...
2026-03-06 10:19:29,898 - INFO - [engineBacktest.py:84] - [2024-07-09] ⚡ BUY 300308 500股 @ 153.56 | 剩余现金: 601030.34
2026-03-06 10:19:29,900 - INFO - [engineBacktest.py:84] - [2024-07-12] ⚡ BUY 300502 1000股 @ 80.64 | 剩余现金: 520366.15
2026-03-06 10:19:29,902 - INFO - [engineBacktest.py:84] - [2024-07-17] ⚡ SELL 300308 1100股 @ 141.00 | 剩余现金: 675342.07
2026-03-06 10:19:29,903 - INFO - [engineBacktest.py:84] - [2024-07-18] ⚡ SELL 300502 4300股 @ 77.42 | 剩余现金: 1007981.75
2026-03-06 10:19:29,906 - INFO - [account.py:216] - [2024-08-05] 🏦 审计部启动 T+20 绩效清算与预算再分配...
2026-03-06 10:19:29,906 - WARNING - [account.py:230] -   🔻 审计降级 [300502]: 周期亏损，削减可用预算 68888.52 元归入中央池
2026-03-06 10:19:29,906 - WARNING - [account.py:230] -   🔻 审计降级 [300308]: 周期亏损，削减可用预算 66041.17 元归入中央池
2026-03-06 10:19:29,911 - INFO - [account.py:216] - [2024-09-02] 🏦 审计部启动 T+20 绩效清算与预算再分配...
2026-03-06 10:19:29,915 - INFO - [account.py:216] - [2024-10-09] 🏦 审计部启动 T+20 绩效清算与预算再分配...
2026-03-06 10:19:29,918 - INFO - [engineBacktest.py:84] - [2024-10-23] ⚡ BUY 300308 400股 @ 155.38 | 剩余现金: 945811.10
2026-03-06 10:19:29,919 - INFO - [engineBacktest.py:84] - [2024-10-24] ⚡ BUY 601606 7000股 @ 11.83 | 剩余现金: 862976.26
2026-03-06 10:19:29,921 - INFO - [account.py:216] - [2024-11-06] 🏦 审计部启动 T+20 绩效清算与预算再分配...
2026-03-06 10:19:29,921 - WARNING - [account.py:230] -   🔻 审计降级 [300308]: 周期亏损，削减可用预算 40398.80 元归入中央池
2026-03-06 10:19:29,921 - INFO - [account.py:240] -   🌟 审计奖励 [601606]: 周期盈利，由中央池增拨预算 25049.85 元
2026-03-06 10:19:29,923 - INFO - [engineBacktest.py:84] - [2024-11-08] ⚡ BUY 601606 6300股 @ 14.01 | 剩余现金: 774686.78
2026-03-06 10:19:29,924 - INFO - [engineBacktest.py:84] - [2024-11-11] ⚡ BUY 601606 6000股 @ 14.77 | 剩余现金: 686040.19
2026-03-06 10:19:29,925 - INFO - [engineBacktest.py:84] - [2024-11-15] ⚡ BUY 300502 700股 @ 90.86 | 剩余现金: 622419.11
2026-03-06 10:19:29,926 - INFO - [engineBacktest.py:84] - [2024-11-15] ⚡ SELL 300308 400股 @ 139.79 | 剩余现金: 678290.38
2026-03-06 10:19:29,928 - INFO - [engineBacktest.py:84] - [2024-11-18] ⚡ SELL 601606 19300股 @ 11.84 | 剩余现金: 906619.57
2026-03-06 10:19:29,930 - INFO - [engineBacktest.py:84] - [2024-11-25] ⚡ SELL 300502 700股 @ 80.66 | 剩余现金: 963036.40
2026-03-06 10:19:29,931 - INFO - [engineBacktest.py:84] - [2024-12-04] ⚡ BUY 601606 6000股 @ 13.58 | 剩余现金: 881531.96
2026-03-06 10:19:29,932 - INFO - [account.py:216] - [2024-12-04] 🏦 审计部启动 T+20 绩效清算与预算再分配...
2026-03-06 10:19:29,932 - WARNING - [account.py:230] -   🔻 审计降级 [300502]: 周期亏损，削减可用预算 53669.96 元归入中央池
2026-03-06 10:19:29,932 - WARNING - [account.py:230] -   🔻 审计降级 [300308]: 周期亏损，削减可用预算 43493.30 元归入中央池
2026-03-06 10:19:29,932 - WARNING - [account.py:230] -   🔻 审计降级 [601606]: 周期亏损，削减可用预算 49087.40 元归入中央池
2026-03-06 10:19:29,935 - INFO - [engineBacktest.py:84] - [2024-12-25] ⚡ SELL 601606 6000股 @ 12.01 | 剩余现金: 953534.31
2026-03-06 10:19:29,937 - INFO - [account.py:216] - [2025-01-02] 🏦 审计部启动 T+20 绩效清算与预算再分配...
2026-03-06 10:19:29,937 - WARNING - [account.py:230] -   🔻 审计降级 [601606]: 周期亏损，削减可用预算 53670.39 元归入中央池
2026-03-06 10:19:29,941 - INFO - [account.py:216] - [2025-02-07] 🏦 审计部启动 T+20 绩效清算与预算再分配...
2026-03-06 10:19:29,946 - INFO - [account.py:216] - [2025-03-07] 🏦 审计部启动 T+20 绩效清算与预算再分配...
2026-03-06 10:19:29,950 - INFO - [account.py:216] - [2025-04-07] 🏦 审计部启动 T+20 绩效清算与预算再分配...
2026-03-06 10:19:29,955 - INFO - [account.py:216] - [2025-05-08] 🏦 审计部启动 T+20 绩效清算与预算再分配...
2026-03-06 10:19:29,960 - INFO - [engineBacktest.py:84] - [2025-06-03] ⚡ BUY 300502 600股 @ 86.36 | 剩余现金: 901702.77
2026-03-06 10:19:29,962 - INFO - [engineBacktest.py:84] - [2025-06-05] ⚡ BUY 300502 500股 @ 96.90 | 剩余现金: 853238.23
2026-03-06 10:19:29,963 - INFO - [engineBacktest.py:84] - [2025-06-05] ⚡ BUY 601606 3700股 @ 14.18 | 剩余现金: 800756.49
2026-03-06 10:19:29,964 - INFO - [account.py:216] - [2025-06-06] 🏦 审计部启动 T+20 绩效清算与预算再分配...
2026-03-06 10:19:29,964 - INFO - [account.py:240] -   🌟 审计奖励 [300502]: 周期盈利，由中央池增拨预算 11438.38 元
2026-03-06 10:19:29,964 - WARNING - [account.py:230] -   🔻 审计降级 [601606]: 周期亏损，削减可用预算 32439.97 元归入中央池
2026-03-06 10:19:29,966 - INFO - [engineBacktest.py:84] - [2025-06-16] ⚡ BUY 300502 500股 @ 106.70 | 剩余现金: 747390.49
2026-03-06 10:19:29,968 - INFO - [engineBacktest.py:84] - [2025-06-18] ⚡ BUY 300502 500股 @ 112.22 | 剩余现金: 691263.65
2026-03-06 10:19:29,969 - INFO - [engineBacktest.py:84] - [2025-06-19] ⚡ BUY 601606 2700股 @ 16.69 | 剩余现金: 646187.13
2026-03-06 10:19:29,971 - INFO - [engineBacktest.py:84] - [2025-06-20] ⚡ BUY 601606 2400股 @ 18.36 | 剩余现金: 602109.91
2026-03-06 10:19:29,972 - INFO - [engineBacktest.py:84] - [2025-06-23] ⚡ BUY 601606 2000股 @ 20.20 | 剩余现金: 561697.79
2026-03-06 10:19:29,974 - INFO - [engineBacktest.py:84] - [2025-07-04] ⚡ SELL 601606 5400股 @ 28.28 | 剩余现金: 714287.62
2026-03-06 10:19:29,975 - INFO - [account.py:216] - [2025-07-04] 🏦 审计部启动 T+20 绩效清算与预算再分配...
2026-03-06 10:19:29,975 - INFO - [account.py:240] -   🌟 审计奖励 [300502]: 周期盈利，由中央池增拨预算 1632.93 元
2026-03-06 10:19:29,975 - INFO - [account.py:240] -   🌟 审计奖励 [601606]: 周期盈利，由中央池增拨预算 15278.38 元
2026-03-06 10:19:29,977 - INFO - [engineBacktest.py:84] - [2025-07-10] ⚡ SELL 601606 5400股 @ 26.66 | 剩余现金: 858136.45
2026-03-06 10:19:29,980 - INFO - [account.py:216] - [2025-08-01] 🏦 审计部启动 T+20 绩效清算与预算再分配...
2026-03-06 10:19:29,980 - INFO - [account.py:240] -   🌟 审计奖励 [300502]: 周期盈利，由中央池增拨预算 1796.22 元
2026-03-06 10:19:29,981 - WARNING - [account.py:230] -   🔻 审计降级 [601606]: 周期亏损，削减可用预算 62382.21 元归入中央池
2026-03-06 10:19:29,986 - INFO - [account.py:216] - [2025-08-29] 🏦 审计部启动 T+20 绩效清算与预算再分配...
2026-03-06 10:19:29,986 - INFO - [account.py:240] -   🌟 审计奖励 [300502]: 周期盈利，由中央池增拨预算 1975.85 元
2026-03-06 10:19:29,989 - INFO - [engineBacktest.py:84] - [2025-09-02] ⚡ SELL 300502 1000股 @ 358.20 | 剩余现金: 1216049.89
2026-03-06 10:19:29,991 - INFO - [engineBacktest.py:84] - [2025-09-04] ⚡ SELL 300502 1100股 @ 312.10 | 剩余现金: 1559085.25
2026-03-06 10:19:29,997 - INFO - [account.py:216] - [2025-09-26] 🏦 审计部启动 T+20 绩效清算与预算再分配...
2026-03-06 10:19:29,997 - WARNING - [account.py:230] -   🔻 审计降级 [300502]: 周期亏损，削减可用预算 144536.62 元归入中央池
2026-03-06 10:19:30,007 - INFO - [engineBacktest.py:84] - [2025-10-24] ⚡ BUY 300502 300股 @ 372.97 | 剩余现金: 1447160.68
2026-03-06 10:19:30,009 - INFO - [engineBacktest.py:84] - [2025-10-27] ⚡ BUY 300502 300股 @ 403.95 | 剩余现金: 1325939.32
2026-03-06 10:19:30,011 - INFO - [engineBacktest.py:84] - [2025-10-31] ⚡ SELL 300502 600股 @ 344.31 | 剩余现金: 1532360.05
2026-03-06 10:19:30,012 - INFO - [account.py:216] - [2025-11-03] 🏦 审计部启动 T+20 绩效清算与预算再分配...
2026-03-06 10:19:30,012 - WARNING - [account.py:230] -   🔻 审计降级 [300502]: 周期亏损，削减可用预算 110284.26 元归入中央池
2026-03-06 10:19:30,018 - INFO - [engineBacktest.py:84] - [2025-11-28] ⚡ BUY 300308 100股 @ 514.50 | 剩余现金: 1480894.62
2026-03-06 10:19:30,020 - INFO - [account.py:216] - [2025-12-01] 🏦 审计部启动 T+20 绩效清算与预算再分配...
2026-03-06 10:19:30,020 - INFO - [account.py:240] -   🌟 审计奖励 [300308]: 周期盈利，由中央池增拨预算 12250.78 元
2026-03-06 10:19:30,024 - INFO - [engineBacktest.py:84] - [2025-12-26] ⚡ BUY 300502 200股 @ 445.30 | 剩余现金: 1391807.90
2026-03-06 10:19:30,025 - INFO - [account.py:216] - [2025-12-29] 🏦 审计部启动 T+20 绩效清算与预算再分配...
2026-03-06 10:19:30,025 - WARNING - [account.py:230] -   🔻 审计降级 [300502]: 周期亏损，削减可用预算 70410.06 元归入中央池
2026-03-06 10:19:30,025 - INFO - [account.py:240] -   🌟 审计奖励 [300308]: 周期盈利，由中央池增拨预算 13475.85 元
2026-03-06 10:19:30,027 - INFO - [engineBacktest.py:84] - [2026-01-05] ⚡ BUY 300308 100股 @ 623.51 | 剩余现金: 1329438.20
2026-03-06 10:19:30,028 - INFO - [engineBacktest.py:84] - [2026-01-07] ⚡ BUY 300308 100股 @ 619.60 | 剩余现金: 1267459.61
2026-03-06 10:19:30,031 - INFO - [engineBacktest.py:84] - [2026-01-09] ⚡ SELL 300502 200股 @ 398.22 | 剩余现金: 1347039.89
2026-03-06 10:19:30,032 - INFO - [engineBacktest.py:84] - [2026-01-09] ⚡ SELL 300308 300股 @ 583.20 | 剩余现金: 1521859.92
2026-03-06 10:19:30,036 - INFO - [engineBacktest.py:84] - [2026-01-28] ⚡ BUY 300308 100股 @ 628.00 | 剩余现金: 1459041.08
2026-03-06 10:19:30,036 - INFO - [account.py:216] - [2026-01-28] 🏦 审计部启动 T+20 绩效清算与预算再分配...
2026-03-06 10:19:30,036 - WARNING - [account.py:230] -   🔻 审计降级 [300502]: 周期亏损，削减可用预算 72244.11 元归入中央池
2026-03-06 10:19:30,036 - WARNING - [account.py:230] -   🔻 审计降级 [300308]: 周期亏损，削减可用预算 27177.46 元归入中央池
2026-03-06 10:19:30,038 - INFO - [engineBacktest.py:84] - [2026-02-02] ⚡ SELL 300308 100股 @ 591.00 | 剩余现金: 1518093.80
2026-03-06 10:19:30,041 - INFO - [account.py:216] - [2026-03-05] 🏦 审计部启动 T+20 绩效清算与预算再分配...
2026-03-06 10:19:30,041 - WARNING - [account.py:230] -   🔻 审计降级 [300308]: 周期亏损，削减可用预算 33552.51 元归入中央池
2026-03-06 10:19:30,041 - INFO - [engineBacktest.py:116] - ==========================================
2026-03-06 10:19:30,042 - INFO - [engineBacktest.py:117] - 🕵️ 审计部期末对账报告 (Signal Reconciliation)
2026-03-06 10:19:30,042 - INFO - [engineBacktest.py:118] - ==========================================
2026-03-06 10:19:30,042 - INFO - [engineBacktest.py:135] - ✅ 对账成功 | 2024-05-22 300502 BUY 因[顺势金叉确认，首次建仓] 意向 1300股，实盘执行 1300股
2026-03-06 10:19:30,042 - INFO - [engineBacktest.py:135] - ✅ 对账成功 | 2024-06-14 300502 BUY 因[平台放量突破(空中加油)，执行第 2 次追击加仓] 意向 1000股，实盘执行 1000股
2026-03-06 10:19:30,042 - INFO - [engineBacktest.py:135] - ✅ 对账成功 | 2024-06-18 300502 BUY 因[平台放量突破(空中加油)，执行第 3 次追击加仓] 意向 1000股，实盘执行 1000股
2026-03-06 10:19:30,043 - INFO - [engineBacktest.py:135] - ✅ 对账成功 | 2024-06-27 300308 BUY 因[顺势金叉确认，首次建仓] 意向 600股，实盘执行 600股
2026-03-06 10:19:30,043 - INFO - [engineBacktest.py:135] - ✅ 对账成功 | 2024-07-09 300308 BUY 因[平台放量突破(空中加油)，执行第 2 次追击加仓] 意向 500股，实盘执行 500股
2026-03-06 10:19:30,043 - INFO - [engineBacktest.py:135] - ✅ 对账成功 | 2024-07-12 300502 BUY 因[均线缩量回踩，执行第 4 次加仓] 意向 1000股，实盘执行 1000股
2026-03-06 10:19:30,043 - INFO - [engineBacktest.py:135] - ✅ 对账成功 | 2024-07-17 300308 SELL 因[技术面破位清仓] 意向 1100股，实盘执行 1100股
2026-03-06 10:19:30,043 - INFO - [engineBacktest.py:135] - ✅ 对账成功 | 2024-07-18 300502 SELL 因[技术面破位清仓] 意向 4300股，实盘执行 4300股
2026-03-06 10:19:30,043 - INFO - [engineBacktest.py:135] - ✅ 对账成功 | 2024-10-23 300308 BUY 因[顺势金叉确认，首次建仓] 意向 400股，实盘执行 400股
2026-03-06 10:19:30,044 - INFO - [engineBacktest.py:135] - ✅ 对账成功 | 2024-10-24 601606 BUY 因[顺势金叉确认，首次建仓] 意向 7000股，实盘执行 7000股
2026-03-06 10:19:30,044 - INFO - [engineBacktest.py:135] - ✅ 对账成功 | 2024-11-08 601606 BUY 因[平台放量突破(空中加油)，执行第 2 次追击加仓] 意向 6300股，实盘执行 6300股
2026-03-06 10:19:30,044 - INFO - [engineBacktest.py:135] - ✅ 对账成功 | 2024-11-11 601606 BUY 因[平台放量突破(空中加油)，执行第 3 次追击加仓] 意向 6000股，实盘执行 6000股
2026-03-06 10:19:30,044 - INFO - [engineBacktest.py:135] - ✅ 对账成功 | 2024-11-15 300502 BUY 因[顺势金叉确认，首次建仓] 意向 700股，实盘执行 700股
2026-03-06 10:19:30,044 - INFO - [engineBacktest.py:135] - ✅ 对账成功 | 2024-11-15 300308 SELL 因[触及 10% 硬止损] 意向 400股，实盘执行 400股
2026-03-06 10:19:30,044 - INFO - [engineBacktest.py:135] - ✅ 对账成功 | 2024-11-18 601606 SELL 因[触及 10% 硬止损] 意向 19300股，实盘执行 19300股
2026-03-06 10:19:30,045 - INFO - [engineBacktest.py:135] - ✅ 对账成功 | 2024-11-25 300502 SELL 因[触及 10% 硬止损] 意向 700股，实盘执行 700股
2026-03-06 10:19:30,045 - INFO - [engineBacktest.py:135] - ✅ 对账成功 | 2024-12-04 601606 BUY 因[顺势金叉确认，首次建仓] 意向 6000股，实盘执行 6000股
2026-03-06 10:19:30,045 - INFO - [engineBacktest.py:135] - ✅ 对账成功 | 2024-12-25 601606 SELL 因[触及 10% 硬止损] 意向 6000股，实盘执行 6000股
2026-03-06 10:19:30,046 - INFO - [engineBacktest.py:135] - ✅ 对账成功 | 2025-06-03 300502 BUY 因[顺势金叉确认，首次建仓] 意向 600股，实盘执行 600股
2026-03-06 10:19:30,046 - INFO - [engineBacktest.py:135] - ✅ 对账成功 | 2025-06-05 300502 BUY 因[平台放量突破(空中加油)，执行第 2 次追击加仓] 意向 500股，实盘执行 500股
2026-03-06 10:19:30,046 - INFO - [engineBacktest.py:135] - ✅ 对账成功 | 2025-06-05 601606 BUY 因[顺势金叉确认，首次建仓] 意向 3700股，实盘执行 3700股
2026-03-06 10:19:30,046 - INFO - [engineBacktest.py:135] - ✅ 对账成功 | 2025-06-16 300502 BUY 因[平台放量突破(空中加油)，执行第 3 次追击加仓] 意向 500股，实盘执行 500股
2026-03-06 10:19:30,047 - INFO - [engineBacktest.py:135] - ✅ 对账成功 | 2025-06-18 300502 BUY 因[平台放量突破(空中加油)，执行第 4 次追击加仓] 意向 500股，实盘执行 500股
2026-03-06 10:19:30,047 - INFO - [engineBacktest.py:135] - ✅ 对账成功 | 2025-06-19 601606 BUY 因[平台放量突破(空中加油)，执行第 2 次追击加仓] 意向 2700股，实盘执行 2700股
2026-03-06 10:19:30,047 - INFO - [engineBacktest.py:135] - ✅ 对账成功 | 2025-06-20 601606 BUY 因[平台放量突破(空中加油)，执行第 3 次追击加仓] 意向 2400股，实盘执行 2400股
2026-03-06 10:19:30,047 - INFO - [engineBacktest.py:135] - ✅ 对账成功 | 2025-06-23 601606 BUY 因[平台放量突破(空中加油)，执行第 4 次追击加仓] 意向 2000股，实盘执行 2000股
2026-03-06 10:19:30,048 - INFO - [engineBacktest.py:135] - ✅ 对账成功 | 2025-07-04 601606 SELL 因[利润回撤达 10%, 半仓止盈] 意向 5400股，实盘执行 5400股
2026-03-06 10:19:30,048 - INFO - [engineBacktest.py:135] - ✅ 对账成功 | 2025-07-10 601606 SELL 因[触发最终移动止盈，全仓撤退] 意向 5400股，实盘执行 5400股
2026-03-06 10:19:30,048 - INFO - [engineBacktest.py:135] - ✅ 对账成功 | 2025-09-02 300502 SELL 因[利润回撤达 10%, 半仓止盈] 意向 1000股，实盘执行 1000股
2026-03-06 10:19:30,048 - INFO - [engineBacktest.py:135] - ✅ 对账成功 | 2025-09-04 300502 SELL 因[触发最终移动止盈，全仓撤退] 意向 1100股，实盘执行 1100股
2026-03-06 10:19:30,048 - INFO - [engineBacktest.py:135] - ✅ 对账成功 | 2025-10-24 300502 BUY 因[顺势金叉确认，首次建仓] 意向 300股，实盘执行 300股
2026-03-06 10:19:30,048 - INFO - [engineBacktest.py:135] - ✅ 对账成功 | 2025-10-27 300502 BUY 因[平台放量突破(空中加油)，执行第 2 次追击加仓] 意向 300股，实盘执行 300股
2026-03-06 10:19:30,048 - INFO - [engineBacktest.py:135] - ✅ 对账成功 | 2025-10-31 300502 SELL 因[技术面破位清仓] 意向 600股，实盘执行 600股
2026-03-06 10:19:30,049 - INFO - [engineBacktest.py:135] - ✅ 对账成功 | 2025-11-28 300308 BUY 因[顺势金叉确认，首次建仓] 意向 100股，实盘执行 100股
2026-03-06 10:19:30,049 - INFO - [engineBacktest.py:135] - ✅ 对账成功 | 2025-12-26 300502 BUY 因[顺势金叉确认，首次建仓] 意向 200股，实盘执行 200股
2026-03-06 10:19:30,049 - INFO - [engineBacktest.py:135] - ✅ 对账成功 | 2026-01-05 300308 BUY 因[均线缩量回踩，执行第 2 次加仓] 意向 100股，实盘执行 100股
2026-03-06 10:19:30,049 - INFO - [engineBacktest.py:135] - ✅ 对账成功 | 2026-01-07 300308 BUY 因[均线缩量回踩，执行第 3 次加仓] 意向 100股，实盘执行 100股
2026-03-06 10:19:30,050 - INFO - [engineBacktest.py:135] - ✅ 对账成功 | 2026-01-09 300502 SELL 因[触及 10% 硬止损] 意向 200股，实盘执行 200股
2026-03-06 10:19:30,050 - INFO - [engineBacktest.py:135] - ✅ 对账成功 | 2026-01-09 300308 SELL 因[技术面破位清仓] 意向 300股，实盘执行 300股
2026-03-06 10:19:30,050 - INFO - [engineBacktest.py:135] - ✅ 对账成功 | 2026-01-28 300308 BUY 因[顺势金叉确认，首次建仓] 意向 100股，实盘执行 100股
2026-03-06 10:19:30,050 - INFO - [engineBacktest.py:135] - ✅ 对账成功 | 2026-02-02 300308 SELL 因[技术面破位清仓] 意向 100股，实盘执行 100股
2026-03-06 10:19:30,051 - INFO - [engineBacktest.py:142] - 对账完成。意向信号: 41笔，实际成交: 41笔，废单/异常: 0笔。
2026-03-06 10:19:30,051 - INFO - [engineBacktest.py:143] - ==========================================
2026-03-06 10:19:30,051 - INFO - [engineBacktest.py:107] - 🎉 回测完美收官！共触发有效交易 41 笔。
2026-03-06 10:19:30,051 - INFO - [engineBacktest.py:108] - 📊 最终账户动态总资产: 1518093.80 元
2026-03-06 10:19:31,387 - INFO - [plotter.py:51] - 📈 账户总资产曲线图已保存至: data/charts\portfolio_equity.png
2026-03-06 10:19:32,173 - INFO - [plotter.py:175] - 📈 300502 专业 2x2 深度分析图已保存至: data/charts\Trend300502_2x2_analysis.png
2026-03-06 10:19:33,000 - INFO - [plotter.py:175] - 📈 300308 专业 2x2 深度分析图已保存至: data/charts\Trend300308_2x2_analysis.png
2026-03-06 10:19:33,807 - INFO - [plotter.py:175] - 📈 601606 专业 2x2 深度分析图已保存至: data/charts\Trend601606_2x2_analysis.png
