2026-03-06 16:01:22,557 - INFO - [para_tuning_win50pv4.py:138] - 🚀 ==================================================
2026-03-06 16:01:22,558 - INFO - [para_tuning_win50pv4.py:139] - 🚀 [MT_ALPHA] 大格局寻优引擎 v5.0 (翻倍股捕获审计)
2026-03-06 16:01:22,559 - INFO - [para_tuning_win50pv4.py:140] - 🚀 ==================================================
2026-03-06 16:01:22,599 - INFO - [cloudakpd.py:36] - ============================================================
2026-03-06 16:01:22,599 - INFO - [cloudakpd.py:37] - 📊 [DataCenter] 数据内核启动审计...
2026-03-06 16:01:22,600 - INFO - [cloudakpd.py:38] -    ▫️ 存储模式 : ☁️  云端 (PostgreSQL)
2026-03-06 16:01:22,620 - INFO - [cloudakpd.py:39] -    ▫️ 连接节点 : ep-noisy-dust-a1zv7w56-pooler.ap-southeast-1.aws.neon.tech/neondb
2026-03-06 16:01:26,141 - INFO - [cloudakpd.py:85] - 📂 字段审计完成，当前支持: volume, trade_date, amount, turnover_rate, open, symbol, high, latest_price, name, low, updated_at, is_closed
2026-03-06 16:01:26,142 - INFO - [cloudakpd.py:42] - ============================================================
2026-03-06 16:01:27,473 - INFO - [cloudakpd.py:203] - ---------------------------------------------
2026-03-06 16:01:27,474 - INFO - [cloudakpd.py:204] - 🔍 [审计] 读取成功: 2026-03-06
2026-03-06 16:01:27,474 - INFO - [cloudakpd.py:205] -    ▫️ 标的总数 : 5487 条
2026-03-06 16:01:27,475 - INFO - [cloudakpd.py:206] -    ▫️ 资金状态 : 已收盘定格
2026-03-06 16:01:27,475 - INFO - [cloudakpd.py:207] -    ▫️ 存入时间 : 2026-03-06 15:45:23.387873
2026-03-06 16:01:27,479 - INFO - [cloudakpd.py:209] - 
symbol name open  latest_price high  low     volume      amount trade_date
920000 安徽凤凰 None         18.08 None None   314741.0   5675182.0 2026-03-06
920001 纬达光电 None         19.76 None None 12871109.0 252320814.0 2026-03-06
920002 万达轴承 None         92.23 None None   402181.0  37245127.0 2026-03-06
2026-03-06 16:01:27,481 - INFO - [cloudakpd.py:210] - ---------------------------------------------
2026-03-06 16:01:27,481 - INFO - [para_tuning_win50pv4.py:148] - 📊 字段审计: ['trade_date', 'symbol', 'name', 'latest_price', 'amount', 'turnover_rate', 'volume', 'is_closed', 'updated_at', 'open', 'high', 'low']
2026-03-06 16:01:28,446 - DEBUG - [akshare_pd.py:78] - 👉 数据列名检查: ['date', 'open', 'high', 'low', 'close', 'volume', 'amount', 'outstanding_share', 'turnover']
2026-03-06 16:01:29,466 - DEBUG - [akshare_pd.py:78] - 👉 数据列名检查: ['date', 'open', 'high', 'low', 'close', 'volume', 'amount', 'outstanding_share', 'turnover']
2026-03-06 16:01:30,367 - DEBUG - [akshare_pd.py:78] - 👉 数据列名检查: ['date', 'open', 'high', 'low', 'close', 'volume', 'amount', 'outstanding_share', 'turnover']
2026-03-06 16:01:31,234 - DEBUG - [akshare_pd.py:78] - 👉 数据列名检查: ['date', 'open', 'high', 'low', 'close', 'volume', 'amount', 'outstanding_share', 'turnover']
2026-03-06 16:01:32,235 - DEBUG - [akshare_pd.py:78] - 👉 数据列名检查: ['date', 'open', 'high', 'low', 'close', 'volume', 'amount', 'outstanding_share', 'turnover']
2026-03-06 16:01:32,991 - DEBUG - [akshare_pd.py:78] - 👉 数据列名检查: ['date', 'open', 'high', 'low', 'close', 'volume', 'amount', 'outstanding_share', 'turnover']
2026-03-06 16:01:33,915 - DEBUG - [akshare_pd.py:78] - 👉 数据列名检查: ['date', 'open', 'high', 'low', 'close', 'volume', 'amount', 'outstanding_share', 'turnover']
2026-03-06 16:01:34,736 - DEBUG - [akshare_pd.py:78] - 👉 数据列名检查: ['date', 'open', 'high', 'low', 'close', 'volume', 'amount', 'outstanding_share', 'turnover']
2026-03-06 16:01:35,964 - DEBUG - [akshare_pd.py:78] - 👉 数据列名检查: ['date', 'open', 'high', 'low', 'close', 'volume', 'amount', 'outstanding_share', 'turnover']
2026-03-06 16:01:36,981 - DEBUG - [akshare_pd.py:78] - 👉 数据列名检查: ['date', 'open', 'high', 'low', 'close', 'volume', 'amount', 'outstanding_share', 'turnover']
2026-03-06 16:10:30,958 - INFO - [para_tuning_win50pv4.py:138] - 🚀 ==================================================
2026-03-06 16:10:30,960 - INFO - [para_tuning_win50pv4.py:139] - 🚀 [MT_ALPHA] 大格局寻优引擎 v5.0 (翻倍股捕获审计)
2026-03-06 16:10:30,960 - INFO - [para_tuning_win50pv4.py:140] - 🚀 ==================================================
2026-03-06 16:10:31,002 - INFO - [cloudakpd.py:36] - ============================================================
2026-03-06 16:10:31,003 - INFO - [cloudakpd.py:37] - 📊 [DataCenter] 数据内核启动审计...
2026-03-06 16:10:31,003 - INFO - [cloudakpd.py:38] -    ▫️ 存储模式 : ☁️  云端 (PostgreSQL)
2026-03-06 16:10:31,003 - INFO - [cloudakpd.py:39] -    ▫️ 连接节点 : ep-noisy-dust-a1zv7w56-pooler.ap-southeast-1.aws.neon.tech/neondb
2026-03-06 16:10:34,656 - INFO - [cloudakpd.py:85] - 📂 字段审计完成，当前支持: symbol, turnover_rate, open, is_closed, updated_at, trade_date, volume, amount, high, name, latest_price, low
2026-03-06 16:10:34,657 - INFO - [cloudakpd.py:42] - ============================================================
2026-03-06 16:10:36,207 - INFO - [cloudakpd.py:204] - ---------------------------------------------
2026-03-06 16:10:36,208 - INFO - [cloudakpd.py:205] - 🔍 [审计] 读取成功: 2026-03-06
2026-03-06 16:10:36,208 - INFO - [cloudakpd.py:206] -    ▫️ 标的总数 : 5487 条
2026-03-06 16:10:36,208 - INFO - [cloudakpd.py:207] -    ▫️ 资金状态 : 已收盘定格
2026-03-06 16:10:36,209 - INFO - [cloudakpd.py:208] -    ▫️ 存入时间 : 2026-03-06 16:08:39.651739
2026-03-06 16:10:36,213 - INFO - [cloudakpd.py:210] - 
symbol name  open  latest_price  high   low     volume      amount trade_date
920000 安徽凤凰 18.11         18.08 18.15 17.83   314741.0   5675182.0 2026-03-06
920001 纬达光电 19.30         19.76 20.66 18.85 12871109.0 252320814.0 2026-03-06
920002 万达轴承 92.00         92.23 93.49 92.00   402181.0  37245127.0 2026-03-06
2026-03-06 16:10:36,213 - INFO - [cloudakpd.py:211] - ---------------------------------------------
2026-03-06 16:10:36,213 - INFO - [para_tuning_win50pv4.py:148] - 📊 字段审计: ['trade_date', 'symbol', 'name', 'latest_price', 'amount', 'turnover_rate', 'volume', 'is_closed', 'updated_at', 'open', 'high', 'low']
2026-03-06 16:10:37,175 - DEBUG - [akshare_pd.py:78] - 👉 数据列名检查: ['date', 'open', 'high', 'low', 'close', 'volume', 'amount', 'outstanding_share', 'turnover']
2026-03-06 16:10:37,978 - DEBUG - [akshare_pd.py:78] - 👉 数据列名检查: ['date', 'open', 'high', 'low', 'close', 'volume', 'amount', 'outstanding_share', 'turnover']
2026-03-06 16:10:38,892 - DEBUG - [akshare_pd.py:78] - 👉 数据列名检查: ['date', 'open', 'high', 'low', 'close', 'volume', 'amount', 'outstanding_share', 'turnover']
2026-03-06 16:10:39,685 - DEBUG - [akshare_pd.py:78] - 👉 数据列名检查: ['date', 'open', 'high', 'low', 'close', 'volume', 'amount', 'outstanding_share', 'turnover']
2026-03-06 16:10:40,810 - DEBUG - [akshare_pd.py:78] - 👉 数据列名检查: ['date', 'open', 'high', 'low', 'close', 'volume', 'amount', 'outstanding_share', 'turnover']
2026-03-06 16:10:41,765 - DEBUG - [akshare_pd.py:78] - 👉 数据列名检查: ['date', 'open', 'high', 'low', 'close', 'volume', 'amount', 'outstanding_share', 'turnover']
2026-03-06 16:10:42,761 - DEBUG - [akshare_pd.py:78] - 👉 数据列名检查: ['date', 'open', 'high', 'low', 'close', 'volume', 'amount', 'outstanding_share', 'turnover']
2026-03-06 16:10:43,760 - DEBUG - [akshare_pd.py:78] - 👉 数据列名检查: ['date', 'open', 'high', 'low', 'close', 'volume', 'amount', 'outstanding_share', 'turnover']
2026-03-06 16:10:45,127 - DEBUG - [akshare_pd.py:78] - 👉 数据列名检查: ['date', 'open', 'high', 'low', 'close', 'volume', 'amount', 'outstanding_share', 'turnover']
2026-03-06 16:10:46,168 - DEBUG - [akshare_pd.py:78] - 👉 数据列名检查: ['date', 'open', 'high', 'low', 'close', 'volume', 'amount', 'outstanding_share', 'turnover']
2026-03-06 16:10:47,045 - DEBUG - [akshare_pd.py:78] - 👉 数据列名检查: ['date', 'open', 'high', 'low', 'close', 'volume', 'amount', 'outstanding_share', 'turnover']
2026-03-06 16:10:47,823 - DEBUG - [akshare_pd.py:78] - 👉 数据列名检查: ['date', 'open', 'high', 'low', 'close', 'volume', 'amount', 'outstanding_share', 'turnover']
2026-03-06 16:10:48,785 - DEBUG - [akshare_pd.py:78] - 👉 数据列名检查: ['date', 'open', 'high', 'low', 'close', 'volume', 'amount', 'outstanding_share', 'turnover']
2026-03-06 16:10:49,736 - DEBUG - [akshare_pd.py:78] - 👉 数据列名检查: ['date', 'open', 'high', 'low', 'close', 'volume', 'amount', 'outstanding_share', 'turnover']
2026-03-06 16:10:50,819 - DEBUG - [akshare_pd.py:78] - 👉 数据列名检查: ['date', 'open', 'high', 'low', 'close', 'volume', 'amount', 'outstanding_share', 'turnover']
2026-03-06 16:10:51,857 - DEBUG - [akshare_pd.py:78] - 👉 数据列名检查: ['date', 'open', 'high', 'low', 'close', 'volume', 'amount', 'outstanding_share', 'turnover']
2026-03-06 16:10:52,798 - DEBUG - [akshare_pd.py:78] - 👉 数据列名检查: ['date', 'open', 'high', 'low', 'close', 'volume', 'amount', 'outstanding_share', 'turnover']
2026-03-06 16:10:53,638 - DEBUG - [akshare_pd.py:78] - 👉 数据列名检查: ['date', 'open', 'high', 'low', 'close', 'volume', 'amount', 'outstanding_share', 'turnover']
2026-03-06 16:10:54,579 - DEBUG - [akshare_pd.py:78] - 👉 数据列名检查: ['date', 'open', 'high', 'low', 'close', 'volume', 'amount', 'outstanding_share', 'turnover']
2026-03-06 16:10:55,457 - DEBUG - [akshare_pd.py:78] - 👉 数据列名检查: ['date', 'open', 'high', 'low', 'close', 'volume', 'amount', 'outstanding_share', 'turnover']
2026-03-06 16:10:56,732 - DEBUG - [akshare_pd.py:78] - 👉 数据列名检查: ['date', 'open', 'high', 'low', 'close', 'volume', 'amount', 'outstanding_share', 'turnover']
2026-03-06 16:10:57,963 - DEBUG - [akshare_pd.py:78] - 👉 数据列名检查: ['date', 'open', 'high', 'low', 'close', 'volume', 'amount', 'outstanding_share', 'turnover']
2026-03-06 16:10:58,817 - DEBUG - [akshare_pd.py:78] - 👉 数据列名检查: ['date', 'open', 'high', 'low', 'close', 'volume', 'amount', 'outstanding_share', 'turnover']
2026-03-06 16:10:59,618 - DEBUG - [akshare_pd.py:78] - 👉 数据列名检查: ['date', 'open', 'high', 'low', 'close', 'volume', 'amount', 'outstanding_share', 'turnover']
2026-03-06 16:11:00,477 - DEBUG - [akshare_pd.py:78] - 👉 数据列名检查: ['date', 'open', 'high', 'low', 'close', 'volume', 'amount', 'outstanding_share', 'turnover']
2026-03-06 16:11:01,243 - DEBUG - [akshare_pd.py:78] - 👉 数据列名检查: ['date', 'open', 'high', 'low', 'close', 'volume', 'amount', 'outstanding_share', 'turnover']
2026-03-06 16:11:02,171 - DEBUG - [akshare_pd.py:78] - 👉 数据列名检查: ['date', 'open', 'high', 'low', 'close', 'volume', 'amount', 'outstanding_share', 'turnover']
2026-03-06 16:11:03,072 - DEBUG - [akshare_pd.py:78] - 👉 数据列名检查: ['date', 'open', 'high', 'low', 'close', 'volume', 'amount', 'outstanding_share', 'turnover']
2026-03-06 16:11:04,013 - DEBUG - [akshare_pd.py:78] - 👉 数据列名检查: ['date', 'open', 'high', 'low', 'close', 'volume', 'amount', 'outstanding_share', 'turnover']
2026-03-06 16:11:04,872 - DEBUG - [akshare_pd.py:78] - 👉 数据列名检查: ['date', 'open', 'high', 'low', 'close', 'volume', 'amount', 'outstanding_share', 'turnover']
2026-03-06 16:11:05,989 - DEBUG - [akshare_pd.py:78] - 👉 数据列名检查: ['date', 'open', 'high', 'low', 'close', 'volume', 'amount', 'outstanding_share', 'turnover']
2026-03-06 16:11:06,879 - DEBUG - [akshare_pd.py:78] - 👉 数据列名检查: ['date', 'open', 'high', 'low', 'close', 'volume', 'amount', 'outstanding_share', 'turnover']
2026-03-06 16:11:07,879 - DEBUG - [akshare_pd.py:78] - 👉 数据列名检查: ['date', 'open', 'high', 'low', 'close', 'volume', 'amount', 'outstanding_share', 'turnover']
2026-03-06 16:11:09,115 - DEBUG - [akshare_pd.py:78] - 👉 数据列名检查: ['date', 'open', 'high', 'low', 'close', 'volume', 'amount', 'outstanding_share', 'turnover']
2026-03-06 16:11:10,391 - DEBUG - [akshare_pd.py:78] - 👉 数据列名检查: ['date', 'open', 'high', 'low', 'close', 'volume', 'amount', 'outstanding_share', 'turnover']
2026-03-06 16:11:11,418 - DEBUG - [akshare_pd.py:78] - 👉 数据列名检查: ['date', 'open', 'high', 'low', 'close', 'volume', 'amount', 'outstanding_share', 'turnover']
2026-03-06 16:11:12,425 - DEBUG - [akshare_pd.py:78] - 👉 数据列名检查: ['date', 'open', 'high', 'low', 'close', 'volume', 'amount', 'outstanding_share', 'turnover']
2026-03-06 16:11:13,236 - DEBUG - [akshare_pd.py:78] - 👉 数据列名检查: ['date', 'open', 'high', 'low', 'close', 'volume', 'amount', 'outstanding_share', 'turnover']
2026-03-06 16:11:14,208 - DEBUG - [akshare_pd.py:78] - 👉 数据列名检查: ['date', 'open', 'high', 'low', 'close', 'volume', 'amount', 'outstanding_share', 'turnover']
2026-03-06 16:11:14,994 - DEBUG - [akshare_pd.py:78] - 👉 数据列名检查: ['date', 'open', 'high', 'low', 'close', 'volume', 'amount', 'outstanding_share', 'turnover']
2026-03-06 16:11:15,889 - DEBUG - [akshare_pd.py:78] - 👉 数据列名检查: ['date', 'open', 'high', 'low', 'close', 'volume', 'amount', 'outstanding_share', 'turnover']
2026-03-06 16:11:16,705 - DEBUG - [akshare_pd.py:78] - 👉 数据列名检查: ['date', 'open', 'high', 'low', 'close', 'volume', 'amount', 'outstanding_share', 'turnover']
2026-03-06 16:11:16,707 - INFO - [para_tuning_win50pv4.py:26] - 🧠 [寻优启动] 股票池: 21 只 | 迭代次数: 500 | MA_Long 范围: 30-150
2026-03-06 16:15:07,001 - INFO - [para_tuning_win50pv4.py:156] - 🚀 ==================================================
2026-03-06 16:15:07,002 - INFO - [para_tuning_win50pv4.py:157] - 🚀 [MT_ALPHA] 大格局寻优引擎 v5.0 (主升浪捕获审计)
2026-03-06 16:15:07,002 - INFO - [para_tuning_win50pv4.py:158] - 🚀 ==================================================
2026-03-06 16:15:07,003 - INFO - [para_tuning_win50pv4.py:24] - 🔍 [步骤1/6] 正在解析持仓文件: data/live_broker_account.json
2026-03-06 16:15:07,003 - INFO - [para_tuning_win50pv4.py:33] - ✅ JSON 加载成功: 初始现金 10,000,000.00 | 现有持仓: ['002131', '600410', '600111', '600938', '601899', '002490', '600522', '601939']
2026-03-06 16:15:07,049 - INFO - [cloudakpd.py:36] - ============================================================
2026-03-06 16:15:07,050 - INFO - [cloudakpd.py:37] - 📊 [DataCenter] 数据内核启动审计...
2026-03-06 16:15:07,050 - INFO - [cloudakpd.py:38] -    ▫️ 存储模式 : ☁️  云端 (PostgreSQL)
2026-03-06 16:15:07,051 - INFO - [cloudakpd.py:39] -    ▫️ 连接节点 : ep-noisy-dust-a1zv7w56-pooler.ap-southeast-1.aws.neon.tech/neondb
2026-03-06 16:15:09,633 - INFO - [cloudakpd.py:85] - 📂 字段审计完成，当前支持: trade_date, amount, is_closed, turnover_rate, open, high, updated_at, low, volume, symbol, name, latest_price
2026-03-06 16:15:09,633 - INFO - [cloudakpd.py:42] - ============================================================
2026-03-06 16:15:09,634 - INFO - [para_tuning_win50pv4.py:164] - 📡 [步骤2/6] 正在从云端读取快照...
2026-03-06 16:15:11,544 - INFO - [cloudakpd.py:204] - ---------------------------------------------
2026-03-06 16:15:11,544 - INFO - [cloudakpd.py:205] - 🔍 [审计] 读取成功: 2026-03-06
2026-03-06 16:15:11,544 - INFO - [cloudakpd.py:206] -    ▫️ 标的总数 : 5487 条
2026-03-06 16:15:11,545 - INFO - [cloudakpd.py:207] -    ▫️ 资金状态 : 已收盘定格
2026-03-06 16:15:11,545 - INFO - [cloudakpd.py:208] -    ▫️ 存入时间 : 2026-03-06 16:08:39.651739
2026-03-06 16:15:11,550 - INFO - [cloudakpd.py:210] - 
symbol name  open  latest_price  high   low     volume      amount trade_date
920000 安徽凤凰 18.11         18.08 18.15 17.83   314741.0   5675182.0 2026-03-06
920001 纬达光电 19.30         19.76 20.66 18.85 12871109.0 252320814.0 2026-03-06
920002 万达轴承 92.00         92.23 93.49 92.00   402181.0  37245127.0 2026-03-06
2026-03-06 16:15:11,551 - INFO - [cloudakpd.py:211] - ---------------------------------------------
2026-03-06 16:15:11,551 - INFO - [para_tuning_win50pv4.py:171] - 📊 数据库字段审计: ['trade_date', 'symbol', 'name', 'latest_price', 'amount', 'turnover_rate', 'volume', 'is_closed', 'updated_at', 'open', 'high', 'low']
2026-03-06 16:15:11,552 - INFO - [para_tuning_win50pv4.py:172] - 📊 首行数据质量校验:
{'trade_date': '2026-03-06', 'symbol': '920000', 'name': '安徽凤凰', 'latest_price': 18.08, 'amount': 5675182.0, 'turnover_rate': None, 'volume': 314741.0, 'is_closed': 1, 'updated_at': Timestamp('2026-03-06 16:08:39.651739'), 'open': 18.11, 'high': 18.15, 'low': 17.83}
2026-03-06 16:15:11,557 - INFO - [para_tuning_win50pv4.py:181] - 🎯 [步骤3/6] 寻优池锁定 (21只): 300476(胜宏科技) | 300394(天孚通信) | 600410(华胜天成) | 002384(东山精密) | 300475(香农芯创) | 000988(华工科技) | 002490(山东墨龙) | 600703(三安光电) | 600875(东方电气) | 600522(中天科技) | 300502(新易盛) | 601939(建设银行) | 601179(中国西电) | 601899(紫金矿业) | 300308(中际旭创) | 002195(岩山科技) | 600938(中国海油) | 600111(北方稀土) | 002131(利欧股份) | 000547(航天发展) | 600089(特变电工)
2026-03-06 16:15:11,557 - INFO - [para_tuning_win50pv4.py:187] - 🚚 [步骤4/6] 搬运 K 线数据进度...
2026-03-06 16:15:12,585 - DEBUG - [akshare_pd.py:78] - 👉 数据列名检查: ['date', 'open', 'high', 'low', 'close', 'volume', 'amount', 'outstanding_share', 'turnover']
2026-03-06 16:15:13,679 - DEBUG - [akshare_pd.py:78] - 👉 数据列名检查: ['date', 'open', 'high', 'low', 'close', 'volume', 'amount', 'outstanding_share', 'turnover']
2026-03-06 16:15:14,945 - DEBUG - [akshare_pd.py:78] - 👉 数据列名检查: ['date', 'open', 'high', 'low', 'close', 'volume', 'amount', 'outstanding_share', 'turnover']
2026-03-06 16:15:15,939 - DEBUG - [akshare_pd.py:78] - 👉 数据列名检查: ['date', 'open', 'high', 'low', 'close', 'volume', 'amount', 'outstanding_share', 'turnover']
2026-03-06 16:15:17,001 - DEBUG - [akshare_pd.py:78] - 👉 数据列名检查: ['date', 'open', 'high', 'low', 'close', 'volume', 'amount', 'outstanding_share', 'turnover']
2026-03-06 16:15:17,002 - INFO - [para_tuning_win50pv4.py:192] -    ▫️ 加载进度: 5/21
2026-03-06 16:15:18,584 - DEBUG - [akshare_pd.py:78] - 👉 数据列名检查: ['date', 'open', 'high', 'low', 'close', 'volume', 'amount', 'outstanding_share', 'turnover']
2026-03-06 16:15:20,025 - DEBUG - [akshare_pd.py:78] - 👉 数据列名检查: ['date', 'open', 'high', 'low', 'close', 'volume', 'amount', 'outstanding_share', 'turnover']
2026-03-06 16:15:20,984 - DEBUG - [akshare_pd.py:78] - 👉 数据列名检查: ['date', 'open', 'high', 'low', 'close', 'volume', 'amount', 'outstanding_share', 'turnover']
2026-03-06 16:15:22,372 - DEBUG - [akshare_pd.py:78] - 👉 数据列名检查: ['date', 'open', 'high', 'low', 'close', 'volume', 'amount', 'outstanding_share', 'turnover']
2026-03-06 16:15:23,418 - DEBUG - [akshare_pd.py:78] - 👉 数据列名检查: ['date', 'open', 'high', 'low', 'close', 'volume', 'amount', 'outstanding_share', 'turnover']
2026-03-06 16:15:23,420 - INFO - [para_tuning_win50pv4.py:192] -    ▫️ 加载进度: 10/21
2026-03-06 16:15:24,494 - DEBUG - [akshare_pd.py:78] - 👉 数据列名检查: ['date', 'open', 'high', 'low', 'close', 'volume', 'amount', 'outstanding_share', 'turnover']
2026-03-06 16:15:25,476 - DEBUG - [akshare_pd.py:78] - 👉 数据列名检查: ['date', 'open', 'high', 'low', 'close', 'volume', 'amount', 'outstanding_share', 'turnover']
2026-03-06 16:15:26,423 - DEBUG - [akshare_pd.py:78] - 👉 数据列名检查: ['date', 'open', 'high', 'low', 'close', 'volume', 'amount', 'outstanding_share', 'turnover']
2026-03-06 16:15:27,626 - DEBUG - [akshare_pd.py:78] - 👉 数据列名检查: ['date', 'open', 'high', 'low', 'close', 'volume', 'amount', 'outstanding_share', 'turnover']
2026-03-06 16:15:28,653 - DEBUG - [akshare_pd.py:78] - 👉 数据列名检查: ['date', 'open', 'high', 'low', 'close', 'volume', 'amount', 'outstanding_share', 'turnover']
2026-03-06 16:15:28,654 - INFO - [para_tuning_win50pv4.py:192] -    ▫️ 加载进度: 15/21
2026-03-06 16:15:29,962 - DEBUG - [akshare_pd.py:78] - 👉 数据列名检查: ['date', 'open', 'high', 'low', 'close', 'volume', 'amount', 'outstanding_share', 'turnover']
2026-03-06 16:15:31,226 - DEBUG - [akshare_pd.py:78] - 👉 数据列名检查: ['date', 'open', 'high', 'low', 'close', 'volume', 'amount', 'outstanding_share', 'turnover']
2026-03-06 16:15:32,475 - DEBUG - [akshare_pd.py:78] - 👉 数据列名检查: ['date', 'open', 'high', 'low', 'close', 'volume', 'amount', 'outstanding_share', 'turnover']
2026-03-06 16:15:33,708 - DEBUG - [akshare_pd.py:78] - 👉 数据列名检查: ['date', 'open', 'high', 'low', 'close', 'volume', 'amount', 'outstanding_share', 'turnover']
2026-03-06 16:15:34,802 - DEBUG - [akshare_pd.py:78] - 👉 数据列名检查: ['date', 'open', 'high', 'low', 'close', 'volume', 'amount', 'outstanding_share', 'turnover']
2026-03-06 16:15:34,804 - INFO - [para_tuning_win50pv4.py:192] -    ▫️ 加载进度: 20/21
2026-03-06 16:15:35,900 - DEBUG - [akshare_pd.py:78] - 👉 数据列名检查: ['date', 'open', 'high', 'low', 'close', 'volume', 'amount', 'outstanding_share', 'turnover']
2026-03-06 16:15:35,902 - INFO - [para_tuning_win50pv4.py:42] - 🧠 [步骤5/6] 启动寻优引擎 | 标的: 21 | 试验: 100 | MA_Long: 30-150
2026-03-06 16:17:46,520 - INFO - [para_tuning_win50pv4.py:200] - ✅ 寻优完成。参数已存盘，大格局审计因子已生效。
2026-03-06 16:31:20,656 - INFO - [para_tuning_win50pv4.py:136] - 🚀 ==================================================
2026-03-06 16:31:20,657 - INFO - [para_tuning_win50pv4.py:137] - 🚀 [MT_ALPHA] 大格局寻优引擎 v5.0 (主升浪捕获审计)
2026-03-06 16:31:20,657 - INFO - [para_tuning_win50pv4.py:138] - 🚀 ==================================================
2026-03-06 16:31:20,657 - INFO - [para_tuning_win50pv4.py:24] - 🔍 [步骤1/6] 正在解析持仓文件: data/live_broker_account.json
2026-03-06 16:31:20,657 - INFO - [para_tuning_win50pv4.py:33] - ✅ JSON 加载成功: 初始现金 10,000,000.00 | 现有持仓: ['002131', '600410', '600111', '600938', '601899', '002490', '600522', '601939']
2026-03-06 16:31:20,693 - INFO - [cloudakpd.py:36] - ============================================================
2026-03-06 16:31:20,693 - INFO - [cloudakpd.py:37] - 📊 [DataCenter] 数据内核启动审计...
2026-03-06 16:31:20,693 - INFO - [cloudakpd.py:38] -    ▫️ 存储模式 : ☁️  云端 (PostgreSQL)
2026-03-06 16:31:20,694 - INFO - [cloudakpd.py:39] -    ▫️ 连接节点 : ep-noisy-dust-a1zv7w56-pooler.ap-southeast-1.aws.neon.tech/neondb
2026-03-06 16:31:23,343 - INFO - [cloudakpd.py:85] - 📂 字段审计完成，当前支持: latest_price, turnover_rate, symbol, volume, high, trade_date, amount, low, name, is_closed, updated_at, open
2026-03-06 16:31:23,344 - INFO - [cloudakpd.py:42] - ============================================================
2026-03-06 16:31:23,344 - INFO - [para_tuning_win50pv4.py:144] - 📡 [步骤2/6] 正在从云端读取快照...
2026-03-06 16:31:27,164 - INFO - [cloudakpd.py:204] - ---------------------------------------------
2026-03-06 16:31:27,164 - INFO - [cloudakpd.py:205] - 🔍 [审计] 读取成功: 2026-03-06
2026-03-06 16:31:27,165 - INFO - [cloudakpd.py:206] -    ▫️ 标的总数 : 5487 条
2026-03-06 16:31:27,165 - INFO - [cloudakpd.py:207] -    ▫️ 资金状态 : 已收盘定格
2026-03-06 16:31:27,165 - INFO - [cloudakpd.py:208] -    ▫️ 存入时间 : 2026-03-06 16:08:39.651739
2026-03-06 16:31:27,169 - INFO - [cloudakpd.py:210] - 
symbol name  open  latest_price  high   low     volume      amount trade_date
920000 安徽凤凰 18.11         18.08 18.15 17.83   314741.0   5675182.0 2026-03-06
920001 纬达光电 19.30         19.76 20.66 18.85 12871109.0 252320814.0 2026-03-06
920002 万达轴承 92.00         92.23 93.49 92.00   402181.0  37245127.0 2026-03-06
2026-03-06 16:31:27,169 - INFO - [cloudakpd.py:211] - ---------------------------------------------
2026-03-06 16:31:27,169 - INFO - [para_tuning_win50pv4.py:151] - 📊 数据库字段审计: ['trade_date', 'symbol', 'name', 'latest_price', 'amount', 'turnover_rate', 'volume', 'is_closed', 'updated_at', 'open', 'high', 'low']
2026-03-06 16:31:27,169 - INFO - [para_tuning_win50pv4.py:152] - 📊 首行数据质量校验:
{'trade_date': '2026-03-06', 'symbol': '920000', 'name': '安徽凤凰', 'latest_price': 18.08, 'amount': 5675182.0, 'turnover_rate': None, 'volume': 314741.0, 'is_closed': 1, 'updated_at': Timestamp('2026-03-06 16:08:39.651739'), 'open': 18.11, 'high': 18.15, 'low': 17.83}
2026-03-06 16:31:27,173 - INFO - [para_tuning_win50pv4.py:161] - 🎯 [步骤3/6] 寻优池锁定 (21只): 601899(紫金矿业) | 600703(三安光电) | 601179(中国西电) | 000988(华工科技) | 002384(东山精密) | 002195(岩山科技) | 600522(中天科技) | 300475(香农芯创) | 600410(华胜天成) | 600938(中国海油) | 300476(胜宏科技) | 300502(新易盛) | 300308(中际旭创) | 600875(东方电气) | 600089(特变电工) | 600111(北方稀土) | 000547(航天发展) | 002490(山东墨龙) | 300394(天孚通信) | 601939(建设银行) | 002131(利欧股份)
2026-03-06 16:31:27,173 - INFO - [para_tuning_win50pv4.py:167] - 🚚 [步骤4/6] 搬运 K 线数据进度...
2026-03-06 16:31:28,128 - DEBUG - [akshare_pd.py:78] - 👉 数据列名检查: ['date', 'open', 'high', 'low', 'close', 'volume', 'amount', 'outstanding_share', 'turnover']
2026-03-06 16:31:29,164 - DEBUG - [akshare_pd.py:78] - 👉 数据列名检查: ['date', 'open', 'high', 'low', 'close', 'volume', 'amount', 'outstanding_share', 'turnover']
2026-03-06 16:31:30,140 - DEBUG - [akshare_pd.py:78] - 👉 数据列名检查: ['date', 'open', 'high', 'low', 'close', 'volume', 'amount', 'outstanding_share', 'turnover']
2026-03-06 16:31:31,136 - DEBUG - [akshare_pd.py:78] - 👉 数据列名检查: ['date', 'open', 'high', 'low', 'close', 'volume', 'amount', 'outstanding_share', 'turnover']
2026-03-06 16:31:32,103 - DEBUG - [akshare_pd.py:78] - 👉 数据列名检查: ['date', 'open', 'high', 'low', 'close', 'volume', 'amount', 'outstanding_share', 'turnover']
2026-03-06 16:31:32,107 - INFO - [para_tuning_win50pv4.py:172] -    ▫️ 加载进度: 5/21
2026-03-06 16:31:33,167 - DEBUG - [akshare_pd.py:78] - 👉 数据列名检查: ['date', 'open', 'high', 'low', 'close', 'volume', 'amount', 'outstanding_share', 'turnover']
2026-03-06 16:31:34,215 - DEBUG - [akshare_pd.py:78] - 👉 数据列名检查: ['date', 'open', 'high', 'low', 'close', 'volume', 'amount', 'outstanding_share', 'turnover']
2026-03-06 16:31:35,182 - DEBUG - [akshare_pd.py:78] - 👉 数据列名检查: ['date', 'open', 'high', 'low', 'close', 'volume', 'amount', 'outstanding_share', 'turnover']
2026-03-06 16:31:36,177 - DEBUG - [akshare_pd.py:78] - 👉 数据列名检查: ['date', 'open', 'high', 'low', 'close', 'volume', 'amount', 'outstanding_share', 'turnover']
2026-03-06 16:31:37,554 - DEBUG - [akshare_pd.py:78] - 👉 数据列名检查: ['date', 'open', 'high', 'low', 'close', 'volume', 'amount', 'outstanding_share', 'turnover']
2026-03-06 16:31:37,555 - INFO - [para_tuning_win50pv4.py:172] -    ▫️ 加载进度: 10/21
2026-03-06 16:31:39,034 - DEBUG - [akshare_pd.py:78] - 👉 数据列名检查: ['date', 'open', 'high', 'low', 'close', 'volume', 'amount', 'outstanding_share', 'turnover']
2026-03-06 16:31:40,489 - DEBUG - [akshare_pd.py:78] - 👉 数据列名检查: ['date', 'open', 'high', 'low', 'close', 'volume', 'amount', 'outstanding_share', 'turnover']
2026-03-06 16:31:41,627 - DEBUG - [akshare_pd.py:78] - 👉 数据列名检查: ['date', 'open', 'high', 'low', 'close', 'volume', 'amount', 'outstanding_share', 'turnover']
2026-03-06 16:31:42,723 - DEBUG - [akshare_pd.py:78] - 👉 数据列名检查: ['date', 'open', 'high', 'low', 'close', 'volume', 'amount', 'outstanding_share', 'turnover']
2026-03-06 16:31:43,706 - DEBUG - [akshare_pd.py:78] - 👉 数据列名检查: ['date', 'open', 'high', 'low', 'close', 'volume', 'amount', 'outstanding_share', 'turnover']
2026-03-06 16:31:43,708 - INFO - [para_tuning_win50pv4.py:172] -    ▫️ 加载进度: 15/21
2026-03-06 16:31:44,748 - DEBUG - [akshare_pd.py:78] - 👉 数据列名检查: ['date', 'open', 'high', 'low', 'close', 'volume', 'amount', 'outstanding_share', 'turnover']
2026-03-06 16:31:45,729 - DEBUG - [akshare_pd.py:78] - 👉 数据列名检查: ['date', 'open', 'high', 'low', 'close', 'volume', 'amount', 'outstanding_share', 'turnover']
2026-03-06 16:31:46,667 - DEBUG - [akshare_pd.py:78] - 👉 数据列名检查: ['date', 'open', 'high', 'low', 'close', 'volume', 'amount', 'outstanding_share', 'turnover']
2026-03-06 16:31:47,567 - DEBUG - [akshare_pd.py:78] - 👉 数据列名检查: ['date', 'open', 'high', 'low', 'close', 'volume', 'amount', 'outstanding_share', 'turnover']
2026-03-06 16:31:48,579 - DEBUG - [akshare_pd.py:78] - 👉 数据列名检查: ['date', 'open', 'high', 'low', 'close', 'volume', 'amount', 'outstanding_share', 'turnover']
2026-03-06 16:31:48,581 - INFO - [para_tuning_win50pv4.py:172] -    ▫️ 加载进度: 20/21
2026-03-06 16:31:49,647 - DEBUG - [akshare_pd.py:78] - 👉 数据列名检查: ['date', 'open', 'high', 'low', 'close', 'volume', 'amount', 'outstanding_share', 'turnover']
2026-03-06 16:31:49,648 - INFO - [para_tuning_win50pv4.py:44] - 🧠 [寻优启动] 标的数: 21 | 周期: 30-150 | 目标: 捕获翻倍行情
2026-03-06 16:37:04,842 - INFO - [para_tuning_win50pv4.py:146] - 🚀 ==================================================
2026-03-06 16:37:04,842 - INFO - [para_tuning_win50pv4.py:147] - 🚀 [MT_ALPHA] 大格局寻优引擎 v5.1 (修正解包错误)
2026-03-06 16:37:04,842 - INFO - [para_tuning_win50pv4.py:148] - 🚀 ==================================================
2026-03-06 16:39:33,100 - INFO - [para_tuning_win50pv4.py:170] - 🚀 ==================================================
2026-03-06 16:39:33,100 - INFO - [para_tuning_win50pv4.py:171] - 🚀 [MT_ALPHA] 大格局寻优引擎 v5.1 (修正完整版)
2026-03-06 16:39:33,100 - INFO - [para_tuning_win50pv4.py:172] - 🚀 ==================================================
2026-03-06 16:39:33,101 - INFO - [para_tuning_win50pv4.py:26] - 🔍 [步骤1/6] 正在解析持仓文件: data/live_broker_account.json
2026-03-06 16:39:33,101 - INFO - [para_tuning_win50pv4.py:41] - ✅ JSON 加载成功: 初始现金 10,000,000.00 | 现有持仓: ['002131', '600410', '600111', '600938', '601899', '002490', '600522', '601939']
2026-03-06 16:39:33,145 - INFO - [cloudakpd.py:36] - ============================================================
2026-03-06 16:39:33,145 - INFO - [cloudakpd.py:37] - 📊 [DataCenter] 数据内核启动审计...
2026-03-06 16:39:33,145 - INFO - [cloudakpd.py:38] -    ▫️ 存储模式 : ☁️  云端 (PostgreSQL)
2026-03-06 16:39:33,145 - INFO - [cloudakpd.py:39] -    ▫️ 连接节点 : ep-noisy-dust-a1zv7w56-pooler.ap-southeast-1.aws.neon.tech/neondb
2026-03-06 16:39:36,629 - INFO - [cloudakpd.py:85] - 📂 字段审计完成，当前支持: turnover_rate, open, low, is_closed, symbol, name, latest_price, trade_date, high, updated_at, amount, volume
2026-03-06 16:39:36,629 - INFO - [cloudakpd.py:42] - ============================================================
2026-03-06 16:39:38,439 - INFO - [cloudakpd.py:204] - ---------------------------------------------
2026-03-06 16:39:38,440 - INFO - [cloudakpd.py:205] - 🔍 [审计] 读取成功: 2026-03-06
2026-03-06 16:39:38,440 - INFO - [cloudakpd.py:206] -    ▫️ 标的总数 : 5487 条
2026-03-06 16:39:38,440 - INFO - [cloudakpd.py:207] -    ▫️ 资金状态 : 已收盘定格
2026-03-06 16:39:38,441 - INFO - [cloudakpd.py:208] -    ▫️ 存入时间 : 2026-03-06 16:08:39.651739
2026-03-06 16:39:38,445 - INFO - [cloudakpd.py:210] - 
symbol name  open  latest_price  high   low     volume      amount trade_date
920000 安徽凤凰 18.11         18.08 18.15 17.83   314741.0   5675182.0 2026-03-06
920001 纬达光电 19.30         19.76 20.66 18.85 12871109.0 252320814.0 2026-03-06
920002 万达轴承 92.00         92.23 93.49 92.00   402181.0  37245127.0 2026-03-06
2026-03-06 16:39:38,445 - INFO - [cloudakpd.py:211] - ---------------------------------------------
2026-03-06 16:39:38,446 - INFO - [para_tuning_win50pv4.py:185] - 📊 数据库列名审计: ['trade_date', 'symbol', 'name', 'latest_price', 'amount', 'turnover_rate', 'volume', 'is_closed', 'updated_at', 'open', 'high', 'low']
2026-03-06 16:39:38,446 - INFO - [para_tuning_win50pv4.py:186] - 📊 首行数据质量审计: {'trade_date': '2026-03-06', 'symbol': '920000', 'name': '安徽凤凰', 'latest_price': 18.08, 'amount': 5675182.0, 'turnover_rate': None, 'volume': 314741.0, 'is_closed': 1, 'updated_at': Timestamp('2026-03-06 16:08:39.651739'), 'open': 18.11, 'high': 18.15, 'low': 17.83}
2026-03-06 16:39:38,450 - INFO - [para_tuning_win50pv4.py:195] - 🎯 最终寻优池锁定 (21只): 600875(东方电气) | 002131(利欧股份) | 300502(新易盛) | 600522(中天科技) | 601899(紫金矿业) | 601179(中国西电) | 300476(胜宏科技) | 300394(天孚通信) | 002195(岩山科技) | 000547(航天发展) | 002490(山东墨龙) | 601939(建设银行) | 000988(华工科技) | 002384(东山精密) | 600089(特变电工) | 688525(佰维存储) | 300475(香农芯创) | 600938(中国海油) | 600410(华胜天成) | 600111(北方稀土) | 300308(中际旭创)
2026-03-06 16:39:39,767 - DEBUG - [akshare_pd.py:78] - 👉 数据列名检查: ['date', 'open', 'high', 'low', 'close', 'volume', 'amount', 'outstanding_share', 'turnover']
2026-03-06 16:39:41,076 - DEBUG - [akshare_pd.py:78] - 👉 数据列名检查: ['date', 'open', 'high', 'low', 'close', 'volume', 'amount', 'outstanding_share', 'turnover']
2026-03-06 16:39:42,445 - DEBUG - [akshare_pd.py:78] - 👉 数据列名检查: ['date', 'open', 'high', 'low', 'close', 'volume', 'amount', 'outstanding_share', 'turnover']
2026-03-06 16:39:43,899 - DEBUG - [akshare_pd.py:78] - 👉 数据列名检查: ['date', 'open', 'high', 'low', 'close', 'volume', 'amount', 'outstanding_share', 'turnover']
2026-03-06 16:39:45,054 - DEBUG - [akshare_pd.py:78] - 👉 数据列名检查: ['date', 'open', 'high', 'low', 'close', 'volume', 'amount', 'outstanding_share', 'turnover']
2026-03-06 16:39:45,056 - INFO - [para_tuning_win50pv4.py:205] - 🚚 搬运进度: 5/21
2026-03-06 16:39:46,085 - DEBUG - [akshare_pd.py:78] - 👉 数据列名检查: ['date', 'open', 'high', 'low', 'close', 'volume', 'amount', 'outstanding_share', 'turnover']
2026-03-06 16:39:47,251 - DEBUG - [akshare_pd.py:78] - 👉 数据列名检查: ['date', 'open', 'high', 'low', 'close', 'volume', 'amount', 'outstanding_share', 'turnover']
2026-03-06 16:39:48,170 - DEBUG - [akshare_pd.py:78] - 👉 数据列名检查: ['date', 'open', 'high', 'low', 'close', 'volume', 'amount', 'outstanding_share', 'turnover']
2026-03-06 16:39:49,086 - DEBUG - [akshare_pd.py:78] - 👉 数据列名检查: ['date', 'open', 'high', 'low', 'close', 'volume', 'amount', 'outstanding_share', 'turnover']
2026-03-06 16:39:50,117 - DEBUG - [akshare_pd.py:78] - 👉 数据列名检查: ['date', 'open', 'high', 'low', 'close', 'volume', 'amount', 'outstanding_share', 'turnover']
2026-03-06 16:39:50,119 - INFO - [para_tuning_win50pv4.py:205] - 🚚 搬运进度: 10/21
2026-03-06 16:39:51,234 - DEBUG - [akshare_pd.py:78] - 👉 数据列名检查: ['date', 'open', 'high', 'low', 'close', 'volume', 'amount', 'outstanding_share', 'turnover']
2026-03-06 16:39:52,381 - DEBUG - [akshare_pd.py:78] - 👉 数据列名检查: ['date', 'open', 'high', 'low', 'close', 'volume', 'amount', 'outstanding_share', 'turnover']
2026-03-06 16:39:53,499 - DEBUG - [akshare_pd.py:78] - 👉 数据列名检查: ['date', 'open', 'high', 'low', 'close', 'volume', 'amount', 'outstanding_share', 'turnover']
2026-03-06 16:39:54,504 - DEBUG - [akshare_pd.py:78] - 👉 数据列名检查: ['date', 'open', 'high', 'low', 'close', 'volume', 'amount', 'outstanding_share', 'turnover']
2026-03-06 16:39:55,898 - DEBUG - [akshare_pd.py:78] - 👉 数据列名检查: ['date', 'open', 'high', 'low', 'close', 'volume', 'amount', 'outstanding_share', 'turnover']
2026-03-06 16:39:55,900 - INFO - [para_tuning_win50pv4.py:205] - 🚚 搬运进度: 15/21
2026-03-06 16:39:57,007 - DEBUG - [akshare_pd.py:78] - 👉 数据列名检查: ['date', 'open', 'high', 'low', 'close', 'volume', 'amount', 'outstanding_share', 'turnover']
2026-03-06 16:39:58,063 - DEBUG - [akshare_pd.py:78] - 👉 数据列名检查: ['date', 'open', 'high', 'low', 'close', 'volume', 'amount', 'outstanding_share', 'turnover']
2026-03-06 16:39:58,956 - DEBUG - [akshare_pd.py:78] - 👉 数据列名检查: ['date', 'open', 'high', 'low', 'close', 'volume', 'amount', 'outstanding_share', 'turnover']
2026-03-06 16:40:00,064 - DEBUG - [akshare_pd.py:78] - 👉 数据列名检查: ['date', 'open', 'high', 'low', 'close', 'volume', 'amount', 'outstanding_share', 'turnover']
2026-03-06 16:40:01,124 - DEBUG - [akshare_pd.py:78] - 👉 数据列名检查: ['date', 'open', 'high', 'low', 'close', 'volume', 'amount', 'outstanding_share', 'turnover']
2026-03-06 16:40:01,125 - INFO - [para_tuning_win50pv4.py:205] - 🚚 搬运进度: 20/21
2026-03-06 16:40:02,155 - DEBUG - [akshare_pd.py:78] - 👉 数据列名检查: ['date', 'open', 'high', 'low', 'close', 'volume', 'amount', 'outstanding_share', 'turnover']
2026-03-06 16:40:02,156 - INFO - [para_tuning_win50pv4.py:52] - 🧠 [步骤5/6] 启动寻优引擎 | 标的: 21 | 试验: 100 | MA_Long: 30-150
2026-03-06 16:43:09,687 - INFO - [para_tuning_win50pv4.py:213] - 📈 寻优任务圆满完成，正在生成最终业绩报表...
2026-03-06 16:43:10,792 - INFO - [plotter.py:51] - 📈 账户总资产曲线图已保存至: data/charts\portfolio_equity.png
2026-03-06 16:43:12,243 - INFO - [plotter.py:175] - 📈 600875 专业 2x2 深度分析图已保存至: data/charts\AI_BigPicture_Final600875_2x2_analysis.png
2026-03-06 16:43:13,538 - INFO - [plotter.py:175] - 📈 002131 专业 2x2 深度分析图已保存至: data/charts\AI_BigPicture_Final002131_2x2_analysis.png
2026-03-06 16:43:14,946 - INFO - [plotter.py:175] - 📈 300502 专业 2x2 深度分析图已保存至: data/charts\AI_BigPicture_Final300502_2x2_analysis.png
2026-03-06 16:43:16,778 - INFO - [plotter.py:175] - 📈 600522 专业 2x2 深度分析图已保存至: data/charts\AI_BigPicture_Final600522_2x2_analysis.png
2026-03-06 16:43:18,350 - INFO - [plotter.py:175] - 📈 601899 专业 2x2 深度分析图已保存至: data/charts\AI_BigPicture_Final601899_2x2_analysis.png
2026-03-06 16:43:19,941 - INFO - [plotter.py:175] - 📈 601179 专业 2x2 深度分析图已保存至: data/charts\AI_BigPicture_Final601179_2x2_analysis.png
2026-03-06 16:43:21,565 - INFO - [plotter.py:175] - 📈 300476 专业 2x2 深度分析图已保存至: data/charts\AI_BigPicture_Final300476_2x2_analysis.png
2026-03-06 16:43:23,248 - INFO - [plotter.py:175] - 📈 300394 专业 2x2 深度分析图已保存至: data/charts\AI_BigPicture_Final300394_2x2_analysis.png
2026-03-06 16:43:24,893 - INFO - [plotter.py:175] - 📈 002195 专业 2x2 深度分析图已保存至: data/charts\AI_BigPicture_Final002195_2x2_analysis.png
2026-03-06 16:43:26,557 - INFO - [plotter.py:175] - 📈 000547 专业 2x2 深度分析图已保存至: data/charts\AI_BigPicture_Final000547_2x2_analysis.png
2026-03-06 16:43:28,159 - INFO - [plotter.py:175] - 📈 002490 专业 2x2 深度分析图已保存至: data/charts\AI_BigPicture_Final002490_2x2_analysis.png
2026-03-06 16:43:29,901 - INFO - [plotter.py:175] - 📈 601939 专业 2x2 深度分析图已保存至: data/charts\AI_BigPicture_Final601939_2x2_analysis.png
2026-03-06 16:43:31,720 - INFO - [plotter.py:175] - 📈 000988 专业 2x2 深度分析图已保存至: data/charts\AI_BigPicture_Final000988_2x2_analysis.png
2026-03-06 16:43:33,498 - INFO - [plotter.py:175] - 📈 002384 专业 2x2 深度分析图已保存至: data/charts\AI_BigPicture_Final002384_2x2_analysis.png
2026-03-06 16:43:35,250 - INFO - [plotter.py:175] - 📈 600089 专业 2x2 深度分析图已保存至: data/charts\AI_BigPicture_Final600089_2x2_analysis.png
2026-03-06 16:43:36,859 - INFO - [plotter.py:175] - 📈 688525 专业 2x2 深度分析图已保存至: data/charts\AI_BigPicture_Final688525_2x2_analysis.png
2026-03-06 16:43:38,508 - INFO - [plotter.py:175] - 📈 300475 专业 2x2 深度分析图已保存至: data/charts\AI_BigPicture_Final300475_2x2_analysis.png
2026-03-06 16:43:39,889 - INFO - [plotter.py:175] - 📈 600938 专业 2x2 深度分析图已保存至: data/charts\AI_BigPicture_Final600938_2x2_analysis.png
2026-03-06 16:43:41,406 - INFO - [plotter.py:175] - 📈 600410 专业 2x2 深度分析图已保存至: data/charts\AI_BigPicture_Final600410_2x2_analysis.png
2026-03-06 16:43:42,920 - INFO - [plotter.py:175] - 📈 600111 专业 2x2 深度分析图已保存至: data/charts\AI_BigPicture_Final600111_2x2_analysis.png
2026-03-06 16:43:44,458 - INFO - [plotter.py:175] - 📈 300308 专业 2x2 深度分析图已保存至: data/charts\AI_BigPicture_Final300308_2x2_analysis.png
2026-03-06 16:43:44,459 - INFO - [para_tuning_win50pv4.py:216] - 🎉 [任务结束] 最优参数已就位，大格局审计通过。
