2026-03-06 14:17:55,723 - WARNING - [para_tuning_win50pv2.py:23] - ⚠️ 未找到持仓文件: data/boss_portfolio.json，将只使用市场活跃票。
2026-03-06 14:17:55,762 - INFO - [cloudakpd.py:40] - ============================================================
2026-03-06 14:17:55,763 - INFO - [cloudakpd.py:41] - 📊 [DataCenter] 数据内核启动审计...
2026-03-06 14:17:55,763 - INFO - [cloudakpd.py:42] -    ▫️ 存储模式 : ☁️  云端 (PostgreSQL)
2026-03-06 14:17:55,763 - INFO - [cloudakpd.py:43] -    ▫️ 连接节点 : ep-noisy-dust-a1zv7w56-pooler.ap-southeast-1.aws.neon.tech/neondb
2026-03-06 14:18:00,225 - INFO - [cloudakpd.py:82] - 📂 字段审计完成，当前库结构正常。
2026-03-06 14:18:00,227 - INFO - [cloudakpd.py:46] - ============================================================
2026-03-06 14:18:00,227 - INFO - [para_tuning_win50pv2.py:57] - 📡 正在从云端读取最新市场全貌...
2026-03-06 14:18:01,597 - INFO - [cloudakpd.py:234] - ---------------------------------------------
2026-03-06 14:18:01,597 - INFO - [cloudakpd.py:235] - 🔍 [审计] 读取成功: 2026-03-06
2026-03-06 14:18:01,597 - INFO - [cloudakpd.py:236] -    ▫️ 标的总数 : 5487 条
2026-03-06 14:18:01,598 - INFO - [cloudakpd.py:237] -    ▫️ 资金状态 : 盘中实时
2026-03-06 14:18:01,598 - INFO - [cloudakpd.py:238] -    ▫️ 存入时间 : 2026-03-06 13:30:24.421662
2026-03-06 14:18:01,600 - INFO - [cloudakpd.py:240] -    ▫️ 样本 : symbol name  latest_price
920000 安徽凤凰         18.07
920001 纬达光电         19.73
920002 万达轴承         92.56
2026-03-06 14:18:01,601 - INFO - [cloudakpd.py:241] - ---------------------------------------------
2026-03-06 14:18:01,605 - INFO - [para_tuning_win50pv2.py:72] - 🎯 最终寻优股票池 (15只): ['600089(特变电工)', '300475(香农芯创)', '002506(协鑫集成)', '600875(东方电气)', '601179(中国西电)', '002195(岩山科技)', '601899(紫金矿业)', '000988(华工科技)', '300502(新易盛)', '600703(三安光电)', '300476(胜宏科技)', '002384(东山精密)', '000547(航天发展)', '300308(中际旭创)', '300394(天孚通信)']
2026-03-06 14:18:02,686 - DEBUG - [akshare_pd.py:78] - 👉 数据列名检查: ['date', 'open', 'high', 'low', 'close', 'volume', 'amount', 'outstanding_share', 'turnover']
2026-03-06 14:18:03,667 - DEBUG - [akshare_pd.py:78] - 👉 数据列名检查: ['date', 'open', 'high', 'low', 'close', 'volume', 'amount', 'outstanding_share', 'turnover']
2026-03-06 14:18:04,738 - DEBUG - [akshare_pd.py:78] - 👉 数据列名检查: ['date', 'open', 'high', 'low', 'close', 'volume', 'amount', 'outstanding_share', 'turnover']
2026-03-06 14:18:05,735 - DEBUG - [akshare_pd.py:78] - 👉 数据列名检查: ['date', 'open', 'high', 'low', 'close', 'volume', 'amount', 'outstanding_share', 'turnover']
2026-03-06 14:18:06,618 - DEBUG - [akshare_pd.py:78] - 👉 数据列名检查: ['date', 'open', 'high', 'low', 'close', 'volume', 'amount', 'outstanding_share', 'turnover']
2026-03-06 14:18:07,945 - DEBUG - [akshare_pd.py:78] - 👉 数据列名检查: ['date', 'open', 'high', 'low', 'close', 'volume', 'amount', 'outstanding_share', 'turnover']
2026-03-06 14:18:08,909 - DEBUG - [akshare_pd.py:78] - 👉 数据列名检查: ['date', 'open', 'high', 'low', 'close', 'volume', 'amount', 'outstanding_share', 'turnover']
2026-03-06 14:18:10,109 - DEBUG - [akshare_pd.py:78] - 👉 数据列名检查: ['date', 'open', 'high', 'low', 'close', 'volume', 'amount', 'outstanding_share', 'turnover']
2026-03-06 14:21:03,268 - INFO - [para_tuning_win50pv2.py:125] - 🚀 ==================================================
2026-03-06 14:21:03,268 - INFO - [para_tuning_win50pv2.py:126] - 🚀 [MT_ALPHA] 高胜率 AI 寻优引擎 (JSON持仓对齐版)
2026-03-06 14:21:03,269 - INFO - [para_tuning_win50pv2.py:127] - 🚀 ==================================================
2026-03-06 14:21:03,269 - INFO - [para_tuning_win50pv2.py:26] - 🔍 正在解析持仓文件: data/boss_portfolio.json
2026-03-06 14:21:03,269 - WARNING - [para_tuning_win50pv2.py:28] - ⚠️ 未找到 data/boss_portfolio.json，将仅使用市场活跃票。
2026-03-06 14:21:03,306 - INFO - [cloudakpd.py:40] - ============================================================
2026-03-06 14:21:03,307 - INFO - [cloudakpd.py:41] - 📊 [DataCenter] 数据内核启动审计...
2026-03-06 14:21:03,307 - INFO - [cloudakpd.py:42] -    ▫️ 存储模式 : ☁️  云端 (PostgreSQL)
2026-03-06 14:21:03,307 - INFO - [cloudakpd.py:43] -    ▫️ 连接节点 : ep-noisy-dust-a1zv7w56-pooler.ap-southeast-1.aws.neon.tech/neondb
2026-03-06 14:21:05,981 - INFO - [cloudakpd.py:82] - 📂 字段审计完成，当前库结构正常。
2026-03-06 14:21:05,982 - INFO - [cloudakpd.py:46] - ============================================================
2026-03-06 14:21:05,982 - INFO - [para_tuning_win50pv2.py:134] - 📡 正在从云端读取最新全市场快照...
2026-03-06 14:22:14,057 - INFO - [para_tuning_win50pv2.py:125] - 🚀 ==================================================
2026-03-06 14:22:14,058 - INFO - [para_tuning_win50pv2.py:126] - 🚀 [MT_ALPHA] 高胜率 AI 寻优引擎 (JSON持仓对齐版)
2026-03-06 14:22:14,058 - INFO - [para_tuning_win50pv2.py:127] - 🚀 ==================================================
2026-03-06 14:22:14,058 - INFO - [para_tuning_win50pv2.py:26] - 🔍 正在解析持仓文件: data/live_broker_account.json
2026-03-06 14:22:14,060 - INFO - [para_tuning_win50pv2.py:41] - ✅ JSON 解析成功: 现金储备 10,000,000.00 | 持仓代码: ['002131', '600410', '600111', '600938', '601899', '002490', '600522', '601939']
2026-03-06 14:22:14,093 - INFO - [cloudakpd.py:40] - ============================================================
2026-03-06 14:22:14,094 - INFO - [cloudakpd.py:41] - 📊 [DataCenter] 数据内核启动审计...
2026-03-06 14:22:14,094 - INFO - [cloudakpd.py:42] -    ▫️ 存储模式 : ☁️  云端 (PostgreSQL)
2026-03-06 14:22:14,094 - INFO - [cloudakpd.py:43] -    ▫️ 连接节点 : ep-noisy-dust-a1zv7w56-pooler.ap-southeast-1.aws.neon.tech/neondb
2026-03-06 14:22:16,903 - INFO - [cloudakpd.py:82] - 📂 字段审计完成，当前库结构正常。
2026-03-06 14:22:16,903 - INFO - [cloudakpd.py:46] - ============================================================
2026-03-06 14:22:16,904 - INFO - [para_tuning_win50pv2.py:134] - 📡 正在从云端读取最新全市场快照...
2026-03-06 14:22:18,574 - INFO - [cloudakpd.py:234] - ---------------------------------------------
2026-03-06 14:22:18,574 - INFO - [cloudakpd.py:235] - 🔍 [审计] 读取成功: 2026-03-06
2026-03-06 14:22:18,574 - INFO - [cloudakpd.py:236] -    ▫️ 标的总数 : 5487 条
2026-03-06 14:22:18,575 - INFO - [cloudakpd.py:237] -    ▫️ 资金状态 : 盘中实时
2026-03-06 14:22:18,575 - INFO - [cloudakpd.py:238] -    ▫️ 存入时间 : 2026-03-06 13:30:24.421662
2026-03-06 14:22:18,578 - INFO - [cloudakpd.py:240] -    ▫️ 样本 : symbol name  latest_price
920000 安徽凤凰         18.07
920001 纬达光电         19.73
920002 万达轴承         92.56
2026-03-06 14:22:18,578 - INFO - [cloudakpd.py:241] - ---------------------------------------------
2026-03-06 14:22:18,583 - INFO - [para_tuning_win50pv2.py:152] - 🎯 最终寻优池已锁定 (22只): 601179(中国西电) | 002506(协鑫集成) | 000547(航天发展) | 000988(华工科技) | 002195(岩山科技) | 600111(北方稀土) | 002131(利欧股份) | 600938(中国海油) | 600875(东方电气) | 300476(胜宏科技) | 600410(华胜天成) | 300502(新易盛) | 600703(三安光电) | 002490(山东墨龙) | 300308(中际旭创) | 300394(天孚通信) | 300475(香农芯创) | 600522(中天科技) | 601939(建设银行) | 600089(特变电工) | 601899(紫金矿业) | 002384(东山精密)
2026-03-06 14:22:18,583 - INFO - [para_tuning_win50pv2.py:155] - 🚚 正在通过 AkShareProvider 搬运历史 K 线...
2026-03-06 14:22:19,992 - DEBUG - [akshare_pd.py:78] - 👉 数据列名检查: ['date', 'open', 'high', 'low', 'close', 'volume', 'amount', 'outstanding_share', 'turnover']
2026-03-06 14:23:44,465 - INFO - [para_tuning_win50pv2.py:121] - 🚀 ==================================================
2026-03-06 14:23:44,466 - INFO - [para_tuning_win50pv2.py:122] - 🚀 [MT_ALPHA] 高胜率 AI 寻优引擎 (JSON持仓对齐版)
2026-03-06 14:23:44,466 - INFO - [para_tuning_win50pv2.py:123] - 🚀 ==================================================
2026-03-06 14:23:44,466 - INFO - [para_tuning_win50pv2.py:24] - 🔍 正在解析持仓文件: data/live_broker_account.json
2026-03-06 14:23:44,467 - INFO - [para_tuning_win50pv2.py:39] - ✅ JSON 解析成功: 现金储备 10,000,000.00 | 持仓代码: ['002131', '600410', '600111', '600938', '601899', '002490', '600522', '601939']
2026-03-06 14:23:44,509 - INFO - [cloudakpd.py:40] - ============================================================
2026-03-06 14:23:44,509 - INFO - [cloudakpd.py:41] - 📊 [DataCenter] 数据内核启动审计...
2026-03-06 14:23:44,509 - INFO - [cloudakpd.py:42] -    ▫️ 存储模式 : ☁️  云端 (PostgreSQL)
2026-03-06 14:23:44,510 - INFO - [cloudakpd.py:43] -    ▫️ 连接节点 : ep-noisy-dust-a1zv7w56-pooler.ap-southeast-1.aws.neon.tech/neondb
2026-03-06 14:23:48,311 - INFO - [cloudakpd.py:82] - 📂 字段审计完成，当前库结构正常。
2026-03-06 14:23:48,311 - INFO - [cloudakpd.py:46] - ============================================================
2026-03-06 14:23:48,312 - INFO - [para_tuning_win50pv2.py:130] - 📡 正在从云端读取最新全市场快照以锁定活跃标的...
2026-03-06 14:23:50,740 - INFO - [cloudakpd.py:234] - ---------------------------------------------
2026-03-06 14:23:50,740 - INFO - [cloudakpd.py:235] - 🔍 [审计] 读取成功: 2026-03-06
2026-03-06 14:23:50,741 - INFO - [cloudakpd.py:236] -    ▫️ 标的总数 : 5487 条
2026-03-06 14:23:50,741 - INFO - [cloudakpd.py:237] -    ▫️ 资金状态 : 盘中实时
2026-03-06 14:23:50,741 - INFO - [cloudakpd.py:238] -    ▫️ 存入时间 : 2026-03-06 13:30:24.421662
2026-03-06 14:23:50,744 - INFO - [cloudakpd.py:240] -    ▫️ 样本 : symbol name  latest_price
920000 安徽凤凰         18.07
920001 纬达光电         19.73
920002 万达轴承         92.56
2026-03-06 14:23:50,744 - INFO - [cloudakpd.py:241] - ---------------------------------------------
2026-03-06 14:23:50,747 - INFO - [para_tuning_win50pv2.py:148] - 🎯 最终寻优池锁定 (22只): 002490(山东墨龙) | 601179(中国西电) | 300475(香农芯创) | 000547(航天发展) | 002131(利欧股份) | 600111(北方稀土) | 601939(建设银行) | 300394(天孚通信) | 000988(华工科技) | 002384(东山精密) | 600089(特变电工) | 600938(中国海油) | 600875(东方电气) | 002195(岩山科技) | 600522(中天科技) | 002506(协鑫集成) | 600410(华胜天成) | 601899(紫金矿业) | 300502(新易盛) | 300308(中际旭创) | 600703(三安光电) | 300476(胜宏科技)
2026-03-06 14:23:50,748 - INFO - [para_tuning_win50pv2.py:151] - 🚚 正在启动数据搬运机 (AkShareProvider)...
2026-03-06 14:23:51,632 - DEBUG - [akshare_pd.py:78] - 👉 数据列名检查: ['date', 'open', 'high', 'low', 'close', 'volume', 'amount', 'outstanding_share', 'turnover']
2026-03-06 14:23:52,454 - DEBUG - [akshare_pd.py:78] - 👉 数据列名检查: ['date', 'open', 'high', 'low', 'close', 'volume', 'amount', 'outstanding_share', 'turnover']
2026-03-06 14:23:53,347 - DEBUG - [akshare_pd.py:78] - 👉 数据列名检查: ['date', 'open', 'high', 'low', 'close', 'volume', 'amount', 'outstanding_share', 'turnover']
2026-03-06 14:23:54,387 - DEBUG - [akshare_pd.py:78] - 👉 数据列名检查: ['date', 'open', 'high', 'low', 'close', 'volume', 'amount', 'outstanding_share', 'turnover']
2026-03-06 14:23:55,362 - DEBUG - [akshare_pd.py:78] - 👉 数据列名检查: ['date', 'open', 'high', 'low', 'close', 'volume', 'amount', 'outstanding_share', 'turnover']
2026-03-06 14:23:55,363 - INFO - [para_tuning_win50pv2.py:162] -    ▫️ 进度: 已加载 5/22 只标的数据...
2026-03-06 14:23:56,293 - DEBUG - [akshare_pd.py:78] - 👉 数据列名检查: ['date', 'open', 'high', 'low', 'close', 'volume', 'amount', 'outstanding_share', 'turnover']
2026-03-06 14:23:57,274 - DEBUG - [akshare_pd.py:78] - 👉 数据列名检查: ['date', 'open', 'high', 'low', 'close', 'volume', 'amount', 'outstanding_share', 'turnover']
2026-03-06 14:23:58,211 - DEBUG - [akshare_pd.py:78] - 👉 数据列名检查: ['date', 'open', 'high', 'low', 'close', 'volume', 'amount', 'outstanding_share', 'turnover']
2026-03-06 14:23:59,256 - DEBUG - [akshare_pd.py:78] - 👉 数据列名检查: ['date', 'open', 'high', 'low', 'close', 'volume', 'amount', 'outstanding_share', 'turnover']
2026-03-06 14:24:00,585 - DEBUG - [akshare_pd.py:78] - 👉 数据列名检查: ['date', 'open', 'high', 'low', 'close', 'volume', 'amount', 'outstanding_share', 'turnover']
2026-03-06 14:24:00,586 - INFO - [para_tuning_win50pv2.py:162] -    ▫️ 进度: 已加载 10/22 只标的数据...
2026-03-06 14:24:02,121 - DEBUG - [akshare_pd.py:78] - 👉 数据列名检查: ['date', 'open', 'high', 'low', 'close', 'volume', 'amount', 'outstanding_share', 'turnover']
2026-03-06 14:24:03,128 - DEBUG - [akshare_pd.py:78] - 👉 数据列名检查: ['date', 'open', 'high', 'low', 'close', 'volume', 'amount', 'outstanding_share', 'turnover']
2026-03-06 14:24:04,244 - DEBUG - [akshare_pd.py:78] - 👉 数据列名检查: ['date', 'open', 'high', 'low', 'close', 'volume', 'amount', 'outstanding_share', 'turnover']
2026-03-06 14:24:05,153 - DEBUG - [akshare_pd.py:78] - 👉 数据列名检查: ['date', 'open', 'high', 'low', 'close', 'volume', 'amount', 'outstanding_share', 'turnover']
2026-03-06 14:24:06,312 - DEBUG - [akshare_pd.py:78] - 👉 数据列名检查: ['date', 'open', 'high', 'low', 'close', 'volume', 'amount', 'outstanding_share', 'turnover']
2026-03-06 14:24:06,314 - INFO - [para_tuning_win50pv2.py:162] -    ▫️ 进度: 已加载 15/22 只标的数据...
2026-03-06 14:24:07,249 - DEBUG - [akshare_pd.py:78] - 👉 数据列名检查: ['date', 'open', 'high', 'low', 'close', 'volume', 'amount', 'outstanding_share', 'turnover']
2026-03-06 14:24:08,173 - DEBUG - [akshare_pd.py:78] - 👉 数据列名检查: ['date', 'open', 'high', 'low', 'close', 'volume', 'amount', 'outstanding_share', 'turnover']
2026-03-06 14:24:09,062 - DEBUG - [akshare_pd.py:78] - 👉 数据列名检查: ['date', 'open', 'high', 'low', 'close', 'volume', 'amount', 'outstanding_share', 'turnover']
2026-03-06 14:24:09,986 - DEBUG - [akshare_pd.py:78] - 👉 数据列名检查: ['date', 'open', 'high', 'low', 'close', 'volume', 'amount', 'outstanding_share', 'turnover']
2026-03-06 14:24:10,882 - DEBUG - [akshare_pd.py:78] - 👉 数据列名检查: ['date', 'open', 'high', 'low', 'close', 'volume', 'amount', 'outstanding_share', 'turnover']
2026-03-06 14:24:10,883 - INFO - [para_tuning_win50pv2.py:162] -    ▫️ 进度: 已加载 20/22 只标的数据...
2026-03-06 14:24:11,913 - DEBUG - [akshare_pd.py:78] - 👉 数据列名检查: ['date', 'open', 'high', 'low', 'close', 'volume', 'amount', 'outstanding_share', 'turnover']
2026-03-06 14:24:13,529 - DEBUG - [akshare_pd.py:78] - 👉 数据列名检查: ['date', 'open', 'high', 'low', 'close', 'volume', 'amount', 'outstanding_share', 'turnover']
2026-03-06 14:24:13,530 - INFO - [para_tuning_win50pv2.py:170] - ✅ 数据搬运完成，共加载 22 只标的 K 线。
2026-03-06 14:24:13,530 - INFO - [para_tuning_win50pv2.py:48] - 🧠 寻优引擎启动: 样本总数 22 只 | 预设试验 500 次
2026-03-06 14:24:13,531 - INFO - [para_tuning_win50pv2.py:49] - 🎯 核心目标: 强行压榨胜率至 50% 以上，不达标则评分呈指数级塌陷。
2026-03-06 14:37:07,783 - INFO - [para_tuning_win50pv2.py:179] - ==================================================
2026-03-06 14:37:07,784 - INFO - [para_tuning_win50pv2.py:180] - 🏆 [寻优结果] 找到一组符合胜率预期的最优参数:
2026-03-06 14:37:07,784 - INFO - [para_tuning_win50pv2.py:182] -    👉 ma_short            : 10
2026-03-06 14:37:07,784 - INFO - [para_tuning_win50pv2.py:182] -    👉 ma_mid              : 25
2026-03-06 14:37:07,785 - INFO - [para_tuning_win50pv2.py:182] -    👉 ma_long             : 110
2026-03-06 14:37:07,785 - INFO - [para_tuning_win50pv2.py:182] -    👉 bias_entry_limit    : 1.1600000000000001
2026-03-06 14:37:07,785 - INFO - [para_tuning_win50pv2.py:182] -    👉 stop_loss_pct       : 0.08
2026-03-06 14:37:07,786 - INFO - [para_tuning_win50pv2.py:182] -    👉 trailing_stop_pct   : 0.11
2026-03-06 14:37:07,786 - INFO - [para_tuning_win50pv2.py:182] -    👉 profit_tier1        : 0.4
2026-03-06 14:37:07,786 - INFO - [para_tuning_win50pv2.py:182] -    👉 unit_size           : 0.33
2026-03-06 14:37:07,786 - INFO - [para_tuning_win50pv2.py:183] - --------------------------------------------------
2026-03-06 14:37:07,786 - INFO - [para_tuning_win50pv2.py:184] - 🎯 战果统计: 胜率 55.1% | 夏普 2.31
2026-03-06 14:37:07,786 - INFO - [para_tuning_win50pv2.py:185] - 📈 绩效追踪: 累计收益 48.71% | 最大回撤 4.38%
2026-03-06 14:37:07,786 - INFO - [para_tuning_win50pv2.py:186] - ==================================================
2026-03-06 14:37:08,453 - INFO - [plotter.py:51] - 📈 账户总资产曲线图已保存至: data/charts\portfolio_equity.png
2026-03-06 14:37:09,275 - INFO - [plotter.py:175] - 📈 002490 专业 2x2 深度分析图已保存至: data/charts\AI_WinRate_Final002490_2x2_analysis.png
2026-03-06 14:37:10,066 - INFO - [plotter.py:175] - 📈 601179 专业 2x2 深度分析图已保存至: data/charts\AI_WinRate_Final601179_2x2_analysis.png
2026-03-06 14:37:10,916 - INFO - [plotter.py:175] - 📈 300475 专业 2x2 深度分析图已保存至: data/charts\AI_WinRate_Final300475_2x2_analysis.png
2026-03-06 14:37:11,763 - INFO - [plotter.py:175] - 📈 000547 专业 2x2 深度分析图已保存至: data/charts\AI_WinRate_Final000547_2x2_analysis.png
2026-03-06 14:37:12,515 - INFO - [plotter.py:175] - 📈 002131 专业 2x2 深度分析图已保存至: data/charts\AI_WinRate_Final002131_2x2_analysis.png
2026-03-06 14:37:13,391 - INFO - [plotter.py:175] - 📈 600111 专业 2x2 深度分析图已保存至: data/charts\AI_WinRate_Final600111_2x2_analysis.png
2026-03-06 14:37:14,237 - INFO - [plotter.py:175] - 📈 601939 专业 2x2 深度分析图已保存至: data/charts\AI_WinRate_Final601939_2x2_analysis.png
2026-03-06 14:37:14,966 - INFO - [plotter.py:175] - 📈 300394 专业 2x2 深度分析图已保存至: data/charts\AI_WinRate_Final300394_2x2_analysis.png
2026-03-06 14:37:15,722 - INFO - [plotter.py:175] - 📈 000988 专业 2x2 深度分析图已保存至: data/charts\AI_WinRate_Final000988_2x2_analysis.png
2026-03-06 14:37:16,740 - INFO - [plotter.py:175] - 📈 002384 专业 2x2 深度分析图已保存至: data/charts\AI_WinRate_Final002384_2x2_analysis.png
2026-03-06 14:37:17,539 - INFO - [plotter.py:175] - 📈 600089 专业 2x2 深度分析图已保存至: data/charts\AI_WinRate_Final600089_2x2_analysis.png
2026-03-06 14:37:18,294 - INFO - [plotter.py:175] - 📈 600938 专业 2x2 深度分析图已保存至: data/charts\AI_WinRate_Final600938_2x2_analysis.png
2026-03-06 14:37:19,121 - INFO - [plotter.py:175] - 📈 600875 专业 2x2 深度分析图已保存至: data/charts\AI_WinRate_Final600875_2x2_analysis.png
2026-03-06 14:37:19,973 - INFO - [plotter.py:175] - 📈 002195 专业 2x2 深度分析图已保存至: data/charts\AI_WinRate_Final002195_2x2_analysis.png
2026-03-06 14:37:20,842 - INFO - [plotter.py:175] - 📈 600522 专业 2x2 深度分析图已保存至: data/charts\AI_WinRate_Final600522_2x2_analysis.png
2026-03-06 14:37:21,592 - INFO - [plotter.py:175] - 📈 002506 专业 2x2 深度分析图已保存至: data/charts\AI_WinRate_Final002506_2x2_analysis.png
2026-03-06 14:37:22,335 - INFO - [plotter.py:175] - 📈 600410 专业 2x2 深度分析图已保存至: data/charts\AI_WinRate_Final600410_2x2_analysis.png
2026-03-06 14:37:23,317 - INFO - [plotter.py:175] - 📈 601899 专业 2x2 深度分析图已保存至: data/charts\AI_WinRate_Final601899_2x2_analysis.png
2026-03-06 14:37:24,379 - INFO - [plotter.py:175] - 📈 300502 专业 2x2 深度分析图已保存至: data/charts\AI_WinRate_Final300502_2x2_analysis.png
2026-03-06 14:37:25,216 - INFO - [plotter.py:175] - 📈 300308 专业 2x2 深度分析图已保存至: data/charts\AI_WinRate_Final300308_2x2_analysis.png
2026-03-06 14:37:26,026 - INFO - [plotter.py:175] - 📈 600703 专业 2x2 深度分析图已保存至: data/charts\AI_WinRate_Final600703_2x2_analysis.png
2026-03-06 14:37:26,844 - INFO - [plotter.py:175] - 📈 300476 专业 2x2 深度分析图已保存至: data/charts\AI_WinRate_Final300476_2x2_analysis.png
