2026-03-06 13:58:32,274 - INFO - [cloudakpd.py:40] - ============================================================
2026-03-06 13:58:32,274 - INFO - [cloudakpd.py:41] - 📊 [DataCenter] 数据内核启动审计...
2026-03-06 13:58:32,274 - INFO - [cloudakpd.py:42] -    ▫️ 存储模式 : ☁️  云端 (PostgreSQL)
2026-03-06 13:58:32,274 - INFO - [cloudakpd.py:43] -    ▫️ 连接节点 : ep-noisy-dust-a1zv7w56-pooler.ap-southeast-1.aws.neon.tech/neondb
2026-03-06 13:58:35,845 - INFO - [cloudakpd.py:82] - 📂 字段审计完成，当前库结构正常。
2026-03-06 13:58:35,845 - INFO - [cloudakpd.py:46] - ============================================================
2026-03-06 13:58:35,845 - INFO - [para_tuning_win50p.py:98] - 📡 正在从云端读取最新市场全貌...
2026-03-06 13:58:37,669 - INFO - [cloudakpd.py:234] - ---------------------------------------------
2026-03-06 13:58:37,669 - INFO - [cloudakpd.py:235] - 🔍 [审计] 读取成功: 2026-03-06
2026-03-06 13:58:37,670 - INFO - [cloudakpd.py:236] -    ▫️ 标的总数 : 5487 条
2026-03-06 13:58:37,670 - INFO - [cloudakpd.py:237] -    ▫️ 资金状态 : 盘中实时
2026-03-06 13:58:37,670 - INFO - [cloudakpd.py:238] -    ▫️ 存入时间 : 2026-03-06 13:30:24.421662
2026-03-06 13:58:37,673 - INFO - [cloudakpd.py:240] -    ▫️ 样本 : symbol name  latest_price
920000 安徽凤凰         18.07
920001 纬达光电         19.73
920002 万达轴承         92.56
2026-03-06 13:58:37,673 - INFO - [cloudakpd.py:241] - ---------------------------------------------
2026-03-06 13:58:37,700 - INFO - [para_tuning_win50p.py:110] - 🎯 已锁定活跃标的: ['300502', '000988', '600089', '000547', '300308', '601179', '300394', '002195', '601899', '600875', '300475', '002384', '600703', '300476', '002506']
2026-03-06 14:10:43,294 - INFO - [cloudakpd.py:40] - ============================================================
2026-03-06 14:10:43,294 - INFO - [cloudakpd.py:41] - 📊 [DataCenter] 数据内核启动审计...
2026-03-06 14:10:43,295 - INFO - [cloudakpd.py:42] -    ▫️ 存储模式 : ☁️  云端 (PostgreSQL)
2026-03-06 14:10:43,295 - INFO - [cloudakpd.py:43] -    ▫️ 连接节点 : ep-noisy-dust-a1zv7w56-pooler.ap-southeast-1.aws.neon.tech/neondb
2026-03-06 14:10:47,347 - INFO - [cloudakpd.py:82] - 📂 字段审计完成，当前库结构正常。
2026-03-06 14:10:47,347 - INFO - [cloudakpd.py:46] - ============================================================
2026-03-06 14:10:47,348 - INFO - [para_tuning_win50p.py:99] - 📡 正在从云端读取最新市场全貌...
2026-03-06 14:10:48,699 - INFO - [cloudakpd.py:234] - ---------------------------------------------
2026-03-06 14:10:48,699 - INFO - [cloudakpd.py:235] - 🔍 [审计] 读取成功: 2026-03-06
2026-03-06 14:10:48,699 - INFO - [cloudakpd.py:236] -    ▫️ 标的总数 : 5487 条
2026-03-06 14:10:48,699 - INFO - [cloudakpd.py:237] -    ▫️ 资金状态 : 盘中实时
2026-03-06 14:10:48,700 - INFO - [cloudakpd.py:238] -    ▫️ 存入时间 : 2026-03-06 13:30:24.421662
2026-03-06 14:10:48,703 - INFO - [cloudakpd.py:240] -    ▫️ 样本 : symbol name  latest_price
920000 安徽凤凰         18.07
920001 纬达光电         19.73
920002 万达轴承         92.56
2026-03-06 14:10:48,703 - INFO - [cloudakpd.py:241] - ---------------------------------------------
2026-03-06 14:10:48,707 - INFO - [para_tuning_win50p.py:114] - 🎯 已锁定活跃标的: ['300502(新易盛)', '000988(华工科技)', '600089(特变电工)', '000547(航天发展)', '300308(中际旭创)', '601179(中国西电)', '300394(天孚通信)', '002195(岩山科技)', '601899(紫金矿业)', '600875(东方电气)', '300475(香农芯创)', '002384(东山精密)', '600703(三安光电)', '300476(胜宏科技)', '002506(协鑫集成)']
2026-03-06 14:10:49,682 - DEBUG - [akshare_pd.py:78] - 👉 数据列名检查: ['date', 'open', 'high', 'low', 'close', 'volume', 'amount', 'outstanding_share', 'turnover']
2026-03-06 14:10:50,724 - DEBUG - [akshare_pd.py:78] - 👉 数据列名检查: ['date', 'open', 'high', 'low', 'close', 'volume', 'amount', 'outstanding_share', 'turnover']
2026-03-06 14:10:51,697 - DEBUG - [akshare_pd.py:78] - 👉 数据列名检查: ['date', 'open', 'high', 'low', 'close', 'volume', 'amount', 'outstanding_share', 'turnover']
2026-03-06 14:10:52,685 - DEBUG - [akshare_pd.py:78] - 👉 数据列名检查: ['date', 'open', 'high', 'low', 'close', 'volume', 'amount', 'outstanding_share', 'turnover']
2026-03-06 14:10:53,628 - DEBUG - [akshare_pd.py:78] - 👉 数据列名检查: ['date', 'open', 'high', 'low', 'close', 'volume', 'amount', 'outstanding_share', 'turnover']
2026-03-06 14:10:54,568 - DEBUG - [akshare_pd.py:78] - 👉 数据列名检查: ['date', 'open', 'high', 'low', 'close', 'volume', 'amount', 'outstanding_share', 'turnover']
2026-03-06 14:10:55,479 - DEBUG - [akshare_pd.py:78] - 👉 数据列名检查: ['date', 'open', 'high', 'low', 'close', 'volume', 'amount', 'outstanding_share', 'turnover']
2026-03-06 14:10:56,404 - DEBUG - [akshare_pd.py:78] - 👉 数据列名检查: ['date', 'open', 'high', 'low', 'close', 'volume', 'amount', 'outstanding_share', 'turnover']
2026-03-06 14:10:57,288 - DEBUG - [akshare_pd.py:78] - 👉 数据列名检查: ['date', 'open', 'high', 'low', 'close', 'volume', 'amount', 'outstanding_share', 'turnover']
2026-03-06 14:10:58,332 - DEBUG - [akshare_pd.py:78] - 👉 数据列名检查: ['date', 'open', 'high', 'low', 'close', 'volume', 'amount', 'outstanding_share', 'turnover']
2026-03-06 14:10:59,287 - DEBUG - [akshare_pd.py:78] - 👉 数据列名检查: ['date', 'open', 'high', 'low', 'close', 'volume', 'amount', 'outstanding_share', 'turnover']
2026-03-06 14:11:00,554 - DEBUG - [akshare_pd.py:78] - 👉 数据列名检查: ['date', 'open', 'high', 'low', 'close', 'volume', 'amount', 'outstanding_share', 'turnover']
2026-03-06 14:11:01,531 - DEBUG - [akshare_pd.py:78] - 👉 数据列名检查: ['date', 'open', 'high', 'low', 'close', 'volume', 'amount', 'outstanding_share', 'turnover']
2026-03-06 14:11:02,528 - DEBUG - [akshare_pd.py:78] - 👉 数据列名检查: ['date', 'open', 'high', 'low', 'close', 'volume', 'amount', 'outstanding_share', 'turnover']
2026-03-06 14:11:03,413 - DEBUG - [akshare_pd.py:78] - 👉 数据列名检查: ['date', 'open', 'high', 'low', 'close', 'volume', 'amount', 'outstanding_share', 'turnover']
2026-03-06 14:11:03,414 - INFO - [para_tuning_win50p.py:24] - 🧠 AI 开始【多股联合盘】寻优，目标：强行拉升胜率至 50% 以上！
