2026-03-06 17:27:59,542 - INFO - [cloudakpd.py:36] - ============================================================
2026-03-06 17:27:59,542 - INFO - [cloudakpd.py:37] - 📊 [DataCenter] 数据内核启动审计...
2026-03-06 17:27:59,543 - INFO - [cloudakpd.py:38] -    ▫️ 存储模式 : ☁️  云端 (PostgreSQL)
2026-03-06 17:27:59,543 - INFO - [cloudakpd.py:39] -    ▫️ 连接节点 : ep-noisy-dust-a1zv7w56-pooler.ap-southeast-1.aws.neon.tech/neondb
2026-03-06 17:28:02,854 - INFO - [cloudakpd.py:85] - 📂 字段审计完成，当前支持: latest_price, volume, is_closed, open, trade_date, updated_at, name, turnover_rate, symbol, low, high, amount
2026-03-06 17:28:02,856 - INFO - [cloudakpd.py:42] - ============================================================
2026-03-06 17:28:04,363 - INFO - [cloudakpd.py:204] - ---------------------------------------------
2026-03-06 17:28:04,364 - INFO - [cloudakpd.py:205] - 🔍 [审计] 读取成功: 2026-03-06
2026-03-06 17:28:04,364 - INFO - [cloudakpd.py:206] -    ▫️ 标的总数 : 5487 条
2026-03-06 17:28:04,365 - INFO - [cloudakpd.py:207] -    ▫️ 资金状态 : 已收盘定格
2026-03-06 17:28:04,365 - INFO - [cloudakpd.py:208] -    ▫️ 存入时间 : 2026-03-06 16:08:39.651739
2026-03-06 17:28:04,369 - INFO - [cloudakpd.py:210] - 
symbol name  open  latest_price  high   low     volume      amount trade_date
920000 安徽凤凰 18.11         18.08 18.15 17.83   314741.0   5675182.0 2026-03-06
920001 纬达光电 19.30         19.76 20.66 18.85 12871109.0 252320814.0 2026-03-06
920002 万达轴承 92.00         92.23 93.49 92.00   402181.0  37245127.0 2026-03-06
2026-03-06 17:28:04,389 - INFO - [cloudakpd.py:211] - ---------------------------------------------
2026-03-06 17:28:04,390 - INFO - [universe.py:40] - ✅ [UniverseManager] 云端全量快照加载成功，当前监控 5487 只标的。
2026-03-06 17:28:04,392 - INFO - [ledger.py:171] - ✅ 账本同步完成：已根据云端快照补全所有持仓明细。
2026-03-06 17:42:18,834 - INFO - [cloudakpd.py:36] - ============================================================
2026-03-06 17:42:18,834 - INFO - [cloudakpd.py:37] - 📊 [DataCenter] 数据内核启动审计...
2026-03-06 17:42:18,835 - INFO - [cloudakpd.py:38] -    ▫️ 存储模式 : ☁️  云端 (PostgreSQL)
2026-03-06 17:42:18,835 - INFO - [cloudakpd.py:39] -    ▫️ 连接节点 : ep-noisy-dust-a1zv7w56-pooler.ap-southeast-1.aws.neon.tech/neondb
2026-03-06 17:42:21,842 - INFO - [cloudakpd.py:85] - 📂 字段审计完成，当前支持: latest_price, volume, is_closed, open, trade_date, updated_at, name, turnover_rate, symbol, low, high, amount
2026-03-06 17:42:21,844 - INFO - [cloudakpd.py:42] - ============================================================
2026-03-06 17:42:24,593 - INFO - [cloudakpd.py:204] - ---------------------------------------------
2026-03-06 17:42:24,594 - INFO - [cloudakpd.py:205] - 🔍 [审计] 读取成功: 2026-03-06
2026-03-06 17:42:24,594 - INFO - [cloudakpd.py:206] -    ▫️ 标的总数 : 5487 条
2026-03-06 17:42:24,595 - INFO - [cloudakpd.py:207] -    ▫️ 资金状态 : 已收盘定格
2026-03-06 17:42:24,596 - INFO - [cloudakpd.py:208] -    ▫️ 存入时间 : 2026-03-06 16:08:39.651739
2026-03-06 17:42:24,600 - INFO - [cloudakpd.py:210] - 
symbol name  open  latest_price  high   low     volume      amount trade_date
920000 安徽凤凰 18.11         18.08 18.15 17.83   314741.0   5675182.0 2026-03-06
920001 纬达光电 19.30         19.76 20.66 18.85 12871109.0 252320814.0 2026-03-06
920002 万达轴承 92.00         92.23 93.49 92.00   402181.0  37245127.0 2026-03-06
2026-03-06 17:42:24,601 - INFO - [cloudakpd.py:211] - ---------------------------------------------
2026-03-06 17:42:24,602 - INFO - [universe.py:40] - ✅ [UniverseManager] 云端全量快照加载成功，当前监控 5487 只标的。
2026-03-06 17:42:24,605 - INFO - [ledger.py:171] - ✅ 账本同步完成：已根据云端快照补全所有持仓明细。
