2026-03-09 14:53:21,965 - INFO - [cloudakpd.py:36] - ============================================================
2026-03-09 14:53:21,966 - INFO - [cloudakpd.py:37] - 📊 [DataCenter] 数据内核启动审计...
2026-03-09 14:53:21,967 - INFO - [cloudakpd.py:38] -    ▫️ 存储模式 : ☁️  云端 (PostgreSQL)
2026-03-09 14:53:21,968 - INFO - [cloudakpd.py:39] -    ▫️ 连接节点 : ep-noisy-dust-a1zv7w56-pooler.ap-southeast-1.aws.neon.tech/neondb
2026-03-09 14:53:25,950 - INFO - [cloudakpd.py:85] - 📂 字段审计完成，当前支持: high, open, name, latest_price, volume, symbol, updated_at, trade_date, turnover_rate, is_closed, low, amount
2026-03-09 14:53:25,950 - INFO - [cloudakpd.py:42] - ============================================================
2026-03-09 14:53:27,573 - INFO - [cloudakpd.py:204] - ---------------------------------------------
2026-03-09 14:53:27,574 - INFO - [cloudakpd.py:205] - 🔍 [审计] 读取成功: 2026-03-09
2026-03-09 14:53:27,574 - INFO - [cloudakpd.py:206] -    ▫️ 标的总数 : 5488 条
2026-03-09 14:53:27,575 - INFO - [cloudakpd.py:207] -    ▫️ 资金状态 : 盘中实时
2026-03-09 14:53:27,575 - INFO - [cloudakpd.py:208] -    ▫️ 存入时间 : 2026-03-09 14:27:24.990293
2026-03-09 14:53:27,579 - INFO - [cloudakpd.py:210] - 
symbol name  open  latest_price  high   low    volume      amount trade_date
920000 安徽凤凰 17.87         17.68 18.05 17.32  573289.0  10071377.0 2026-03-09
920001 纬达光电 18.38         19.62 19.99 18.31 6951678.0 132862568.0 2026-03-09
920002 万达轴承 91.66         90.55 91.66 89.55  581957.0  52641375.0 2026-03-09
2026-03-09 14:53:27,579 - INFO - [cloudakpd.py:211] - ---------------------------------------------
2026-03-09 14:53:27,580 - INFO - [universe.py:40] - ✅ [UniverseManager] 云端全量快照加载成功，当前监控 5488 只标的。
2026-03-09 17:37:15,928 - INFO - [cloudakpd.py:36] - ============================================================
2026-03-09 17:37:15,929 - INFO - [cloudakpd.py:37] - 📊 [DataCenter] 数据内核启动审计...
2026-03-09 17:37:15,930 - INFO - [cloudakpd.py:38] -    ▫️ 存储模式 : ☁️  云端 (PostgreSQL)
2026-03-09 17:37:15,930 - INFO - [cloudakpd.py:39] -    ▫️ 连接节点 : ep-noisy-dust-a1zv7w56-pooler.ap-southeast-1.aws.neon.tech/neondb
2026-03-09 17:37:17,386 - INFO - [cloudakpd.py:36] - ============================================================
2026-03-09 17:37:17,389 - INFO - [cloudakpd.py:37] - 📊 [DataCenter] 数据内核启动审计...
2026-03-09 17:37:17,389 - INFO - [cloudakpd.py:38] -    ▫️ 存储模式 : ☁️  云端 (PostgreSQL)
2026-03-09 17:37:17,390 - INFO - [cloudakpd.py:39] -    ▫️ 连接节点 : ep-noisy-dust-a1zv7w56-pooler.ap-southeast-1.aws.neon.tech/neondb
2026-03-09 17:37:18,574 - INFO - [cloudakpd.py:85] - 📂 字段审计完成，当前支持: turnover_rate, latest_price, volume, amount, open, high, low, name, trade_date, is_closed, symbol, updated_at
2026-03-09 17:37:18,575 - INFO - [cloudakpd.py:42] - ============================================================
2026-03-09 17:37:18,739 - INFO - [cloudakpd.py:36] - ============================================================
2026-03-09 17:37:18,740 - INFO - [cloudakpd.py:37] - 📊 [DataCenter] 数据内核启动审计...
2026-03-09 17:37:18,741 - INFO - [cloudakpd.py:38] -    ▫️ 存储模式 : ☁️  云端 (PostgreSQL)
2026-03-09 17:37:18,741 - INFO - [cloudakpd.py:39] -    ▫️ 连接节点 : ep-noisy-dust-a1zv7w56-pooler.ap-southeast-1.aws.neon.tech/neondb
2026-03-09 17:37:20,030 - INFO - [cloudakpd.py:204] - ---------------------------------------------
2026-03-09 17:37:20,031 - INFO - [cloudakpd.py:205] - 🔍 [审计] 读取成功: 2026-03-09
2026-03-09 17:37:20,032 - INFO - [cloudakpd.py:206] -    ▫️ 标的总数 : 5488 条
2026-03-09 17:37:20,032 - INFO - [cloudakpd.py:207] -    ▫️ 资金状态 : 已收盘定格
2026-03-09 17:37:20,033 - INFO - [cloudakpd.py:208] -    ▫️ 存入时间 : 2026-03-09 15:39:11.082223
2026-03-09 17:37:20,037 - INFO - [cloudakpd.py:210] - 
symbol name  open  latest_price  high   low    volume      amount trade_date
920000 安徽凤凰 17.87         17.69 18.05 17.32  668568.0  11753054.0 2026-03-09
920001 纬达光电 18.38         19.90 19.99 18.31 8253589.0 158526777.0 2026-03-09
920002 万达轴承 91.66         90.50 91.66 89.55  633481.0  57306050.0 2026-03-09
2026-03-09 17:37:20,038 - INFO - [cloudakpd.py:211] - ---------------------------------------------
2026-03-09 17:37:20,039 - INFO - [universe.py:40] - ✅ [UniverseManager] 云端全量快照加载成功，当前监控 5488 只标的。
2026-03-09 17:37:20,041 - INFO - [ledger.py:171] - ✅ 账本同步完成：已根据云端快照补全所有持仓明细。
2026-03-09 17:37:20,760 - INFO - [cloudakpd.py:85] - 📂 字段审计完成，当前支持: turnover_rate, latest_price, volume, amount, open, high, low, name, trade_date, is_closed, symbol, updated_at
2026-03-09 17:37:20,777 - INFO - [cloudakpd.py:42] - ============================================================
2026-03-09 17:37:21,928 - INFO - [cloudakpd.py:85] - 📂 字段审计完成，当前支持: turnover_rate, latest_price, volume, amount, open, high, low, name, trade_date, is_closed, symbol, updated_at
2026-03-09 17:37:21,928 - INFO - [cloudakpd.py:42] - ============================================================
2026-03-09 17:37:23,877 - INFO - [cloudakpd.py:204] - ---------------------------------------------
2026-03-09 17:37:23,878 - INFO - [cloudakpd.py:205] - 🔍 [审计] 读取成功: 2026-03-09
2026-03-09 17:37:23,878 - INFO - [cloudakpd.py:206] -    ▫️ 标的总数 : 5488 条
2026-03-09 17:37:23,879 - INFO - [cloudakpd.py:207] -    ▫️ 资金状态 : 已收盘定格
2026-03-09 17:37:23,879 - INFO - [cloudakpd.py:208] -    ▫️ 存入时间 : 2026-03-09 15:39:11.082223
2026-03-09 17:37:23,883 - INFO - [cloudakpd.py:210] - 
symbol name  open  latest_price  high   low    volume      amount trade_date
920000 安徽凤凰 17.87         17.69 18.05 17.32  668568.0  11753054.0 2026-03-09
920001 纬达光电 18.38         19.90 19.99 18.31 8253589.0 158526777.0 2026-03-09
920002 万达轴承 91.66         90.50 91.66 89.55  633481.0  57306050.0 2026-03-09
2026-03-09 17:37:23,884 - INFO - [cloudakpd.py:211] - ---------------------------------------------
2026-03-09 17:37:23,884 - INFO - [universe.py:40] - ✅ [UniverseManager] 云端全量快照加载成功，当前监控 5488 只标的。
2026-03-09 17:37:23,886 - INFO - [ledger.py:171] - ✅ 账本同步完成：已根据云端快照补全所有持仓明细。
2026-03-09 17:37:24,948 - INFO - [cloudakpd.py:204] - ---------------------------------------------
2026-03-09 17:37:24,948 - INFO - [cloudakpd.py:205] - 🔍 [审计] 读取成功: 2026-03-09
2026-03-09 17:37:24,949 - INFO - [cloudakpd.py:206] -    ▫️ 标的总数 : 5488 条
2026-03-09 17:37:24,950 - INFO - [cloudakpd.py:207] -    ▫️ 资金状态 : 已收盘定格
2026-03-09 17:37:24,951 - INFO - [cloudakpd.py:208] -    ▫️ 存入时间 : 2026-03-09 15:39:11.082223
2026-03-09 17:37:24,957 - INFO - [cloudakpd.py:210] - 
symbol name  open  latest_price  high   low    volume      amount trade_date
920000 安徽凤凰 17.87         17.69 18.05 17.32  668568.0  11753054.0 2026-03-09
920001 纬达光电 18.38         19.90 19.99 18.31 8253589.0 158526777.0 2026-03-09
920002 万达轴承 91.66         90.50 91.66 89.55  633481.0  57306050.0 2026-03-09
2026-03-09 17:37:24,957 - INFO - [cloudakpd.py:211] - ---------------------------------------------
2026-03-09 17:37:24,958 - INFO - [universe.py:40] - ✅ [UniverseManager] 云端全量快照加载成功，当前监控 5488 只标的。
2026-03-09 17:37:24,961 - INFO - [ledger.py:171] - ✅ 账本同步完成：已根据云端快照补全所有持仓明细。
