2026-03-10 09:59:23,252 - INFO - [cloudakpd.py:36] - ============================================================
2026-03-10 09:59:23,253 - INFO - [cloudakpd.py:37] - 📊 [DataCenter] 数据内核启动审计...
2026-03-10 09:59:23,253 - INFO - [cloudakpd.py:38] -    ▫️ 存储模式 : ☁️  云端 (PostgreSQL)
2026-03-10 09:59:23,254 - INFO - [cloudakpd.py:39] -    ▫️ 连接节点 : ep-noisy-dust-a1zv7w56-pooler.ap-southeast-1.aws.neon.tech/neondb
2026-03-10 09:59:26,793 - INFO - [cloudakpd.py:85] - 📂 字段审计完成，当前支持: is_closed, low, turnover_rate, high, open, symbol, latest_price, amount, updated_at, name, volume, trade_date
2026-03-10 09:59:26,793 - INFO - [cloudakpd.py:42] - ============================================================
2026-03-10 09:59:28,619 - WARNING - [universe.py:42] - ⚠️ [UniverseManager] 云端快照为空，请检查数据同步。
2026-03-10 09:59:28,622 - INFO - [ledger.py:172] - ✅ 账本同步完成：已根据云端快照补全所有持仓明细。
2026-03-10 10:51:31,073 - INFO - [cloudakpd.py:36] - ============================================================
2026-03-10 10:51:31,074 - INFO - [cloudakpd.py:37] - 📊 [DataCenter] 数据内核启动审计...
2026-03-10 10:51:31,075 - INFO - [cloudakpd.py:38] -    ▫️ 存储模式 : ☁️  云端 (PostgreSQL)
2026-03-10 10:51:31,076 - INFO - [cloudakpd.py:39] -    ▫️ 连接节点 : ep-noisy-dust-a1zv7w56-pooler.ap-southeast-1.aws.neon.tech/neondb
2026-03-10 10:51:33,658 - INFO - [cloudakpd.py:85] - 📂 字段审计完成，当前支持: open, is_closed, latest_price, updated_at, volume, symbol, trade_date, high, low, name, turnover_rate, amount
2026-03-10 10:51:33,658 - INFO - [cloudakpd.py:42] - ============================================================
2026-03-10 10:52:06,310 - INFO - [cloudakpd.py:204] - ---------------------------------------------
2026-03-10 10:52:06,311 - INFO - [cloudakpd.py:205] - 🔍 [审计] 同步完成: 2026-03-10
2026-03-10 10:52:06,312 - INFO - [cloudakpd.py:206] -    ▫️ 标的总数 : 5488 条
2026-03-10 10:52:06,314 - INFO - [cloudakpd.py:207] -    ▫️ 资金状态 : 盘中实时
2026-03-10 10:52:06,315 - INFO - [cloudakpd.py:208] -    ▫️ 存入时间 : 2026-03-10 10:52:04.364088
2026-03-10 10:52:06,320 - INFO - [cloudakpd.py:210] - 
symbol name  open  latest_price  high   low    volume     amount trade_date
920000 安徽凤凰 17.82         17.92 18.04 17.74  225623.0  4043837.0 2026-03-10
920001 纬达光电 19.45         19.84 20.38 19.20 4268173.0 84225099.0 2026-03-10
920002 万达轴承 91.00         91.44 91.48 90.56  320667.0 29171155.0 2026-03-10
2026-03-10 10:52:06,320 - INFO - [cloudakpd.py:211] - ---------------------------------------------
2026-03-10 10:52:08,237 - INFO - [cloudakpd.py:204] - ---------------------------------------------
2026-03-10 10:52:08,237 - INFO - [cloudakpd.py:205] - 🔍 [审计] 读取成功: 2026-03-10
2026-03-10 10:52:08,237 - INFO - [cloudakpd.py:206] -    ▫️ 标的总数 : 5488 条
2026-03-10 10:52:08,240 - INFO - [cloudakpd.py:207] -    ▫️ 资金状态 : 盘中实时
2026-03-10 10:52:08,243 - INFO - [cloudakpd.py:208] -    ▫️ 存入时间 : 2026-03-10 10:52:04.364088
2026-03-10 10:52:08,247 - INFO - [cloudakpd.py:210] - 
symbol name  open  latest_price  high   low    volume     amount trade_date
920000 安徽凤凰 17.82         17.92 18.04 17.74  225623.0  4043837.0 2026-03-10
920001 纬达光电 19.45         19.84 20.38 19.20 4268173.0 84225099.0 2026-03-10
920002 万达轴承 91.00         91.44 91.48 90.56  320667.0 29171155.0 2026-03-10
2026-03-10 10:52:08,248 - INFO - [cloudakpd.py:211] - ---------------------------------------------
2026-03-10 10:52:08,252 - INFO - [ledger.py:262] - ✅ 资产审计完成。当前净资产: 37217.71, 云端对齐已完成。
2026-03-10 10:52:08,305 - INFO - [cloudakpd.py:36] - ============================================================
2026-03-10 10:52:08,305 - INFO - [cloudakpd.py:37] - 📊 [DataCenter] 数据内核启动审计...
2026-03-10 10:52:08,305 - INFO - [cloudakpd.py:38] -    ▫️ 存储模式 : ☁️  云端 (PostgreSQL)
2026-03-10 10:52:08,306 - INFO - [cloudakpd.py:39] -    ▫️ 连接节点 : ep-noisy-dust-a1zv7w56-pooler.ap-southeast-1.aws.neon.tech/neondb
2026-03-10 10:52:10,794 - INFO - [cloudakpd.py:85] - 📂 字段审计完成，当前支持: open, is_closed, latest_price, updated_at, volume, symbol, trade_date, high, low, name, turnover_rate, amount
2026-03-10 10:52:10,795 - INFO - [cloudakpd.py:42] - ============================================================
2026-03-10 10:52:11,567 - INFO - [cloudakpd.py:136] - ⏳ 数据保鲜期内 (上次同步: 10:52)，跳过同步。
2026-03-10 10:52:13,720 - INFO - [cloudakpd.py:204] - ---------------------------------------------
2026-03-10 10:52:13,720 - INFO - [cloudakpd.py:205] - 🔍 [审计] 读取成功: 2026-03-10
2026-03-10 10:52:13,722 - INFO - [cloudakpd.py:206] -    ▫️ 标的总数 : 5488 条
2026-03-10 10:52:13,722 - INFO - [cloudakpd.py:207] -    ▫️ 资金状态 : 盘中实时
2026-03-10 10:52:13,724 - INFO - [cloudakpd.py:208] -    ▫️ 存入时间 : 2026-03-10 10:52:04.364088
2026-03-10 10:52:13,726 - INFO - [cloudakpd.py:210] - 
symbol name  open  latest_price  high   low    volume     amount trade_date
920000 安徽凤凰 17.82         17.92 18.04 17.74  225623.0  4043837.0 2026-03-10
920001 纬达光电 19.45         19.84 20.38 19.20 4268173.0 84225099.0 2026-03-10
920002 万达轴承 91.00         91.44 91.48 90.56  320667.0 29171155.0 2026-03-10
2026-03-10 10:52:13,727 - INFO - [cloudakpd.py:211] - ---------------------------------------------
2026-03-10 10:52:13,730 - INFO - [ledger.py:262] - ✅ 资产审计完成。当前净资产: 37217.71, 云端对齐已完成。
2026-03-10 10:52:27,837 - INFO - [cloudakpd.py:36] - ============================================================
2026-03-10 10:52:27,837 - INFO - [cloudakpd.py:37] - 📊 [DataCenter] 数据内核启动审计...
2026-03-10 10:52:27,838 - INFO - [cloudakpd.py:38] -    ▫️ 存储模式 : ☁️  云端 (PostgreSQL)
2026-03-10 10:52:27,838 - INFO - [cloudakpd.py:39] -    ▫️ 连接节点 : ep-noisy-dust-a1zv7w56-pooler.ap-southeast-1.aws.neon.tech/neondb
2026-03-10 10:52:30,206 - INFO - [cloudakpd.py:85] - 📂 字段审计完成，当前支持: open, is_closed, latest_price, updated_at, volume, symbol, trade_date, high, low, name, turnover_rate, amount
2026-03-10 10:52:30,206 - INFO - [cloudakpd.py:42] - ============================================================
2026-03-10 10:52:30,998 - INFO - [cloudakpd.py:36] - ============================================================
2026-03-10 10:52:31,002 - INFO - [cloudakpd.py:37] - 📊 [DataCenter] 数据内核启动审计...
2026-03-10 10:52:31,004 - INFO - [cloudakpd.py:38] -    ▫️ 存储模式 : ☁️  云端 (PostgreSQL)
2026-03-10 10:52:31,004 - INFO - [cloudakpd.py:39] -    ▫️ 连接节点 : ep-noisy-dust-a1zv7w56-pooler.ap-southeast-1.aws.neon.tech/neondb
2026-03-10 10:52:31,898 - INFO - [cloudakpd.py:204] - ---------------------------------------------
2026-03-10 10:52:31,899 - INFO - [cloudakpd.py:205] - 🔍 [审计] 读取成功: 2026-03-10
2026-03-10 10:52:31,900 - INFO - [cloudakpd.py:206] -    ▫️ 标的总数 : 5488 条
2026-03-10 10:52:31,900 - INFO - [cloudakpd.py:207] -    ▫️ 资金状态 : 盘中实时
2026-03-10 10:52:31,901 - INFO - [cloudakpd.py:208] -    ▫️ 存入时间 : 2026-03-10 10:52:28.927345
2026-03-10 10:52:31,903 - INFO - [cloudakpd.py:210] - 
symbol name  open  latest_price  high   low    volume     amount trade_date
920000 安徽凤凰 17.82         17.92 18.04 17.74  225623.0  4043837.0 2026-03-10
920001 纬达光电 19.45         19.86 20.38 19.20 4271779.0 84296721.0 2026-03-10
920002 万达轴承 91.00         91.66 91.66 90.56  328612.0 29898523.0 2026-03-10
2026-03-10 10:52:31,904 - INFO - [cloudakpd.py:211] - ---------------------------------------------
2026-03-10 10:52:31,906 - INFO - [universe.py:40] - ✅ [UniverseManager] 云端全量快照加载成功，当前监控 5488 只标的。
2026-03-10 10:52:31,911 - INFO - [ledger.py:172] - ✅ 账本同步完成：已根据云端快照补全所有持仓明细。
2026-03-10 10:52:33,765 - INFO - [cloudakpd.py:85] - 📂 字段审计完成，当前支持: open, is_closed, latest_price, updated_at, volume, symbol, trade_date, high, low, name, turnover_rate, amount
2026-03-10 10:52:33,766 - INFO - [cloudakpd.py:42] - ============================================================
2026-03-10 10:52:34,448 - INFO - [cloudakpd.py:136] - ⏳ 数据保鲜期内 (上次同步: 10:52)，跳过同步。
2026-03-10 10:52:35,841 - INFO - [cloudakpd.py:204] - ---------------------------------------------
2026-03-10 10:52:35,842 - INFO - [cloudakpd.py:205] - 🔍 [审计] 读取成功: 2026-03-10
2026-03-10 10:52:35,843 - INFO - [cloudakpd.py:206] -    ▫️ 标的总数 : 5488 条
2026-03-10 10:52:35,843 - INFO - [cloudakpd.py:207] -    ▫️ 资金状态 : 盘中实时
2026-03-10 10:52:35,844 - INFO - [cloudakpd.py:208] -    ▫️ 存入时间 : 2026-03-10 10:52:28.927345
2026-03-10 10:52:35,846 - INFO - [cloudakpd.py:210] - 
symbol name  open  latest_price  high   low    volume     amount trade_date
920000 安徽凤凰 17.82         17.92 18.04 17.74  225623.0  4043837.0 2026-03-10
920001 纬达光电 19.45         19.86 20.38 19.20 4271779.0 84296721.0 2026-03-10
920002 万达轴承 91.00         91.66 91.66 90.56  328612.0 29898523.0 2026-03-10
2026-03-10 10:52:35,847 - INFO - [cloudakpd.py:211] - ---------------------------------------------
2026-03-10 10:52:35,849 - INFO - [ledger.py:262] - ✅ 资产审计完成。当前净资产: 37196.15, 云端对齐已完成。
2026-03-10 10:52:35,880 - INFO - [cloudakpd.py:36] - ============================================================
2026-03-10 10:52:35,881 - INFO - [cloudakpd.py:37] - 📊 [DataCenter] 数据内核启动审计...
2026-03-10 10:52:35,882 - INFO - [cloudakpd.py:38] -    ▫️ 存储模式 : ☁️  云端 (PostgreSQL)
2026-03-10 10:52:35,883 - INFO - [cloudakpd.py:39] -    ▫️ 连接节点 : ep-noisy-dust-a1zv7w56-pooler.ap-southeast-1.aws.neon.tech/neondb
2026-03-10 10:52:38,181 - INFO - [cloudakpd.py:36] - ============================================================
2026-03-10 10:52:38,181 - INFO - [cloudakpd.py:37] - 📊 [DataCenter] 数据内核启动审计...
2026-03-10 10:52:38,182 - INFO - [cloudakpd.py:38] -    ▫️ 存储模式 : ☁️  云端 (PostgreSQL)
2026-03-10 10:52:38,182 - INFO - [cloudakpd.py:39] -    ▫️ 连接节点 : ep-noisy-dust-a1zv7w56-pooler.ap-southeast-1.aws.neon.tech/neondb
2026-03-10 10:52:38,337 - INFO - [cloudakpd.py:85] - 📂 字段审计完成，当前支持: open, is_closed, latest_price, updated_at, volume, symbol, trade_date, high, low, name, turnover_rate, amount
2026-03-10 10:52:38,337 - INFO - [cloudakpd.py:42] - ============================================================
2026-03-10 10:52:39,087 - INFO - [cloudakpd.py:136] - ⏳ 数据保鲜期内 (上次同步: 10:52)，跳过同步。
2026-03-10 10:52:40,548 - INFO - [cloudakpd.py:204] - ---------------------------------------------
2026-03-10 10:52:40,549 - INFO - [cloudakpd.py:205] - 🔍 [审计] 读取成功: 2026-03-10
2026-03-10 10:52:40,549 - INFO - [cloudakpd.py:206] -    ▫️ 标的总数 : 5488 条
2026-03-10 10:52:40,549 - INFO - [cloudakpd.py:207] -    ▫️ 资金状态 : 盘中实时
2026-03-10 10:52:40,549 - INFO - [cloudakpd.py:208] -    ▫️ 存入时间 : 2026-03-10 10:52:28.927345
2026-03-10 10:52:40,554 - INFO - [cloudakpd.py:210] - 
symbol name  open  latest_price  high   low    volume     amount trade_date
920000 安徽凤凰 17.82         17.92 18.04 17.74  225623.0  4043837.0 2026-03-10
920001 纬达光电 19.45         19.86 20.38 19.20 4271779.0 84296721.0 2026-03-10
920002 万达轴承 91.00         91.66 91.66 90.56  328612.0 29898523.0 2026-03-10
2026-03-10 10:52:40,555 - INFO - [cloudakpd.py:211] - ---------------------------------------------
2026-03-10 10:52:40,557 - INFO - [ledger.py:262] - ✅ 资产审计完成。当前净资产: 37196.15, 云端对齐已完成。
2026-03-10 10:52:40,825 - INFO - [cloudakpd.py:85] - 📂 字段审计完成，当前支持: open, is_closed, latest_price, updated_at, volume, symbol, trade_date, high, low, name, turnover_rate, amount
2026-03-10 10:52:40,826 - INFO - [cloudakpd.py:42] - ============================================================
2026-03-10 10:52:42,345 - INFO - [cloudakpd.py:204] - ---------------------------------------------
2026-03-10 10:52:42,347 - INFO - [cloudakpd.py:205] - 🔍 [审计] 读取成功: 2026-03-10
2026-03-10 10:52:42,347 - INFO - [cloudakpd.py:206] -    ▫️ 标的总数 : 5488 条
2026-03-10 10:52:42,347 - INFO - [cloudakpd.py:207] -    ▫️ 资金状态 : 盘中实时
2026-03-10 10:52:42,348 - INFO - [cloudakpd.py:208] -    ▫️ 存入时间 : 2026-03-10 10:52:28.927345
2026-03-10 10:52:42,351 - INFO - [cloudakpd.py:210] - 
symbol name  open  latest_price  high   low    volume     amount trade_date
920000 安徽凤凰 17.82         17.92 18.04 17.74  225623.0  4043837.0 2026-03-10
920001 纬达光电 19.45         19.86 20.38 19.20 4271779.0 84296721.0 2026-03-10
920002 万达轴承 91.00         91.66 91.66 90.56  328612.0 29898523.0 2026-03-10
2026-03-10 10:52:42,351 - INFO - [cloudakpd.py:211] - ---------------------------------------------
2026-03-10 10:52:42,351 - INFO - [universe.py:40] - ✅ [UniverseManager] 云端全量快照加载成功，当前监控 5488 只标的。
2026-03-10 10:52:42,354 - INFO - [ledger.py:172] - ✅ 账本同步完成：已根据云端快照补全所有持仓明细。
2026-03-10 10:52:42,411 - INFO - [cloudakpd.py:36] - ============================================================
2026-03-10 10:52:42,412 - INFO - [cloudakpd.py:37] - 📊 [DataCenter] 数据内核启动审计...
2026-03-10 10:52:42,414 - INFO - [cloudakpd.py:38] -    ▫️ 存储模式 : ☁️  云端 (PostgreSQL)
2026-03-10 10:52:42,414 - INFO - [cloudakpd.py:39] -    ▫️ 连接节点 : ep-noisy-dust-a1zv7w56-pooler.ap-southeast-1.aws.neon.tech/neondb
2026-03-10 10:52:46,075 - INFO - [cloudakpd.py:85] - 📂 字段审计完成，当前支持: open, is_closed, latest_price, updated_at, volume, symbol, trade_date, high, low, name, turnover_rate, amount
2026-03-10 10:52:46,075 - INFO - [cloudakpd.py:42] - ============================================================
2026-03-10 10:52:51,082 - ERROR - [cloudakpd.py:106] - ⚠️ 交易日历获取异常: ('Connection aborted.', ConnectionResetError(10054, '远程主机强迫关闭了一个现有的连接。', None, 10054, None))
2026-03-10 10:52:51,426 - INFO - [cloudakpd.py:136] - ⏳ 数据保鲜期内 (上次同步: 10:52)，跳过同步。
2026-03-10 10:52:52,728 - INFO - [cloudakpd.py:204] - ---------------------------------------------
2026-03-10 10:52:52,729 - INFO - [cloudakpd.py:205] - 🔍 [审计] 读取成功: 2026-03-10
2026-03-10 10:52:52,730 - INFO - [cloudakpd.py:206] -    ▫️ 标的总数 : 5488 条
2026-03-10 10:52:52,730 - INFO - [cloudakpd.py:207] -    ▫️ 资金状态 : 盘中实时
2026-03-10 10:52:52,731 - INFO - [cloudakpd.py:208] -    ▫️ 存入时间 : 2026-03-10 10:52:28.927345
2026-03-10 10:52:52,733 - INFO - [cloudakpd.py:210] - 
symbol name  open  latest_price  high   low    volume     amount trade_date
920000 安徽凤凰 17.82         17.92 18.04 17.74  225623.0  4043837.0 2026-03-10
920001 纬达光电 19.45         19.86 20.38 19.20 4271779.0 84296721.0 2026-03-10
920002 万达轴承 91.00         91.66 91.66 90.56  328612.0 29898523.0 2026-03-10
2026-03-10 10:52:52,734 - INFO - [cloudakpd.py:211] - ---------------------------------------------
2026-03-10 10:52:52,737 - INFO - [ledger.py:262] - ✅ 资产审计完成。当前净资产: 37196.15, 云端对齐已完成。
2026-03-10 10:53:01,012 - INFO - [cloudakpd.py:36] - ============================================================
2026-03-10 10:53:01,013 - INFO - [cloudakpd.py:37] - 📊 [DataCenter] 数据内核启动审计...
2026-03-10 10:53:01,014 - INFO - [cloudakpd.py:38] -    ▫️ 存储模式 : ☁️  云端 (PostgreSQL)
2026-03-10 10:53:01,015 - INFO - [cloudakpd.py:39] -    ▫️ 连接节点 : ep-noisy-dust-a1zv7w56-pooler.ap-southeast-1.aws.neon.tech/neondb
2026-03-10 10:53:03,505 - INFO - [cloudakpd.py:85] - 📂 字段审计完成，当前支持: open, is_closed, latest_price, updated_at, volume, symbol, trade_date, high, low, name, turnover_rate, amount
2026-03-10 10:53:03,507 - INFO - [cloudakpd.py:42] - ============================================================
2026-03-10 10:53:04,216 - INFO - [cloudakpd.py:136] - ⏳ 数据保鲜期内 (上次同步: 10:52)，跳过同步。
2026-03-10 10:53:05,769 - INFO - [cloudakpd.py:204] - ---------------------------------------------
2026-03-10 10:53:05,770 - INFO - [cloudakpd.py:205] - 🔍 [审计] 读取成功: 2026-03-10
2026-03-10 10:53:05,770 - INFO - [cloudakpd.py:206] -    ▫️ 标的总数 : 5488 条
2026-03-10 10:53:05,771 - INFO - [cloudakpd.py:207] -    ▫️ 资金状态 : 盘中实时
2026-03-10 10:53:05,772 - INFO - [cloudakpd.py:208] -    ▫️ 存入时间 : 2026-03-10 10:52:28.927345
2026-03-10 10:53:05,775 - INFO - [cloudakpd.py:210] - 
symbol name  open  latest_price  high   low    volume     amount trade_date
920000 安徽凤凰 17.82         17.92 18.04 17.74  225623.0  4043837.0 2026-03-10
920001 纬达光电 19.45         19.86 20.38 19.20 4271779.0 84296721.0 2026-03-10
920002 万达轴承 91.00         91.66 91.66 90.56  328612.0 29898523.0 2026-03-10
2026-03-10 10:53:05,775 - INFO - [cloudakpd.py:211] - ---------------------------------------------
2026-03-10 10:53:05,778 - INFO - [ledger.py:262] - ✅ 资产审计完成。当前净资产: 37196.15, 云端对齐已完成。
2026-03-10 10:53:31,007 - INFO - [cloudakpd.py:36] - ============================================================
2026-03-10 10:53:31,008 - INFO - [cloudakpd.py:37] - 📊 [DataCenter] 数据内核启动审计...
2026-03-10 10:53:31,009 - INFO - [cloudakpd.py:38] -    ▫️ 存储模式 : ☁️  云端 (PostgreSQL)
2026-03-10 10:53:31,010 - INFO - [cloudakpd.py:39] -    ▫️ 连接节点 : ep-noisy-dust-a1zv7w56-pooler.ap-southeast-1.aws.neon.tech/neondb
2026-03-10 10:53:34,667 - INFO - [cloudakpd.py:85] - 📂 字段审计完成，当前支持: open, is_closed, latest_price, updated_at, volume, symbol, trade_date, high, low, name, turnover_rate, amount
2026-03-10 10:53:34,668 - INFO - [cloudakpd.py:42] - ============================================================
2026-03-10 10:53:35,417 - INFO - [cloudakpd.py:136] - ⏳ 数据保鲜期内 (上次同步: 10:52)，跳过同步。
2026-03-10 10:53:37,048 - INFO - [cloudakpd.py:204] - ---------------------------------------------
2026-03-10 10:53:37,049 - INFO - [cloudakpd.py:205] - 🔍 [审计] 读取成功: 2026-03-10
2026-03-10 10:53:37,050 - INFO - [cloudakpd.py:206] -    ▫️ 标的总数 : 5488 条
2026-03-10 10:53:37,051 - INFO - [cloudakpd.py:207] -    ▫️ 资金状态 : 盘中实时
2026-03-10 10:53:37,051 - INFO - [cloudakpd.py:208] -    ▫️ 存入时间 : 2026-03-10 10:52:28.927345
2026-03-10 10:53:37,055 - INFO - [cloudakpd.py:210] - 
symbol name  open  latest_price  high   low    volume     amount trade_date
920000 安徽凤凰 17.82         17.92 18.04 17.74  225623.0  4043837.0 2026-03-10
920001 纬达光电 19.45         19.86 20.38 19.20 4271779.0 84296721.0 2026-03-10
920002 万达轴承 91.00         91.66 91.66 90.56  328612.0 29898523.0 2026-03-10
2026-03-10 10:53:37,055 - INFO - [cloudakpd.py:211] - ---------------------------------------------
2026-03-10 10:53:37,059 - INFO - [ledger.py:262] - ✅ 资产审计完成。当前净资产: 37196.15, 云端对齐已完成。
2026-03-10 10:54:01,015 - INFO - [cloudakpd.py:36] - ============================================================
2026-03-10 10:54:01,018 - INFO - [cloudakpd.py:37] - 📊 [DataCenter] 数据内核启动审计...
2026-03-10 10:54:01,019 - INFO - [cloudakpd.py:38] -    ▫️ 存储模式 : ☁️  云端 (PostgreSQL)
2026-03-10 10:54:01,020 - INFO - [cloudakpd.py:39] -    ▫️ 连接节点 : ep-noisy-dust-a1zv7w56-pooler.ap-southeast-1.aws.neon.tech/neondb
2026-03-10 10:54:03,497 - INFO - [cloudakpd.py:85] - 📂 字段审计完成，当前支持: open, is_closed, latest_price, updated_at, volume, symbol, trade_date, high, low, name, turnover_rate, amount
2026-03-10 10:54:03,498 - INFO - [cloudakpd.py:42] - ============================================================
2026-03-10 10:54:04,115 - INFO - [cloudakpd.py:136] - ⏳ 数据保鲜期内 (上次同步: 10:52)，跳过同步。
2026-03-10 10:54:05,346 - INFO - [cloudakpd.py:204] - ---------------------------------------------
2026-03-10 10:54:05,349 - INFO - [cloudakpd.py:205] - 🔍 [审计] 读取成功: 2026-03-10
2026-03-10 10:54:05,354 - INFO - [cloudakpd.py:206] -    ▫️ 标的总数 : 5488 条
2026-03-10 10:54:05,355 - INFO - [cloudakpd.py:207] -    ▫️ 资金状态 : 盘中实时
2026-03-10 10:54:05,355 - INFO - [cloudakpd.py:208] -    ▫️ 存入时间 : 2026-03-10 10:52:28.927345
2026-03-10 10:54:05,358 - INFO - [cloudakpd.py:210] - 
symbol name  open  latest_price  high   low    volume     amount trade_date
920000 安徽凤凰 17.82         17.92 18.04 17.74  225623.0  4043837.0 2026-03-10
920001 纬达光电 19.45         19.86 20.38 19.20 4271779.0 84296721.0 2026-03-10
920002 万达轴承 91.00         91.66 91.66 90.56  328612.0 29898523.0 2026-03-10
2026-03-10 10:54:05,359 - INFO - [cloudakpd.py:211] - ---------------------------------------------
2026-03-10 10:54:05,361 - INFO - [ledger.py:262] - ✅ 资产审计完成。当前净资产: 37196.15, 云端对齐已完成。
2026-03-10 10:54:31,012 - INFO - [cloudakpd.py:36] - ============================================================
2026-03-10 10:54:31,012 - INFO - [cloudakpd.py:37] - 📊 [DataCenter] 数据内核启动审计...
2026-03-10 10:54:31,014 - INFO - [cloudakpd.py:38] -    ▫️ 存储模式 : ☁️  云端 (PostgreSQL)
2026-03-10 10:54:31,015 - INFO - [cloudakpd.py:39] -    ▫️ 连接节点 : ep-noisy-dust-a1zv7w56-pooler.ap-southeast-1.aws.neon.tech/neondb
2026-03-10 10:54:34,126 - INFO - [cloudakpd.py:85] - 📂 字段审计完成，当前支持: open, is_closed, latest_price, updated_at, volume, symbol, trade_date, high, low, name, turnover_rate, amount
2026-03-10 10:54:34,126 - INFO - [cloudakpd.py:42] - ============================================================
2026-03-10 10:54:35,006 - INFO - [cloudakpd.py:136] - ⏳ 数据保鲜期内 (上次同步: 10:52)，跳过同步。
2026-03-10 10:54:36,450 - INFO - [cloudakpd.py:204] - ---------------------------------------------
2026-03-10 10:54:36,451 - INFO - [cloudakpd.py:205] - 🔍 [审计] 读取成功: 2026-03-10
2026-03-10 10:54:36,451 - INFO - [cloudakpd.py:206] -    ▫️ 标的总数 : 5488 条
2026-03-10 10:54:36,451 - INFO - [cloudakpd.py:207] -    ▫️ 资金状态 : 盘中实时
2026-03-10 10:54:36,452 - INFO - [cloudakpd.py:208] -    ▫️ 存入时间 : 2026-03-10 10:52:28.927345
2026-03-10 10:54:36,455 - INFO - [cloudakpd.py:210] - 
symbol name  open  latest_price  high   low    volume     amount trade_date
920000 安徽凤凰 17.82         17.92 18.04 17.74  225623.0  4043837.0 2026-03-10
920001 纬达光电 19.45         19.86 20.38 19.20 4271779.0 84296721.0 2026-03-10
920002 万达轴承 91.00         91.66 91.66 90.56  328612.0 29898523.0 2026-03-10
2026-03-10 10:54:36,455 - INFO - [cloudakpd.py:211] - ---------------------------------------------
2026-03-10 10:54:36,457 - INFO - [ledger.py:262] - ✅ 资产审计完成。当前净资产: 37196.15, 云端对齐已完成。
2026-03-10 10:55:00,987 - INFO - [cloudakpd.py:36] - ============================================================
2026-03-10 10:55:00,988 - INFO - [cloudakpd.py:37] - 📊 [DataCenter] 数据内核启动审计...
2026-03-10 10:55:00,989 - INFO - [cloudakpd.py:38] -    ▫️ 存储模式 : ☁️  云端 (PostgreSQL)
2026-03-10 10:55:00,989 - INFO - [cloudakpd.py:39] -    ▫️ 连接节点 : ep-noisy-dust-a1zv7w56-pooler.ap-southeast-1.aws.neon.tech/neondb
2026-03-10 10:55:03,456 - INFO - [cloudakpd.py:85] - 📂 字段审计完成，当前支持: open, is_closed, latest_price, updated_at, volume, symbol, trade_date, high, low, name, turnover_rate, amount
2026-03-10 10:55:03,457 - INFO - [cloudakpd.py:42] - ============================================================
2026-03-10 10:55:04,105 - INFO - [cloudakpd.py:136] - ⏳ 数据保鲜期内 (上次同步: 10:52)，跳过同步。
2026-03-10 10:55:05,415 - INFO - [cloudakpd.py:204] - ---------------------------------------------
2026-03-10 10:55:05,415 - INFO - [cloudakpd.py:205] - 🔍 [审计] 读取成功: 2026-03-10
2026-03-10 10:55:05,416 - INFO - [cloudakpd.py:206] -    ▫️ 标的总数 : 5488 条
2026-03-10 10:55:05,416 - INFO - [cloudakpd.py:207] -    ▫️ 资金状态 : 盘中实时
2026-03-10 10:55:05,417 - INFO - [cloudakpd.py:208] -    ▫️ 存入时间 : 2026-03-10 10:52:28.927345
2026-03-10 10:55:05,421 - INFO - [cloudakpd.py:210] - 
symbol name  open  latest_price  high   low    volume     amount trade_date
920000 安徽凤凰 17.82         17.92 18.04 17.74  225623.0  4043837.0 2026-03-10
920001 纬达光电 19.45         19.86 20.38 19.20 4271779.0 84296721.0 2026-03-10
920002 万达轴承 91.00         91.66 91.66 90.56  328612.0 29898523.0 2026-03-10
2026-03-10 10:55:05,422 - INFO - [cloudakpd.py:211] - ---------------------------------------------
2026-03-10 10:55:05,425 - INFO - [ledger.py:262] - ✅ 资产审计完成。当前净资产: 37196.15, 云端对齐已完成。
2026-03-10 10:55:09,967 - INFO - [cloudakpd.py:36] - ============================================================
2026-03-10 10:55:09,968 - INFO - [cloudakpd.py:37] - 📊 [DataCenter] 数据内核启动审计...
2026-03-10 10:55:09,969 - INFO - [cloudakpd.py:38] -    ▫️ 存储模式 : ☁️  云端 (PostgreSQL)
2026-03-10 10:55:09,969 - INFO - [cloudakpd.py:39] -    ▫️ 连接节点 : ep-noisy-dust-a1zv7w56-pooler.ap-southeast-1.aws.neon.tech/neondb
2026-03-10 10:55:13,416 - INFO - [cloudakpd.py:85] - 📂 字段审计完成，当前支持: open, is_closed, latest_price, updated_at, volume, symbol, trade_date, high, low, name, turnover_rate, amount
2026-03-10 10:55:13,417 - INFO - [cloudakpd.py:42] - ============================================================
2026-03-10 10:55:14,166 - INFO - [cloudakpd.py:136] - ⏳ 数据保鲜期内 (上次同步: 10:52)，跳过同步。
2026-03-10 10:55:15,878 - INFO - [cloudakpd.py:204] - ---------------------------------------------
2026-03-10 10:55:15,879 - INFO - [cloudakpd.py:205] - 🔍 [审计] 读取成功: 2026-03-10
2026-03-10 10:55:15,879 - INFO - [cloudakpd.py:206] -    ▫️ 标的总数 : 5488 条
2026-03-10 10:55:15,879 - INFO - [cloudakpd.py:207] -    ▫️ 资金状态 : 盘中实时
2026-03-10 10:55:15,880 - INFO - [cloudakpd.py:208] -    ▫️ 存入时间 : 2026-03-10 10:52:28.927345
2026-03-10 10:55:15,883 - INFO - [cloudakpd.py:210] - 
symbol name  open  latest_price  high   low    volume     amount trade_date
920000 安徽凤凰 17.82         17.92 18.04 17.74  225623.0  4043837.0 2026-03-10
920001 纬达光电 19.45         19.86 20.38 19.20 4271779.0 84296721.0 2026-03-10
920002 万达轴承 91.00         91.66 91.66 90.56  328612.0 29898523.0 2026-03-10
2026-03-10 10:55:15,883 - INFO - [cloudakpd.py:211] - ---------------------------------------------
2026-03-10 10:55:15,886 - INFO - [ledger.py:262] - ✅ 资产审计完成。当前净资产: 37196.15, 云端对齐已完成。
2026-03-10 10:55:39,969 - INFO - [cloudakpd.py:36] - ============================================================
2026-03-10 10:55:39,970 - INFO - [cloudakpd.py:37] - 📊 [DataCenter] 数据内核启动审计...
2026-03-10 10:55:39,972 - INFO - [cloudakpd.py:38] -    ▫️ 存储模式 : ☁️  云端 (PostgreSQL)
2026-03-10 10:55:39,973 - INFO - [cloudakpd.py:39] -    ▫️ 连接节点 : ep-noisy-dust-a1zv7w56-pooler.ap-southeast-1.aws.neon.tech/neondb
2026-03-10 10:55:42,738 - INFO - [cloudakpd.py:85] - 📂 字段审计完成，当前支持: open, is_closed, latest_price, updated_at, volume, symbol, trade_date, high, low, name, turnover_rate, amount
2026-03-10 10:55:42,739 - INFO - [cloudakpd.py:42] - ============================================================
2026-03-10 10:55:43,448 - INFO - [cloudakpd.py:136] - ⏳ 数据保鲜期内 (上次同步: 10:52)，跳过同步。
2026-03-10 10:55:44,838 - INFO - [cloudakpd.py:204] - ---------------------------------------------
2026-03-10 10:55:44,839 - INFO - [cloudakpd.py:205] - 🔍 [审计] 读取成功: 2026-03-10
2026-03-10 10:55:44,840 - INFO - [cloudakpd.py:206] -    ▫️ 标的总数 : 5488 条
2026-03-10 10:55:44,841 - INFO - [cloudakpd.py:207] -    ▫️ 资金状态 : 盘中实时
2026-03-10 10:55:44,842 - INFO - [cloudakpd.py:208] -    ▫️ 存入时间 : 2026-03-10 10:52:28.927345
2026-03-10 10:55:44,848 - INFO - [cloudakpd.py:210] - 
symbol name  open  latest_price  high   low    volume     amount trade_date
920000 安徽凤凰 17.82         17.92 18.04 17.74  225623.0  4043837.0 2026-03-10
920001 纬达光电 19.45         19.86 20.38 19.20 4271779.0 84296721.0 2026-03-10
920002 万达轴承 91.00         91.66 91.66 90.56  328612.0 29898523.0 2026-03-10
2026-03-10 10:55:44,849 - INFO - [cloudakpd.py:211] - ---------------------------------------------
2026-03-10 10:55:44,853 - INFO - [ledger.py:262] - ✅ 资产审计完成。当前净资产: 37196.15, 云端对齐已完成。
2026-03-10 10:56:10,443 - INFO - [cloudakpd.py:36] - ============================================================
2026-03-10 10:56:10,444 - INFO - [cloudakpd.py:37] - 📊 [DataCenter] 数据内核启动审计...
2026-03-10 10:56:10,445 - INFO - [cloudakpd.py:38] -    ▫️ 存储模式 : ☁️  云端 (PostgreSQL)
2026-03-10 10:56:10,446 - INFO - [cloudakpd.py:39] -    ▫️ 连接节点 : ep-noisy-dust-a1zv7w56-pooler.ap-southeast-1.aws.neon.tech/neondb
2026-03-10 10:56:13,611 - INFO - [cloudakpd.py:85] - 📂 字段审计完成，当前支持: open, is_closed, latest_price, updated_at, volume, symbol, trade_date, high, low, name, turnover_rate, amount
2026-03-10 10:56:13,611 - INFO - [cloudakpd.py:42] - ============================================================
2026-03-10 10:56:15,047 - INFO - [cloudakpd.py:136] - ⏳ 数据保鲜期内 (上次同步: 10:52)，跳过同步。
2026-03-10 10:56:16,889 - INFO - [cloudakpd.py:204] - ---------------------------------------------
2026-03-10 10:56:16,895 - INFO - [cloudakpd.py:205] - 🔍 [审计] 读取成功: 2026-03-10
2026-03-10 10:56:16,895 - INFO - [cloudakpd.py:206] -    ▫️ 标的总数 : 5488 条
2026-03-10 10:56:16,896 - INFO - [cloudakpd.py:207] -    ▫️ 资金状态 : 盘中实时
2026-03-10 10:56:16,897 - INFO - [cloudakpd.py:208] -    ▫️ 存入时间 : 2026-03-10 10:52:28.927345
2026-03-10 10:56:16,900 - INFO - [cloudakpd.py:210] - 
symbol name  open  latest_price  high   low    volume     amount trade_date
920000 安徽凤凰 17.82         17.92 18.04 17.74  225623.0  4043837.0 2026-03-10
920001 纬达光电 19.45         19.86 20.38 19.20 4271779.0 84296721.0 2026-03-10
920002 万达轴承 91.00         91.66 91.66 90.56  328612.0 29898523.0 2026-03-10
2026-03-10 10:56:16,900 - INFO - [cloudakpd.py:211] - ---------------------------------------------
2026-03-10 10:56:16,904 - INFO - [ledger.py:262] - ✅ 资产审计完成。当前净资产: 37196.15, 云端对齐已完成。
2026-03-10 10:56:40,525 - INFO - [cloudakpd.py:36] - ============================================================
2026-03-10 10:56:40,526 - INFO - [cloudakpd.py:37] - 📊 [DataCenter] 数据内核启动审计...
2026-03-10 10:56:40,527 - INFO - [cloudakpd.py:38] -    ▫️ 存储模式 : ☁️  云端 (PostgreSQL)
2026-03-10 10:56:40,529 - INFO - [cloudakpd.py:39] -    ▫️ 连接节点 : ep-noisy-dust-a1zv7w56-pooler.ap-southeast-1.aws.neon.tech/neondb
2026-03-10 10:56:43,135 - INFO - [cloudakpd.py:85] - 📂 字段审计完成，当前支持: volume, high, turnover_rate, open, updated_at, symbol, amount, latest_price, trade_date, low, name, is_closed
2026-03-10 10:56:43,136 - INFO - [cloudakpd.py:42] - ============================================================
2026-03-10 10:56:43,966 - INFO - [cloudakpd.py:136] - ⏳ 数据保鲜期内 (上次同步: 10:52)，跳过同步。
2026-03-10 10:56:46,087 - INFO - [cloudakpd.py:204] - ---------------------------------------------
2026-03-10 10:56:46,087 - INFO - [cloudakpd.py:205] - 🔍 [审计] 读取成功: 2026-03-10
2026-03-10 10:56:46,089 - INFO - [cloudakpd.py:206] -    ▫️ 标的总数 : 5488 条
2026-03-10 10:56:46,089 - INFO - [cloudakpd.py:207] -    ▫️ 资金状态 : 盘中实时
2026-03-10 10:56:46,090 - INFO - [cloudakpd.py:208] -    ▫️ 存入时间 : 2026-03-10 10:52:28.927345
2026-03-10 10:56:46,094 - INFO - [cloudakpd.py:210] - 
symbol name  open  latest_price  high   low    volume     amount trade_date
920000 安徽凤凰 17.82         17.92 18.04 17.74  225623.0  4043837.0 2026-03-10
920001 纬达光电 19.45         19.86 20.38 19.20 4271779.0 84296721.0 2026-03-10
920002 万达轴承 91.00         91.66 91.66 90.56  328612.0 29898523.0 2026-03-10
2026-03-10 10:56:46,094 - INFO - [cloudakpd.py:211] - ---------------------------------------------
2026-03-10 10:56:46,099 - INFO - [ledger.py:262] - ✅ 资产审计完成。当前净资产: 37196.15, 云端对齐已完成。
2026-03-10 10:57:09,984 - INFO - [cloudakpd.py:36] - ============================================================
2026-03-10 10:57:09,986 - INFO - [cloudakpd.py:37] - 📊 [DataCenter] 数据内核启动审计...
2026-03-10 10:57:09,987 - INFO - [cloudakpd.py:38] -    ▫️ 存储模式 : ☁️  云端 (PostgreSQL)
2026-03-10 10:57:09,988 - INFO - [cloudakpd.py:39] -    ▫️ 连接节点 : ep-noisy-dust-a1zv7w56-pooler.ap-southeast-1.aws.neon.tech/neondb
2026-03-10 10:57:12,396 - INFO - [cloudakpd.py:85] - 📂 字段审计完成，当前支持: volume, high, turnover_rate, open, updated_at, symbol, amount, latest_price, trade_date, low, name, is_closed
2026-03-10 10:57:12,396 - INFO - [cloudakpd.py:42] - ============================================================
2026-03-10 10:57:13,078 - INFO - [cloudakpd.py:136] - ⏳ 数据保鲜期内 (上次同步: 10:52)，跳过同步。
2026-03-10 10:57:16,886 - INFO - [cloudakpd.py:204] - ---------------------------------------------
2026-03-10 10:57:16,887 - INFO - [cloudakpd.py:205] - 🔍 [审计] 读取成功: 2026-03-10
2026-03-10 10:57:16,887 - INFO - [cloudakpd.py:206] -    ▫️ 标的总数 : 5488 条
2026-03-10 10:57:16,889 - INFO - [cloudakpd.py:207] -    ▫️ 资金状态 : 盘中实时
2026-03-10 10:57:16,889 - INFO - [cloudakpd.py:208] -    ▫️ 存入时间 : 2026-03-10 10:52:28.927345
2026-03-10 10:57:16,891 - INFO - [cloudakpd.py:210] - 
symbol name  open  latest_price  high   low    volume     amount trade_date
920000 安徽凤凰 17.82         17.92 18.04 17.74  225623.0  4043837.0 2026-03-10
920001 纬达光电 19.45         19.86 20.38 19.20 4271779.0 84296721.0 2026-03-10
920002 万达轴承 91.00         91.66 91.66 90.56  328612.0 29898523.0 2026-03-10
2026-03-10 10:57:16,893 - INFO - [cloudakpd.py:211] - ---------------------------------------------
2026-03-10 10:57:16,896 - INFO - [ledger.py:262] - ✅ 资产审计完成。当前净资产: 37196.15, 云端对齐已完成。
2026-03-10 10:57:40,446 - INFO - [cloudakpd.py:36] - ============================================================
2026-03-10 10:57:40,447 - INFO - [cloudakpd.py:37] - 📊 [DataCenter] 数据内核启动审计...
2026-03-10 10:57:40,452 - INFO - [cloudakpd.py:38] -    ▫️ 存储模式 : ☁️  云端 (PostgreSQL)
2026-03-10 10:57:40,453 - INFO - [cloudakpd.py:39] -    ▫️ 连接节点 : ep-noisy-dust-a1zv7w56-pooler.ap-southeast-1.aws.neon.tech/neondb
2026-03-10 10:57:43,599 - INFO - [cloudakpd.py:85] - 📂 字段审计完成，当前支持: volume, high, turnover_rate, open, updated_at, symbol, amount, latest_price, trade_date, low, name, is_closed
2026-03-10 10:57:43,600 - INFO - [cloudakpd.py:42] - ============================================================
2026-03-10 10:57:44,635 - INFO - [cloudakpd.py:136] - ⏳ 数据保鲜期内 (上次同步: 10:52)，跳过同步。
2026-03-10 10:57:46,262 - INFO - [cloudakpd.py:204] - ---------------------------------------------
2026-03-10 10:57:46,263 - INFO - [cloudakpd.py:205] - 🔍 [审计] 读取成功: 2026-03-10
2026-03-10 10:57:46,263 - INFO - [cloudakpd.py:206] -    ▫️ 标的总数 : 5488 条
2026-03-10 10:57:46,264 - INFO - [cloudakpd.py:207] -    ▫️ 资金状态 : 盘中实时
2026-03-10 10:57:46,264 - INFO - [cloudakpd.py:208] -    ▫️ 存入时间 : 2026-03-10 10:52:28.927345
2026-03-10 10:57:46,266 - INFO - [cloudakpd.py:210] - 
symbol name  open  latest_price  high   low    volume     amount trade_date
920000 安徽凤凰 17.82         17.92 18.04 17.74  225623.0  4043837.0 2026-03-10
920001 纬达光电 19.45         19.86 20.38 19.20 4271779.0 84296721.0 2026-03-10
920002 万达轴承 91.00         91.66 91.66 90.56  328612.0 29898523.0 2026-03-10
2026-03-10 10:57:46,268 - INFO - [cloudakpd.py:211] - ---------------------------------------------
2026-03-10 10:57:46,270 - INFO - [ledger.py:262] - ✅ 资产审计完成。当前净资产: 37196.15, 云端对齐已完成。
2026-03-10 10:58:10,451 - INFO - [cloudakpd.py:36] - ============================================================
2026-03-10 10:58:10,452 - INFO - [cloudakpd.py:37] - 📊 [DataCenter] 数据内核启动审计...
2026-03-10 10:58:10,452 - INFO - [cloudakpd.py:38] -    ▫️ 存储模式 : ☁️  云端 (PostgreSQL)
2026-03-10 10:58:10,452 - INFO - [cloudakpd.py:39] -    ▫️ 连接节点 : ep-noisy-dust-a1zv7w56-pooler.ap-southeast-1.aws.neon.tech/neondb
2026-03-10 10:58:12,955 - INFO - [cloudakpd.py:85] - 📂 字段审计完成，当前支持: volume, high, turnover_rate, open, updated_at, symbol, amount, latest_price, trade_date, low, name, is_closed
2026-03-10 10:58:12,956 - INFO - [cloudakpd.py:42] - ============================================================
2026-03-10 10:58:13,639 - INFO - [cloudakpd.py:136] - ⏳ 数据保鲜期内 (上次同步: 10:52)，跳过同步。
2026-03-10 10:58:16,046 - INFO - [cloudakpd.py:204] - ---------------------------------------------
2026-03-10 10:58:16,047 - INFO - [cloudakpd.py:205] - 🔍 [审计] 读取成功: 2026-03-10
2026-03-10 10:58:16,047 - INFO - [cloudakpd.py:206] -    ▫️ 标的总数 : 5488 条
2026-03-10 10:58:16,048 - INFO - [cloudakpd.py:207] -    ▫️ 资金状态 : 盘中实时
2026-03-10 10:58:16,049 - INFO - [cloudakpd.py:208] -    ▫️ 存入时间 : 2026-03-10 10:52:28.927345
2026-03-10 10:58:16,052 - INFO - [cloudakpd.py:210] - 
symbol name  open  latest_price  high   low    volume     amount trade_date
920000 安徽凤凰 17.82         17.92 18.04 17.74  225623.0  4043837.0 2026-03-10
920001 纬达光电 19.45         19.86 20.38 19.20 4271779.0 84296721.0 2026-03-10
920002 万达轴承 91.00         91.66 91.66 90.56  328612.0 29898523.0 2026-03-10
2026-03-10 10:58:16,053 - INFO - [cloudakpd.py:211] - ---------------------------------------------
2026-03-10 10:58:16,056 - INFO - [ledger.py:262] - ✅ 资产审计完成。当前净资产: 37196.15, 云端对齐已完成。
2026-03-10 10:58:58,480 - INFO - [cloudakpd.py:36] - ============================================================
2026-03-10 10:58:58,480 - INFO - [cloudakpd.py:37] - 📊 [DataCenter] 数据内核启动审计...
2026-03-10 10:58:58,482 - INFO - [cloudakpd.py:38] -    ▫️ 存储模式 : ☁️  云端 (PostgreSQL)
2026-03-10 10:58:58,483 - INFO - [cloudakpd.py:39] -    ▫️ 连接节点 : ep-noisy-dust-a1zv7w56-pooler.ap-southeast-1.aws.neon.tech/neondb
2026-03-10 10:59:02,807 - INFO - [cloudakpd.py:85] - 📂 字段审计完成，当前支持: volume, high, turnover_rate, open, updated_at, symbol, amount, latest_price, trade_date, low, name, is_closed
2026-03-10 10:59:02,808 - INFO - [cloudakpd.py:42] - ============================================================
2026-03-10 10:59:19,115 - INFO - [cloudakpd.py:204] - ---------------------------------------------
2026-03-10 10:59:19,116 - INFO - [cloudakpd.py:205] - 🔍 [审计] 同步完成: 2026-03-10
2026-03-10 10:59:19,116 - INFO - [cloudakpd.py:206] -    ▫️ 标的总数 : 5488 条
2026-03-10 10:59:19,118 - INFO - [cloudakpd.py:207] -    ▫️ 资金状态 : 盘中实时
2026-03-10 10:59:19,118 - INFO - [cloudakpd.py:208] -    ▫️ 存入时间 : 2026-03-10 10:59:17.536202
2026-03-10 10:59:19,121 - INFO - [cloudakpd.py:210] - 
symbol name  open  latest_price  high   low    volume     amount trade_date
920000 安徽凤凰 17.82         18.00 18.04 17.74  228823.0  4101240.0 2026-03-10
920001 纬达光电 19.45         19.75 20.38 19.20 4320332.0 85259551.0 2026-03-10
920002 万达轴承 91.00         95.60 95.99 90.56  701431.0 65177005.0 2026-03-10
2026-03-10 10:59:19,121 - INFO - [cloudakpd.py:211] - ---------------------------------------------
2026-03-10 10:59:20,521 - INFO - [cloudakpd.py:204] - ---------------------------------------------
2026-03-10 10:59:20,522 - INFO - [cloudakpd.py:205] - 🔍 [审计] 读取成功: 2026-03-10
2026-03-10 10:59:20,524 - INFO - [cloudakpd.py:206] -    ▫️ 标的总数 : 5488 条
2026-03-10 10:59:20,524 - INFO - [cloudakpd.py:207] -    ▫️ 资金状态 : 盘中实时
2026-03-10 10:59:20,525 - INFO - [cloudakpd.py:208] -    ▫️ 存入时间 : 2026-03-10 10:59:17.536202
2026-03-10 10:59:20,527 - INFO - [cloudakpd.py:210] - 
symbol name  open  latest_price  high   low    volume     amount trade_date
920000 安徽凤凰 17.82         18.00 18.04 17.74  228823.0  4101240.0 2026-03-10
920001 纬达光电 19.45         19.75 20.38 19.20 4320332.0 85259551.0 2026-03-10
920002 万达轴承 91.00         95.60 95.99 90.56  701431.0 65177005.0 2026-03-10
2026-03-10 10:59:20,528 - INFO - [cloudakpd.py:211] - ---------------------------------------------
2026-03-10 10:59:20,532 - INFO - [ledger.py:262] - ✅ 资产审计完成。当前净资产: 37152.11, 云端对齐已完成。
2026-03-10 10:59:58,463 - INFO - [cloudakpd.py:36] - ============================================================
2026-03-10 10:59:58,463 - INFO - [cloudakpd.py:37] - 📊 [DataCenter] 数据内核启动审计...
2026-03-10 10:59:58,464 - INFO - [cloudakpd.py:38] -    ▫️ 存储模式 : ☁️  云端 (PostgreSQL)
2026-03-10 10:59:58,464 - INFO - [cloudakpd.py:39] -    ▫️ 连接节点 : ep-noisy-dust-a1zv7w56-pooler.ap-southeast-1.aws.neon.tech/neondb
2026-03-10 11:00:00,869 - INFO - [cloudakpd.py:85] - 📂 字段审计完成，当前支持: volume, high, turnover_rate, open, updated_at, symbol, amount, latest_price, trade_date, low, name, is_closed
2026-03-10 11:00:00,870 - INFO - [cloudakpd.py:42] - ============================================================
2026-03-10 11:00:01,668 - INFO - [cloudakpd.py:136] - ⏳ 数据保鲜期内 (上次同步: 10:59)，跳过同步。
2026-03-10 11:00:03,829 - INFO - [cloudakpd.py:204] - ---------------------------------------------
2026-03-10 11:00:03,830 - INFO - [cloudakpd.py:205] - 🔍 [审计] 读取成功: 2026-03-10
2026-03-10 11:00:03,830 - INFO - [cloudakpd.py:206] -    ▫️ 标的总数 : 5488 条
2026-03-10 11:00:03,830 - INFO - [cloudakpd.py:207] -    ▫️ 资金状态 : 盘中实时
2026-03-10 11:00:03,830 - INFO - [cloudakpd.py:208] -    ▫️ 存入时间 : 2026-03-10 10:59:17.536202
2026-03-10 11:00:03,832 - INFO - [cloudakpd.py:210] - 
symbol name  open  latest_price  high   low    volume     amount trade_date
920000 安徽凤凰 17.82         18.00 18.04 17.74  228823.0  4101240.0 2026-03-10
920001 纬达光电 19.45         19.75 20.38 19.20 4320332.0 85259551.0 2026-03-10
920002 万达轴承 91.00         95.60 95.99 90.56  701431.0 65177005.0 2026-03-10
2026-03-10 11:00:03,833 - INFO - [cloudakpd.py:211] - ---------------------------------------------
2026-03-10 11:00:03,836 - INFO - [ledger.py:262] - ✅ 资产审计完成。当前净资产: 37152.11, 云端对齐已完成。
2026-03-10 11:53:13,115 - INFO - [cloudakpd.py:36] - ============================================================
2026-03-10 11:53:13,116 - INFO - [cloudakpd.py:37] - 📊 [DataCenter] 数据内核启动审计...
2026-03-10 11:53:13,118 - INFO - [cloudakpd.py:38] -    ▫️ 存储模式 : ☁️  云端 (PostgreSQL)
2026-03-10 11:53:13,118 - INFO - [cloudakpd.py:39] -    ▫️ 连接节点 : ep-noisy-dust-a1zv7w56-pooler.ap-southeast-1.aws.neon.tech/neondb
2026-03-10 11:53:17,066 - INFO - [cloudakpd.py:85] - 📂 字段审计完成，当前支持: amount, turnover_rate, open, is_closed, high, updated_at, name, symbol, low, latest_price, volume, trade_date
2026-03-10 11:53:17,068 - INFO - [cloudakpd.py:42] - ============================================================
2026-03-10 11:53:18,576 - INFO - [cloudakpd.py:204] - ---------------------------------------------
2026-03-10 11:53:18,577 - INFO - [cloudakpd.py:205] - 🔍 [审计] 读取成功: 2026-03-10
2026-03-10 11:53:18,578 - INFO - [cloudakpd.py:206] -    ▫️ 标的总数 : 5488 条
2026-03-10 11:53:18,578 - INFO - [cloudakpd.py:207] -    ▫️ 资金状态 : 盘中实时
2026-03-10 11:53:18,579 - INFO - [cloudakpd.py:208] -    ▫️ 存入时间 : 2026-03-10 10:59:17.536202
2026-03-10 11:53:18,584 - INFO - [cloudakpd.py:210] - 
symbol name  open  latest_price  high   low    volume     amount trade_date
920000 安徽凤凰 17.82         18.00 18.04 17.74  228823.0  4101240.0 2026-03-10
920001 纬达光电 19.45         19.75 20.38 19.20 4320332.0 85259551.0 2026-03-10
920002 万达轴承 91.00         95.60 95.99 90.56  701431.0 65177005.0 2026-03-10
2026-03-10 11:53:18,584 - INFO - [cloudakpd.py:211] - ---------------------------------------------
2026-03-10 11:53:18,587 - INFO - [universe.py:40] - ✅ [UniverseManager] 云端全量快照加载成功，当前监控 5488 只标的。
2026-03-10 11:53:18,589 - INFO - [ledger.py:172] - ✅ 账本同步完成：已根据云端快照补全所有持仓明细。
2026-03-10 17:15:31,921 - INFO - [cloudakpd.py:36] - ============================================================
2026-03-10 17:15:31,922 - INFO - [cloudakpd.py:37] - 📊 [DataCenter] 数据内核启动审计...
2026-03-10 17:15:31,922 - INFO - [cloudakpd.py:38] -    ▫️ 存储模式 : ☁️  云端 (PostgreSQL)
2026-03-10 17:15:31,923 - INFO - [cloudakpd.py:39] -    ▫️ 连接节点 : ep-noisy-dust-a1zv7w56-pooler.ap-southeast-1.aws.neon.tech/neondb
2026-03-10 17:15:35,328 - INFO - [cloudakpd.py:85] - 📂 字段审计完成，当前支持: amount, turnover_rate, is_closed, open, volume, high, low, trade_date, latest_price, updated_at, name, symbol
2026-03-10 17:15:35,329 - INFO - [cloudakpd.py:42] - ============================================================
2026-03-10 17:15:36,906 - INFO - [cloudakpd.py:204] - ---------------------------------------------
2026-03-10 17:15:36,908 - INFO - [cloudakpd.py:205] - 🔍 [审计] 读取成功: 2026-03-10
2026-03-10 17:15:36,909 - INFO - [cloudakpd.py:206] -    ▫️ 标的总数 : 5488 条
2026-03-10 17:15:36,909 - INFO - [cloudakpd.py:207] -    ▫️ 资金状态 : 盘中实时
2026-03-10 17:15:36,910 - INFO - [cloudakpd.py:208] -    ▫️ 存入时间 : 2026-03-10 15:06:43.259890
2026-03-10 17:15:36,915 - INFO - [cloudakpd.py:210] - 
symbol name  open  latest_price  high   low    volume      amount trade_date
920000 安徽凤凰 17.82         17.90 18.04 17.74  443054.0   7937533.0 2026-03-10
920001 纬达光电 19.45         19.79 20.38 19.20 7045916.0 138541218.0 2026-03-10
920002 万达轴承 91.00         94.18 96.50 90.56 1317879.0 123796912.0 2026-03-10
2026-03-10 17:15:36,916 - INFO - [cloudakpd.py:211] - ---------------------------------------------
2026-03-10 17:15:36,916 - INFO - [universe.py:40] - ✅ [UniverseManager] 云端全量快照加载成功，当前监控 5488 只标的。
2026-03-10 17:15:36,919 - INFO - [ledger.py:172] - ✅ 账本同步完成：已根据云端快照补全所有持仓明细。
