2026-03-11 14:35:53,575 - INFO - [cloudakpd.py:36] - ============================================================
2026-03-11 14:35:53,575 - INFO - [cloudakpd.py:37] - 📊 [DataCenter] 数据内核启动审计...
2026-03-11 14:35:53,575 - INFO - [cloudakpd.py:38] -    ▫️ 存储模式 : ☁️  云端 (PostgreSQL)
2026-03-11 14:35:53,575 - INFO - [cloudakpd.py:39] -    ▫️ 连接节点 : ep-noisy-dust-a1zv7w56-pooler.ap-southeast-1.aws.neon.tech/neondb
2026-03-11 14:35:56,131 - INFO - [cloudakpd.py:85] - 📂 字段审计完成，当前支持: amount, symbol, latest_price, updated_at, trade_date, name, low, high, volume, open, turnover_rate, is_closed
2026-03-11 14:35:56,131 - INFO - [cloudakpd.py:42] - ============================================================
2026-03-11 14:35:57,552 - INFO - [cloudakpd.py:204] - ---------------------------------------------
2026-03-11 14:35:57,552 - INFO - [cloudakpd.py:205] - 🔍 [审计] 读取成功: 2026-03-11
2026-03-11 14:35:57,553 - INFO - [cloudakpd.py:206] -    ▫️ 标的总数 : 5488 条
2026-03-11 14:35:57,553 - INFO - [cloudakpd.py:207] -    ▫️ 资金状态 : 盘中实时
2026-03-11 14:35:57,553 - INFO - [cloudakpd.py:208] -    ▫️ 存入时间 : 2026-03-11 14:35:12.528996
2026-03-11 14:35:57,557 - INFO - [cloudakpd.py:210] - 
symbol name  open  latest_price  high   low    volume      amount trade_date
920000 安徽凤凰 17.90         17.95 18.20 17.87  644915.0  11616104.0 2026-03-11
920001 纬达光电 19.55         19.73 21.27 19.27 8538097.0 172490036.0 2026-03-11
920002 万达轴承 93.56         93.09 94.50 92.91  650679.0  60941099.0 2026-03-11
2026-03-11 14:35:57,557 - INFO - [cloudakpd.py:211] - ---------------------------------------------
2026-03-11 14:35:57,557 - INFO - [universe.py:40] - ✅ [UniverseManager] 云端全量快照加载成功，当前监控 5488 只标的。
2026-03-11 14:35:57,558 - WARNING - [universe.py:71] - ⚠️ 股票池文件不存在: data/config/universe_pool.json
2026-03-11 14:35:57,559 - INFO - [universe.py:99] - ✅ 已手动新增股票: 600519(贵州茅台)
2026-03-11 14:35:57,561 - INFO - [universe.py:99] - ✅ 已手动新增股票: 000001(平安银行)
2026-03-11 14:35:57,562 - INFO - [universe.py:114] - 🗑️ 已从股票池中移除: 000001
